Archive member included to satisfy reference by file (symbol)

D:/Facultad/TD II/stm 32/STM32CubeIDE_1.18.1/STM32CubeIDE/plugins/com.st.stm32cube.ide.mcu.externaltools.gnu-tools-for-stm32.13.3.rel1.win32_1.0.0.202411081344/tools/bin/../lib/gcc/arm-none-eabi/13.3.1/../../../../arm-none-eabi/lib/thumb/v7e-m+fp/hard\libc_nano.a(libc_a-exit.o)
                              D:/Facultad/TD II/stm 32/STM32CubeIDE_1.18.1/STM32CubeIDE/plugins/com.st.stm32cube.ide.mcu.externaltools.gnu-tools-for-stm32.13.3.rel1.win32_1.0.0.202411081344/tools/bin/../lib/gcc/arm-none-eabi/13.3.1/../../../../arm-none-eabi/lib/thumb/v7e-m+fp/hard/crt0.o (exit)
D:/Facultad/TD II/stm 32/STM32CubeIDE_1.18.1/STM32CubeIDE/plugins/com.st.stm32cube.ide.mcu.externaltools.gnu-tools-for-stm32.13.3.rel1.win32_1.0.0.202411081344/tools/bin/../lib/gcc/arm-none-eabi/13.3.1/../../../../arm-none-eabi/lib/thumb/v7e-m+fp/hard\libc_nano.a(libc_a-findfp.o)
                              D:/Facultad/TD II/stm 32/STM32CubeIDE_1.18.1/STM32CubeIDE/plugins/com.st.stm32cube.ide.mcu.externaltools.gnu-tools-for-stm32.13.3.rel1.win32_1.0.0.202411081344/tools/bin/../lib/gcc/arm-none-eabi/13.3.1/../../../../arm-none-eabi/lib/thumb/v7e-m+fp/hard\libc_nano.a(libc_a-exit.o) (__stdio_exit_handler)
D:/Facultad/TD II/stm 32/STM32CubeIDE_1.18.1/STM32CubeIDE/plugins/com.st.stm32cube.ide.mcu.externaltools.gnu-tools-for-stm32.13.3.rel1.win32_1.0.0.202411081344/tools/bin/../lib/gcc/arm-none-eabi/13.3.1/../../../../arm-none-eabi/lib/thumb/v7e-m+fp/hard\libc_nano.a(libc_a-fwalk.o)
                              D:/Facultad/TD II/stm 32/STM32CubeIDE_1.18.1/STM32CubeIDE/plugins/com.st.stm32cube.ide.mcu.externaltools.gnu-tools-for-stm32.13.3.rel1.win32_1.0.0.202411081344/tools/bin/../lib/gcc/arm-none-eabi/13.3.1/../../../../arm-none-eabi/lib/thumb/v7e-m+fp/hard\libc_nano.a(libc_a-findfp.o) (_fwalk_sglue)
D:/Facultad/TD II/stm 32/STM32CubeIDE_1.18.1/STM32CubeIDE/plugins/com.st.stm32cube.ide.mcu.externaltools.gnu-tools-for-stm32.13.3.rel1.win32_1.0.0.202411081344/tools/bin/../lib/gcc/arm-none-eabi/13.3.1/../../../../arm-none-eabi/lib/thumb/v7e-m+fp/hard\libc_nano.a(libc_a-stdio.o)
                              D:/Facultad/TD II/stm 32/STM32CubeIDE_1.18.1/STM32CubeIDE/plugins/com.st.stm32cube.ide.mcu.externaltools.gnu-tools-for-stm32.13.3.rel1.win32_1.0.0.202411081344/tools/bin/../lib/gcc/arm-none-eabi/13.3.1/../../../../arm-none-eabi/lib/thumb/v7e-m+fp/hard\libc_nano.a(libc_a-findfp.o) (__sread)
D:/Facultad/TD II/stm 32/STM32CubeIDE_1.18.1/STM32CubeIDE/plugins/com.st.stm32cube.ide.mcu.externaltools.gnu-tools-for-stm32.13.3.rel1.win32_1.0.0.202411081344/tools/bin/../lib/gcc/arm-none-eabi/13.3.1/../../../../arm-none-eabi/lib/thumb/v7e-m+fp/hard\libc_nano.a(libc_a-memset.o)
                              D:/Facultad/TD II/stm 32/STM32CubeIDE_1.18.1/STM32CubeIDE/plugins/com.st.stm32cube.ide.mcu.externaltools.gnu-tools-for-stm32.13.3.rel1.win32_1.0.0.202411081344/tools/bin/../lib/gcc/arm-none-eabi/13.3.1/../../../../arm-none-eabi/lib/thumb/v7e-m+fp/hard/crt0.o (memset)
D:/Facultad/TD II/stm 32/STM32CubeIDE_1.18.1/STM32CubeIDE/plugins/com.st.stm32cube.ide.mcu.externaltools.gnu-tools-for-stm32.13.3.rel1.win32_1.0.0.202411081344/tools/bin/../lib/gcc/arm-none-eabi/13.3.1/../../../../arm-none-eabi/lib/thumb/v7e-m+fp/hard\libc_nano.a(libc_a-closer.o)
                              D:/Facultad/TD II/stm 32/STM32CubeIDE_1.18.1/STM32CubeIDE/plugins/com.st.stm32cube.ide.mcu.externaltools.gnu-tools-for-stm32.13.3.rel1.win32_1.0.0.202411081344/tools/bin/../lib/gcc/arm-none-eabi/13.3.1/../../../../arm-none-eabi/lib/thumb/v7e-m+fp/hard\libc_nano.a(libc_a-stdio.o) (_close_r)
D:/Facultad/TD II/stm 32/STM32CubeIDE_1.18.1/STM32CubeIDE/plugins/com.st.stm32cube.ide.mcu.externaltools.gnu-tools-for-stm32.13.3.rel1.win32_1.0.0.202411081344/tools/bin/../lib/gcc/arm-none-eabi/13.3.1/../../../../arm-none-eabi/lib/thumb/v7e-m+fp/hard\libc_nano.a(libc_a-reent.o)
                              D:/Facultad/TD II/stm 32/STM32CubeIDE_1.18.1/STM32CubeIDE/plugins/com.st.stm32cube.ide.mcu.externaltools.gnu-tools-for-stm32.13.3.rel1.win32_1.0.0.202411081344/tools/bin/../lib/gcc/arm-none-eabi/13.3.1/../../../../arm-none-eabi/lib/thumb/v7e-m+fp/hard\libc_nano.a(libc_a-closer.o) (errno)
D:/Facultad/TD II/stm 32/STM32CubeIDE_1.18.1/STM32CubeIDE/plugins/com.st.stm32cube.ide.mcu.externaltools.gnu-tools-for-stm32.13.3.rel1.win32_1.0.0.202411081344/tools/bin/../lib/gcc/arm-none-eabi/13.3.1/../../../../arm-none-eabi/lib/thumb/v7e-m+fp/hard\libc_nano.a(libc_a-impure.o)
                              D:/Facultad/TD II/stm 32/STM32CubeIDE_1.18.1/STM32CubeIDE/plugins/com.st.stm32cube.ide.mcu.externaltools.gnu-tools-for-stm32.13.3.rel1.win32_1.0.0.202411081344/tools/bin/../lib/gcc/arm-none-eabi/13.3.1/../../../../arm-none-eabi/lib/thumb/v7e-m+fp/hard\libc_nano.a(libc_a-reent.o) (_impure_ptr)
[...]
Memory Configuration

Name             Origin             Length             Attributes
CCMRAM           0x10000000         0x00010000         xrw
RAM              0x20000000         0x00030000         xrw
FLASH            0x08000000         0x00200000         xr
*default*        0x00000000         0xffffffff

Linker script and memory map

LOAD D:/Facultad/TD II/stm 32/STM32CubeIDE_1.18.1/STM32CubeIDE/plugins/com.st.stm32cube.ide.mcu.externaltools.gnu-tools-for-stm32.13.3.rel1.win32_1.0.0.202411081344/tools/bin/../lib/gcc/arm-none-eabi/13.3.1/thumb/v7e-m+fp/hard/crti.o
LOAD D:/Facultad/TD II/stm 32/STM32CubeIDE_1.18.1/STM32CubeIDE/plugins/com.st.stm32cube.ide.mcu.externaltools.gnu-tools-for-stm32.13.3.rel1.win32_1.0.0.202411081344/tools/bin/../lib/gcc/arm-none-eabi/13.3.1/thumb/v7e-m+fp/hard/crtbegin.o
LOAD D:/Facultad/TD II/stm 32/STM32CubeIDE_1.18.1/STM32CubeIDE/plugins/com.st.stm32cube.ide.mcu.externaltools.gnu-tools-for-stm32.13.3.rel1.win32_1.0.0.202411081344/tools/bin/../lib/gcc/arm-none-eabi/13.3.1/../../../../arm-none-eabi/lib/thumb/v7e-m+fp/hard/crt0.o
LOAD ./Core/Src/main.o
LOAD ./Core/Src/stm32f4xx_hal_msp.o
LOAD ./Core/Src/stm32f4xx_it.o
LOAD ./Core/Src/syscalls.o
LOAD ./Core/Src/sysmem.o
LOAD ./Core/Src/system_stm32f4xx.o
LOAD ./Core/Startup/startup_stm32f429zitx.o
LOAD ./Drivers/STM32F4xx_HAL_Driver/Src/stm32f4xx_hal.o
LOAD ./Drivers/STM32F4xx_HAL_Driver/Src/stm32f4xx_hal_cortex.o
LOAD ./Drivers/STM32F4xx_HAL_Driver/Src/stm32f4xx_hal_dma.o
LOAD ./Drivers/STM32F4xx_HAL_Driver/Src/stm32f4xx_hal_dma_ex.o
LOAD ./Drivers/STM32F4xx_HAL_Driver/Src/stm32f4xx_hal_eth.o
LOAD ./Drivers/STM32F4xx_HAL_Driver/Src/stm32f4xx_hal_exti.o
LOAD ./Drivers/STM32F4xx_HAL_Driver/Src/stm32f4xx_hal_flash.o
LOAD ./Drivers/STM32F4xx_HAL_Driver/Src/stm32f4xx_hal_flash_ex.o
LOAD ./Drivers/STM32F4xx_HAL_Driver/Src/stm32f4xx_hal_flash_ramfunc.o
LOAD ./Drivers/STM32F4xx_HAL_Driver/Src/stm32f4xx_hal_gpio.o
LOAD ./Drivers/STM32F4xx_HAL_Driver/Src/stm32f4xx_hal_pcd.o
LOAD ./Drivers/STM32F4xx_HAL_Driver/Src/stm32f4xx_hal_pcd_ex.o
LOAD ./Drivers/STM32F4xx_HAL_Driver/Src/stm32f4xx_hal_pwr.o
LOAD ./Drivers/STM32F4xx_HAL_Driver/Src/stm32f4xx_hal_pwr_ex.o
LOAD ./Drivers/STM32F4xx_HAL_Driver/Src/stm32f4xx_hal_rcc.o
LOAD ./Drivers/STM32F4xx_HAL_Driver/Src/stm32f4xx_hal_rcc_ex.o
LOAD ./Drivers/STM32F4xx_HAL_Driver/Src/stm32f4xx_hal_uart.o
LOAD ./Drivers/STM32F4xx_HAL_Driver/Src/stm32f4xx_ll_usb.o
START GROUP
LOAD D:/Facultad/TD II/stm 32/STM32CubeIDE_1.18.1/STM32CubeIDE/plugins/com.st.stm32cube.ide.mcu.externaltools.gnu-tools-for-stm32.13.3.rel1.win32_1.0.0.202411081344/tools/bin/../lib/gcc/arm-none-eabi/13.3.1/../../../../arm-none-eabi/lib/thumb/v7e-m+fp/hard\libc_nano.a
LOAD D:/Facultad/TD II/stm 32/STM32CubeIDE_1.18.1/STM32CubeIDE/plugins/com.st.stm32cube.ide.mcu.externaltools.gnu-tools-for-stm32.13.3.rel1.win32_1.0.0.202411081344/tools/bin/../lib/gcc/arm-none-eabi/13.3.1/../../../../arm-none-eabi/lib/thumb/v7e-m+fp/hard\libm.a
END GROUP
START GROUP
LOAD D:/Facultad/TD II/stm 32/STM32CubeIDE_1.18.1/STM32CubeIDE/plugins/com.st.stm32cube.ide.mcu.externaltools.gnu-tools-for-stm32.13.3.rel1.win32_1.0.0.202411081344/tools/bin/../lib/gcc/arm-none-eabi/13.3.1/thumb/v7e-m+fp/hard\libgcc.a
LOAD D:/Facultad/TD II/stm 32/STM32CubeIDE_1.18.1/STM32CubeIDE/plugins/com.st.stm32cube.ide.mcu.externaltools.gnu-tools-for-stm32.13.3.rel1.win32_1.0.0.202411081344/tools/bin/../lib/gcc/arm-none-eabi/13.3.1/../../../../arm-none-eabi/lib/thumb/v7e-m+fp/hard\libc_nano.a
END GROUP
START GROUP
LOAD D:/Facultad/TD II/stm 32/STM32CubeIDE_1.18.1/STM32CubeIDE/plugins/com.st.stm32cube.ide.mcu.externaltools.gnu-tools-for-stm32.13.3.rel1.win32_1.0.0.202411081344/tools/bin/../lib/gcc/arm-none-eabi/13.3.1/thumb/v7e-m+fp/hard\libgcc.a
LOAD D:/Facultad/TD II/stm 32/STM32CubeIDE_1.18.1/STM32CubeIDE/plugins/com.st.stm32cube.ide.mcu.externaltools.gnu-tools-for-stm32.13.3.rel1.win32_1.0.0.202411081344/tools/bin/../lib/gcc/arm-none-eabi/13.3.1/../../../../arm-none-eabi/lib/thumb/v7e-m+fp/hard\libc_nano.a
LOAD D:/Facultad/TD II/stm 32/STM32CubeIDE_1.18.1/STM32CubeIDE/plugins/com.st.stm32cube.ide.mcu.externaltools.gnu-tools-for-stm32.13.3.rel1.win32_1.0.0.202411081344/tools/bin/../lib/gcc/arm-none-eabi/13.3.1/../../../../arm-none-eabi/lib/thumb/v7e-m+fp/hard\libnosys.a
END GROUP
START GROUP
LOAD D:/Facultad/TD II/stm 32/STM32CubeIDE_1.18.1/STM32CubeIDE/plugins/com.st.stm32cube.ide.mcu.externaltools.gnu-tools-for-stm32.13.3.rel1.win32_1.0.0.202411081344/tools/bin/../lib/gcc/arm-none-eabi/13.3.1/thumb/v7e-m+fp/hard\libgcc.a
LOAD D:/Facultad/TD II/stm 32/STM32CubeIDE_1.18.1/STM32CubeIDE/plugins/com.st.stm32cube.ide.mcu.externaltools.gnu-tools-for-stm32.13.3.rel1.win32_1.0.0.202411081344/tools/bin/../lib/gcc/arm-none-eabi/13.3.1/../../../../arm-none-eabi/lib/thumb/v7e-m+fp/hard\libc_nano.a
LOAD D:/Facultad/TD II/stm 32/STM32CubeIDE_1.18.1/STM32CubeIDE/plugins/com.st.stm32cube.ide.mcu.externaltools.gnu-tools-for-stm32.13.3.rel1.win32_1.0.0.202411081344/tools/bin/../lib/gcc/arm-none-eabi/13.3.1/../../../../arm-none-eabi/lib/thumb/v7e-m+fp/hard\libnosys.a
END GROUP
LOAD D:/Facultad/TD II/stm 32/STM32CubeIDE_1.18.1/STM32CubeIDE/plugins/com.st.stm32cube.ide.mcu.externaltools.gnu-tools-for-stm32.13.3.rel1.win32_1.0.0.202411081344/tools/bin/../lib/gcc/arm-none-eabi/13.3.1/thumb/v7e-m+fp/hard/crtend.o
LOAD D:/Facultad/TD II/stm 32/STM32CubeIDE_1.18.1/STM32CubeIDE/plugins/com.st.stm32cube.ide.mcu.externaltools.gnu-tools-for-stm32.13.3.rel1.win32_1.0.0.202411081344/tools/bin/../lib/gcc/arm-none-eabi/13.3.1/thumb/v7e-m+fp/hard/crtn.o
                0x20030000                        _estack = (ORIGIN (RAM) + LENGTH (RAM))
                0x00000200                        _Min_Heap_Size = 0x200
                0x00000400                        _Min_Stack_Size = 0x400

.isr_vector     0x08000000      0x1ac
                0x08000000                        . = ALIGN (0x4)
 *(.isr_vector)
 .isr_vector    0x08000000      0x1ac ./Core/Startup/startup_stm32f429zitx.o
                0x08000000                g_pfnVectors
                0x080001ac                        . = ALIGN (0x4)

.text           0x080001ac     0x2f54
                0x080001ac                        . = ALIGN (0x4)
 *(.text)
 .text          0x080001ac       0x40 D:/Facultad/TD II/stm 32/STM32CubeIDE_1.18.1/STM32CubeIDE/plugins/com.st.stm32cube.ide.mcu.externaltools.gnu-tools-for-stm32.13.3.rel1.win32_1.0.0.202411081344/tools/bin/../lib/gcc/arm-none-eabi/13.3.1/thumb/v7e-m+fp/hard/crtbegin.o
 .text          0x080001ec       0x30 D:/Facultad/TD II/stm 32/STM32CubeIDE_1.18.1/STM32CubeIDE/plugins/com.st.stm32cube.ide.mcu.externaltools.gnu-tools-for-stm32.13.3.rel1.win32_1.0.0.202411081344/tools/bin/../lib/gcc/arm-none-eabi/13.3.1/thumb/v7e-m+fp/hard\libgcc.a(_aeabi_uldivmod.o)
                0x080001ec                __aeabi_uldivmod
 .text          0x0800021c      0x2f8 D:/Facultad/TD II/stm 32/STM32CubeIDE_1.18.1/STM32CubeIDE/plugins/com.st.stm32cube.ide.mcu.externaltools.gnu-tools-for-stm32.13.3.rel1.win32_1.0.0.202411081344/tools/bin/../lib/gcc/arm-none-eabi/13.3.1/thumb/v7e-m+fp/hard\libgcc.a(_udivmoddi4.o)
                0x0800021c                __udivmoddi4
 .text          0x08000514        0x4 D:/Facultad/TD II/stm 32/STM32CubeIDE_1.18.1/STM32CubeIDE/plugins/com.st.stm32cube.ide.mcu.externaltools.gnu-tools-for-stm32.13.3.rel1.win32_1.0.0.202411081344/tools/bin/../lib/gcc/arm-none-eabi/13.3.1/thumb/v7e-m+fp/hard\libgcc.a(_dvmd_tls.o)
                0x08000514                __aeabi_idiv0
                0x08000514                __aeabi_ldiv0
 *(.text*)
 .text.main     0x08000518      0x120 ./Core/Src/main.o
                0x08000518                main
 .text.SystemClock_Config
                0x08000638       0xd4 ./Core/Src/main.o
                0x08000638                SystemClock_Config
 .text.MX_ETH_Init
                0x0800070c       0x9c ./Core/Src/main.o
                0x0800070c                MX_ETH_Init
 .text.MX_USART3_UART_Init
                0x080007a8       0x54 ./Core/Src/main.o
                0x080007a8                MX_USART3_UART_Init
 .text.MX_USB_OTG_FS_PCD_Init
                0x080007fc       0x5c ./Core/Src/main.o
                0x080007fc                MX_USB_OTG_FS_PCD_Init
 .text.Error_Handler
                0x08000858        0xc ./Core/Src/main.o
                0x08000858                Error_Handler
 .text.HAL_MspInit
                0x08000864       0x50 ./Core/Src/stm32f4xx_hal_msp.o
                0x08000864                HAL_MspInit
 .text.HAL_ETH_MspInit
                0x080008b4      0x18c ./Core/Src/stm32f4xx_hal_msp.o
                0x080008b4                HAL_ETH_MspInit
 .text.HAL_UART_MspInit
                0x08000a40       0x90 ./Core/Src/stm32f4xx_hal_msp.o
                0x08000a40                HAL_UART_MspInit
 .text.HAL_PCD_MspInit
                0x08000ad0       0xb4 ./Core/Src/stm32f4xx_hal_msp.o
                0x08000ad0                HAL_PCD_MspInit
 .text.NMI_Handler
                0x08000b84        0x8 ./Core/Src/stm32f4xx_it.o
                0x08000b84                NMI_Handler
 .text.HardFault_Handler
                0x08000b8c        0x8 ./Core/Src/stm32f4xx_it.o
                0x08000b8c                HardFault_Handler
 .text.MemManage_Handler
                0x08000b94        0x8 ./Core/Src/stm32f4xx_it.o
                0x08000b94                MemManage_Handler
 .text.BusFault_Handler
                0x08000b9c        0x8 ./Core/Src/stm32f4xx_it.o
                0x08000b9c                BusFault_Handler
 .text.UsageFault_Handler
                0x08000ba4        0x8 ./Core/Src/stm32f4xx_it.o
                0x08000ba4                UsageFault_Handler
 .text.SVC_Handler
                0x08000bac        0xe ./Core/Src/stm32f4xx_it.o
                0x08000bac                SVC_Handler
 .text.DebugMon_Handler
                0x08000bba        0xe ./Core/Src/stm32f4xx_it.o
                0x08000bba                DebugMon_Handler
 .text.PendSV_Handler
                0x08000bc8        0xe ./Core/Src/stm32f4xx_it.o
                0x08000bc8                PendSV_Handler
 .text.SysTick_Handler
                0x08000bd6        0xc ./Core/Src/stm32f4xx_it.o
                0x08000bd6                SysTick_Handler
 *fill*         0x08000be2        0x2 
 .text.SystemInit
                0x08000be4       0x24 ./Core/Src/system_stm32f4xx.o
                0x08000be4                SystemInit
 .text.Reset_Handler
                0x08000c08       0x50 ./Core/Startup/startup_stm32f429zitx.o
                0x08000c08                Reset_Handler
 .text.Default_Handler
                0x08000c58        0x2 ./Core/Startup/startup_stm32f429zitx.o
                0x08000c58                RTC_Alarm_IRQHandler
                0x08000c58                HASH_RNG_IRQHandler
                0x08000c58                EXTI2_IRQHandler
                0x08000c58                TIM8_CC_IRQHandler
                0x08000c58                UART8_IRQHandler
                0x08000c58                SPI4_IRQHandler
                0x08000c58                TIM1_CC_IRQHandler
                0x08000c58                DMA2_Stream5_IRQHandler
                0x08000c58                DMA1_Stream5_IRQHandler
                0x08000c58                PVD_IRQHandler
                0x08000c58                SDIO_IRQHandler
                0x08000c58                TAMP_STAMP_IRQHandler
                0x08000c58                CAN2_RX1_IRQHandler
                0x08000c58                EXTI3_IRQHandler
                0x08000c58                TIM8_TRG_COM_TIM14_IRQHandler
                0x08000c58                TIM1_UP_TIM10_IRQHandler
                0x08000c58                TIM8_UP_TIM13_IRQHandler
                0x08000c58                I2C3_ER_IRQHandler
                0x08000c58                EXTI0_IRQHandler
                0x08000c58                I2C2_EV_IRQHandler
                0x08000c58                DMA1_Stream2_IRQHandler
                0x08000c58                CAN1_RX0_IRQHandler
                0x08000c58                FPU_IRQHandler
                0x08000c58                OTG_HS_WKUP_IRQHandler
                0x08000c58                LTDC_ER_IRQHandler
                0x08000c58                CAN2_SCE_IRQHandler
                0x08000c58                DMA2_Stream2_IRQHandler
                0x08000c58                SPI1_IRQHandler
                0x08000c58                TIM6_DAC_IRQHandler
                0x08000c58                TIM1_BRK_TIM9_IRQHandler
                0x08000c58                DCMI_IRQHandler
                0x08000c58                CAN2_RX0_IRQHandler
                0x08000c58                DMA2_Stream3_IRQHandler
                0x08000c58                USART6_IRQHandler
                0x08000c58                USART3_IRQHandler
                0x08000c58                CAN1_RX1_IRQHandler
                0x08000c58                UART5_IRQHandler
                0x08000c58                DMA2_Stream0_IRQHandler
                0x08000c58                TIM4_IRQHandler
                0x08000c58                I2C1_EV_IRQHandler
                0x08000c58                DMA1_Stream6_IRQHandler
                0x08000c58                DMA1_Stream1_IRQHandler
                0x08000c58                UART4_IRQHandler
                0x08000c58                TIM3_IRQHandler
                0x08000c58                RCC_IRQHandler
                0x08000c58                TIM8_BRK_TIM12_IRQHandler
                0x08000c58                Default_Handler
                0x08000c58                EXTI15_10_IRQHandler
                0x08000c58                ADC_IRQHandler
                0x08000c58                DMA1_Stream7_IRQHandler
                0x08000c58                SPI5_IRQHandler
                0x08000c58                TIM7_IRQHandler
                0x08000c58                CAN2_TX_IRQHandler
                0x08000c58                TIM5_IRQHandler
                0x08000c58                DMA2_Stream7_IRQHandler
                0x08000c58                I2C3_EV_IRQHandler
                0x08000c58                EXTI9_5_IRQHandler
                0x08000c58                RTC_WKUP_IRQHandler
                0x08000c58                LTDC_IRQHandler
                0x08000c58                ETH_WKUP_IRQHandler
                0x08000c58                SPI2_IRQHandler
                0x08000c58                OTG_HS_EP1_IN_IRQHandler
                0x08000c58                DMA1_Stream0_IRQHandler
                0x08000c58                CAN1_TX_IRQHandler
                0x08000c58                EXTI4_IRQHandler
                0x08000c58                ETH_IRQHandler
                0x08000c58                OTG_HS_EP1_OUT_IRQHandler
                0x08000c58                WWDG_IRQHandler
                0x08000c58                SPI6_IRQHandler
                0x08000c58                TIM2_IRQHandler
                0x08000c58                OTG_FS_WKUP_IRQHandler
                0x08000c58                TIM1_TRG_COM_TIM11_IRQHandler
                0x08000c58                OTG_HS_IRQHandler
                0x08000c58                DMA2D_IRQHandler
                0x08000c58                EXTI1_IRQHandler
                0x08000c58                UART7_IRQHandler
                0x08000c58                USART2_IRQHandler
                0x08000c58                I2C2_ER_IRQHandler
                0x08000c58                DMA2_Stream1_IRQHandler
                0x08000c58                CAN1_SCE_IRQHandler
                0x08000c58                FLASH_IRQHandler
                0x08000c58                DMA2_Stream4_IRQHandler
                0x08000c58                USART1_IRQHandler
                0x08000c58                OTG_FS_IRQHandler
                0x08000c58                SPI3_IRQHandler
                0x08000c58                DMA1_Stream4_IRQHandler
                0x08000c58                I2C1_ER_IRQHandler
                0x08000c58                FMC_IRQHandler
                0x08000c58                DMA2_Stream6_IRQHandler
                0x08000c58                SAI1_IRQHandler
                0x08000c58                DMA1_Stream3_IRQHandler
 *fill*         0x08000c5a        0x2 
 .text.HAL_Init
                0x08000c5c       0x44 ./Drivers/STM32F4xx_HAL_Driver/Src/stm32f4xx_hal.o
                0x08000c5c                HAL_Init
 .text.HAL_InitTick
                0x08000ca0       0x60 ./Drivers/STM32F4xx_HAL_Driver/Src/stm32f4xx_hal.o
                0x08000ca0                HAL_InitTick
 .text.HAL_IncTick
                0x08000d00       0x28 ./Drivers/STM32F4xx_HAL_Driver/Src/stm32f4xx_hal.o
                0x08000d00                HAL_IncTick
 .text.HAL_GetTick
                0x08000d28       0x18 ./Drivers/STM32F4xx_HAL_Driver/Src/stm32f4xx_hal.o
                0x08000d28                HAL_GetTick
 .text.HAL_Delay
                0x08000d40       0x48 ./Drivers/STM32F4xx_HAL_Driver/Src/stm32f4xx_hal.o
                0x08000d40                HAL_Delay
 .text.__NVIC_SetPriorityGrouping
                0x08000d88       0x48 ./Drivers/STM32F4xx_HAL_Driver/Src/stm32f4xx_hal_cortex.o
 .text.__NVIC_GetPriorityGrouping
                0x08000dd0       0x1c ./Drivers/STM32F4xx_HAL_Driver/Src/stm32f4xx_hal_cortex.o
 .text.__NVIC_SetPriority
                0x08000dec       0x54 ./Drivers/STM32F4xx_HAL_Driver/Src/stm32f4xx_hal_cortex.o
 .text.NVIC_EncodePriority
                0x08000e40       0x66 ./Drivers/STM32F4xx_HAL_Driver/Src/stm32f4xx_hal_cortex.o
 *fill*         0x08000ea6        0x2 
 .text.SysTick_Config
                0x08000ea8       0x44 ./Drivers/STM32F4xx_HAL_Driver/Src/stm32f4xx_hal_cortex.o
 .text.HAL_NVIC_SetPriorityGrouping
                0x08000eec       0x16 ./Drivers/STM32F4xx_HAL_Driver/Src/stm32f4xx_hal_cortex.o
                0x08000eec                HAL_NVIC_SetPriorityGrouping
 .text.HAL_NVIC_SetPriority
                0x08000f02       0x38 ./Drivers/STM32F4xx_HAL_Driver/Src/stm32f4xx_hal_cortex.o
                0x08000f02                HAL_NVIC_SetPriority
 .text.HAL_SYSTICK_Config
                0x08000f3a       0x18 ./Drivers/STM32F4xx_HAL_Driver/Src/stm32f4xx_hal_cortex.o
                0x08000f3a                HAL_SYSTICK_Config
 *fill*         0x08000f52        0x2 
 .text.HAL_ETH_Init
                0x08000f54      0x138 ./Drivers/STM32F4xx_HAL_Driver/Src/stm32f4xx_hal_eth.o
                0x08000f54                HAL_ETH_Init
 .text.ETH_SetMACConfig
                0x0800108c      0x168 ./Drivers/STM32F4xx_HAL_Driver/Src/stm32f4xx_hal_eth.o
 .text.ETH_SetDMAConfig
                0x080011f4      0x114 ./Drivers/STM32F4xx_HAL_Driver/Src/stm32f4xx_hal_eth.o
 .text.ETH_MACDMAConfig
                0x08001308       0xea ./Drivers/STM32F4xx_HAL_Driver/Src/stm32f4xx_hal_eth.o
 *fill*         0x080013f2        0x2 
 .text.ETH_MACAddressConfig
                0x080013f4       0x70 ./Drivers/STM32F4xx_HAL_Driver/Src/stm32f4xx_hal_eth.o
 .text.ETH_DMATxDescListInit
                0x08001464       0xb2 ./Drivers/STM32F4xx_HAL_Driver/Src/stm32f4xx_hal_eth.o
 .text.ETH_DMARxDescListInit
                0x08001516       0xde ./Drivers/STM32F4xx_HAL_Driver/Src/stm32f4xx_hal_eth.o
 .text.HAL_GPIO_Init
                0x080015f4      0x358 ./Drivers/STM32F4xx_HAL_Driver/Src/stm32f4xx_hal_gpio.o
                0x080015f4                HAL_GPIO_Init
 .text.HAL_GPIO_ReadPin
                0x0800194c       0x30 ./Drivers/STM32F4xx_HAL_Driver/Src/stm32f4xx_hal_gpio.o
                0x0800194c                HAL_GPIO_ReadPin
 .text.HAL_GPIO_WritePin
                0x0800197c       0x32 ./Drivers/STM32F4xx_HAL_Driver/Src/stm32f4xx_hal_gpio.o
                0x0800197c                HAL_GPIO_WritePin
 .text.HAL_PCD_Init
                0x080019ae      0x21e ./Drivers/STM32F4xx_HAL_Driver/Src/stm32f4xx_hal_pcd.o
                0x080019ae                HAL_PCD_Init
 .text.HAL_RCC_OscConfig
                0x08001bcc      0x4f0 ./Drivers/STM32F4xx_HAL_Driver/Src/stm32f4xx_hal_rcc.o
                0x08001bcc                HAL_RCC_OscConfig
 .text.HAL_RCC_ClockConfig
                0x080020bc      0x1cc ./Drivers/STM32F4xx_HAL_Driver/Src/stm32f4xx_hal_rcc.o
                0x080020bc                HAL_RCC_ClockConfig
 .text.HAL_RCC_GetSysClockFreq
                0x08002288      0x20c ./Drivers/STM32F4xx_HAL_Driver/Src/stm32f4xx_hal_rcc.o
                0x08002288                HAL_RCC_GetSysClockFreq
 .text.HAL_RCC_GetHCLKFreq
                0x08002494       0x18 ./Drivers/STM32F4xx_HAL_Driver/Src/stm32f4xx_hal_rcc.o
                0x08002494                HAL_RCC_GetHCLKFreq
 .text.HAL_RCC_GetPCLK1Freq
                0x080024ac       0x28 ./Drivers/STM32F4xx_HAL_Driver/Src/stm32f4xx_hal_rcc.o
                0x080024ac                HAL_RCC_GetPCLK1Freq
 .text.HAL_RCC_GetPCLK2Freq
                0x080024d4       0x28 ./Drivers/STM32F4xx_HAL_Driver/Src/stm32f4xx_hal_rcc.o
                0x080024d4                HAL_RCC_GetPCLK2Freq
 .text.HAL_UART_Init
                0x080024fc       0xa0 ./Drivers/STM32F4xx_HAL_Driver/Src/stm32f4xx_hal_uart.o
                0x080024fc                HAL_UART_Init
 .text.UART_SetConfig
                0x0800259c      0x4e8 ./Drivers/STM32F4xx_HAL_Driver/Src/stm32f4xx_hal_uart.o
 .text.USB_CoreInit
                0x08002a84       0xc8 ./Drivers/STM32F4xx_HAL_Driver/Src/stm32f4xx_ll_usb.o
                0x08002a84                USB_CoreInit
 .text.USB_DisableGlobalInt
                0x08002b4c       0x22 ./Drivers/STM32F4xx_HAL_Driver/Src/stm32f4xx_ll_usb.o
                0x08002b4c                USB_DisableGlobalInt
 .text.USB_SetCurrentMode
                0x08002b6e       0x98 ./Drivers/STM32F4xx_HAL_Driver/Src/stm32f4xx_ll_usb.o
                0x08002b6e                USB_SetCurrentMode
 *fill*         0x08002c06        0x2 
 .text.USB_DevInit
                0x08002c08      0x2c8 ./Drivers/STM32F4xx_HAL_Driver/Src/stm32f4xx_ll_usb.o
                0x08002c08                USB_DevInit
 .text.USB_FlushTxFifo
                0x08002ed0       0x64 ./Drivers/STM32F4xx_HAL_Driver/Src/stm32f4xx_ll_usb.o
                0x08002ed0                USB_FlushTxFifo
 .text.USB_FlushRxFifo
                0x08002f34       0x5c ./Drivers/STM32F4xx_HAL_Driver/Src/stm32f4xx_ll_usb.o
                0x08002f34                USB_FlushRxFifo
 .text.USB_SetDevSpeed
                0x08002f90       0x32 ./Drivers/STM32F4xx_HAL_Driver/Src/stm32f4xx_ll_usb.o
                0x08002f90                USB_SetDevSpeed
 .text.USB_DevDisconnect
                0x08002fc2       0x42 ./Drivers/STM32F4xx_HAL_Driver/Src/stm32f4xx_ll_usb.o
                0x08002fc2                USB_DevDisconnect
 .text.USB_GetMode
                0x08003004       0x1c ./Drivers/STM32F4xx_HAL_Driver/Src/stm32f4xx_ll_usb.o
                0x08003004                USB_GetMode
 .text.USB_CoreReset
                0x08003020       0x70 ./Drivers/STM32F4xx_HAL_Driver/Src/stm32f4xx_ll_usb.o
 .text.memset   0x08003090       0x10 D:/Facultad/TD II/stm 32/STM32CubeIDE_1.18.1/STM32CubeIDE/plugins/com.st.stm32cube.ide.mcu.externaltools.gnu-tools-for-stm32.13.3.rel1.win32_1.0.0.202411081344/tools/bin/../lib/gcc/arm-none-eabi/13.3.1/../../../../arm-none-eabi/lib/thumb/v7e-m+fp/hard\libc_nano.a(libc_a-memset.o)
                0x08003090                memset
 .text.__libc_init_array
                0x080030a0       0x48 D:/Facultad/TD II/stm 32/STM32CubeIDE_1.18.1/STM32CubeIDE/plugins/com.st.stm32cube.ide.mcu.externaltools.gnu-tools-for-stm32.13.3.rel1.win32_1.0.0.202411081344/tools/bin/../lib/gcc/arm-none-eabi/13.3.1/../../../../arm-none-eabi/lib/thumb/v7e-m+fp/hard\libc_nano.a(libc_a-init.o)
                0x080030a0                __libc_init_array
 *(.glue_7)
 .glue_7        0x080030e8        0x0 linker stubs
 *(.glue_7t)
 .glue_7t       0x080030e8        0x0 linker stubs
 *(.eh_frame)
 .eh_frame      0x080030e8        0x0 D:/Facultad/TD II/stm 32/STM32CubeIDE_1.18.1/STM32CubeIDE/plugins/com.st.stm32cube.ide.mcu.externaltools.gnu-tools-for-stm32.13.3.rel1.win32_1.0.0.202411081344/tools/bin/../lib/gcc/arm-none-eabi/13.3.1/thumb/v7e-m+fp/hard/crtbegin.o
 *(.init)
 .init          0x080030e8        0x4 D:/Facultad/TD II/stm 32/STM32CubeIDE_1.18.1/STM32CubeIDE/plugins/com.st.stm32cube.ide.mcu.externaltools.gnu-tools-for-stm32.13.3.rel1.win32_1.0.0.202411081344/tools/bin/../lib/gcc/arm-none-eabi/13.3.1/thumb/v7e-m+fp/hard/crti.o
                0x080030e8                _init
 .init          0x080030ec        0x8 D:/Facultad/TD II/stm 32/STM32CubeIDE_1.18.1/STM32CubeIDE/plugins/com.st.stm32cube.ide.mcu.externaltools.gnu-tools-for-stm32.13.3.rel1.win32_1.0.0.202411081344/tools/bin/../lib/gcc/arm-none-eabi/13.3.1/thumb/v7e-m+fp/hard/crtn.o
 *(.fini)
 .fini          0x080030f4        0x4 D:/Facultad/TD II/stm 32/STM32CubeIDE_1.18.1/STM32CubeIDE/plugins/com.st.stm32cube.ide.mcu.externaltools.gnu-tools-for-stm32.13.3.rel1.win32_1.0.0.202411081344/tools/bin/../lib/gcc/arm-none-eabi/13.3.1/thumb/v7e-m+fp/hard/crti.o
                0x080030f4                _fini
 .fini          0x080030f8        0x8 D:/Facultad/TD II/stm 32/STM32CubeIDE_1.18.1/STM32CubeIDE/plugins/com.st.stm32cube.ide.mcu.externaltools.gnu-tools-for-stm32.13.3.rel1.win32_1.0.0.202411081344/tools/bin/../lib/gcc/arm-none-eabi/13.3.1/thumb/v7e-m+fp/hard/crtn.o
                0x08003100                        . = ALIGN (0x4)
                0x08003100                        _etext = .

.vfp11_veneer   0x08003100        0x0
 .vfp11_veneer  0x08003100        0x0 linker stubs

.v4_bx          0x08003100        0x0
 .v4_bx         0x08003100        0x0 linker stubs

.iplt           0x08003100        0x0
 .iplt          0x08003100        0x0 D:/Facultad/TD II/stm 32/STM32CubeIDE_1.18.1/STM32CubeIDE/plugins/com.st.stm32cube.ide.mcu.externaltools.gnu-tools-for-stm32.13.3.rel1.win32_1.0.0.202411081344/tools/bin/../lib/gcc/arm-none-eabi/13.3.1/thumb/v7e-m+fp/hard/crtbegin.o

.rodata         0x08003100       0x18
                0x08003100                        . = ALIGN (0x4)
 *(.rodata)
 *(.rodata*)
 .rodata.AHBPrescTable
                0x08003100       0x10 ./Core/Src/system_stm32f4xx.o
                0x08003100                AHBPrescTable
 .rodata.APBPrescTable
                0x08003110        0x8 ./Core/Src/system_stm32f4xx.o
                0x08003110                APBPrescTable
                0x08003118                        . = ALIGN (0x4)

.ARM.extab      0x08003118        0x0
                0x08003118                        . = ALIGN (0x4)
 *(.ARM.extab* .gnu.linkonce.armextab.*)
                0x08003118                        . = ALIGN (0x4)

.ARM            0x08003118        0x8
                0x08003118                        . = ALIGN (0x4)
                0x08003118                        __exidx_start = .
 *(.ARM.exidx*)
 .ARM.exidx     0x08003118        0x8 D:/Facultad/TD II/stm 32/STM32CubeIDE_1.18.1/STM32CubeIDE/plugins/com.st.stm32cube.ide.mcu.externaltools.gnu-tools-for-stm32.13.3.rel1.win32_1.0.0.202411081344/tools/bin/../lib/gcc/arm-none-eabi/13.3.1/thumb/v7e-m+fp/hard\libgcc.a(_udivmoddi4.o)
                0x08003120                        __exidx_end = .
                0x08003120                        . = ALIGN (0x4)

.preinit_array  0x08003120        0x0
                0x08003120                        . = ALIGN (0x4)
                0x08003120                        PROVIDE (__preinit_array_start = .)
 *(.preinit_array*)
                0x08003120                        PROVIDE (__preinit_array_end = .)
                0x08003120                        . = ALIGN (0x4)

.init_array     0x08003120        0x4
                0x08003120                        . = ALIGN (0x4)
                0x08003120                        PROVIDE (__init_array_start = .)
 *(SORT_BY_NAME(.init_array.*))
 *(.init_array*)
 .init_array    0x08003120        0x4 D:/Facultad/TD II/stm 32/STM32CubeIDE_1.18.1/STM32CubeIDE/plugins/com.st.stm32cube.ide.mcu.externaltools.gnu-tools-for-stm32.13.3.rel1.win32_1.0.0.202411081344/tools/bin/../lib/gcc/arm-none-eabi/13.3.1/thumb/v7e-m+fp/hard/crtbegin.o
                0x08003124                        PROVIDE (__init_array_end = .)
                0x08003124                        . = ALIGN (0x4)

.fini_array     0x08003124        0x4
                0x08003124                        . = ALIGN (0x4)
                [!provide]                        PROVIDE (__fini_array_start = .)
 *(SORT_BY_NAME(.fini_array.*))
 *(.fini_array*)
 .fini_array    0x08003124        0x4 D:/Facultad/TD II/stm 32/STM32CubeIDE_1.18.1/STM32CubeIDE/plugins/com.st.stm32cube.ide.mcu.externaltools.gnu-tools-for-stm32.13.3.rel1.win32_1.0.0.202411081344/tools/bin/../lib/gcc/arm-none-eabi/13.3.1/thumb/v7e-m+fp/hard/crtbegin.o
                [!provide]                        PROVIDE (__fini_array_end = .)
                0x08003128                        . = ALIGN (0x4)
                0x08003128                        _sidata = LOADADDR (.data)

.rel.dyn        0x08003128        0x0
 .rel.iplt      0x08003128        0x0 D:/Facultad/TD II/stm 32/STM32CubeIDE_1.18.1/STM32CubeIDE/plugins/com.st.stm32cube.ide.mcu.externaltools.gnu-tools-for-stm32.13.3.rel1.win32_1.0.0.202411081344/tools/bin/../lib/gcc/arm-none-eabi/13.3.1/thumb/v7e-m+fp/hard/crtbegin.o

.data           0x20000000        0xc load address 0x08003128
                0x20000000                        . = ALIGN (0x4)
                0x20000000                        _sdata = .
 *(.data)
 *(.data*)
 .data.SystemCoreClock
                0x20000000        0x4 ./Core/Src/system_stm32f4xx.o
                0x20000000                SystemCoreClock
 .data.uwTickPrio
                0x20000004        0x4 ./Drivers/STM32F4xx_HAL_Driver/Src/stm32f4xx_hal.o
                0x20000004                uwTickPrio
 .data.uwTickFreq
                0x20000008        0x1 ./Drivers/STM32F4xx_HAL_Driver/Src/stm32f4xx_hal.o
                0x20000008                uwTickFreq
 *(.RamFunc)
 *(.RamFunc*)
                0x2000000c                        . = ALIGN (0x4)
 *fill*         0x20000009        0x3 
                0x2000000c                        _edata = .
                0x08003134                        _siccmram = LOADADDR (.ccmram)

.igot.plt       0x2000000c        0x0 load address 0x08003134
 .igot.plt      0x2000000c        0x0 D:/Facultad/TD II/stm 32/STM32CubeIDE_1.18.1/STM32CubeIDE/plugins/com.st.stm32cube.ide.mcu.externaltools.gnu-tools-for-stm32.13.3.rel1.win32_1.0.0.202411081344/tools/bin/../lib/gcc/arm-none-eabi/13.3.1/thumb/v7e-m+fp/hard/crtbegin.o

.ccmram         0x10000000        0x0 load address 0x08003134
                0x10000000                        . = ALIGN (0x4)
                0x10000000                        _sccmram = .
 *(.ccmram)
 *(.ccmram*)
                0x10000000                        . = ALIGN (0x4)
                0x10000000                        _eccmram = .
                0x10000000                        . = ALIGN (0x4)

.bss            0x2000000c      0x77c
                0x2000000c                        _sbss = .
                0x2000000c                        __bss_start__ = _sbss
 *(.bss)
 .bss           0x2000000c       0x1c D:/Facultad/TD II/stm 32/STM32CubeIDE_1.18.1/STM32CubeIDE/plugins/com.st.stm32cube.ide.mcu.externaltools.gnu-tools-for-stm32.13.3.rel1.win32_1.0.0.202411081344/tools/bin/../lib/gcc/arm-none-eabi/13.3.1/thumb/v7e-m+fp/hard/crtbegin.o
 *(.bss*)
 .bss.TxConfig  0x20000028       0x38 ./Core/Src/main.o
                0x20000028                TxConfig
 .bss.DMARxDscrTab
                0x20000060       0xa0 ./Core/Src/main.o
                0x20000060                DMARxDscrTab
 .bss.DMATxDscrTab
                0x20000100       0xa0 ./Core/Src/main.o
                0x20000100                DMATxDscrTab
 .bss.heth      0x200001a0       0xb0 ./Core/Src/main.o
                0x200001a0                heth
 .bss.huart3    0x20000250       0x48 ./Core/Src/main.o
                0x20000250                huart3
 .bss.hpcd_USB_OTG_FS
                0x20000298      0x4e4 ./Core/Src/main.o
                0x20000298                hpcd_USB_OTG_FS
 .bss.MACAddr.0
                0x2000077c        0x6 ./Core/Src/main.o
 *fill*         0x20000782        0x2 
 .bss.uwTick    0x20000784        0x4 ./Drivers/STM32F4xx_HAL_Driver/Src/stm32f4xx_hal.o
                0x20000784                uwTick
 *(COMMON)
                0x20000788                        . = ALIGN (0x4)
                0x20000788                        _ebss = .
                0x20000788                        __bss_end__ = _ebss

._user_heap_stack
                0x20000788      0x600
                0x20000788                        . = ALIGN (0x8)
                [!provide]                        PROVIDE (end = .)
                0x20000788                        PROVIDE (_end = .)
                0x20000988                        . = (. + _Min_Heap_Size)
 *fill*         0x20000788      0x200 
                0x20000d88                        . = (. + _Min_Stack_Size)
 *fill*         0x20000988      0x400 
                0x20000d88                        . = ALIGN (0x8)

/DISCARD/
 libc.a(*)
 libm.a(*)
 libgcc.a(*)

.ARM.attributes
                0x00000000       0x30
 *(.ARM.attributes)
 .ARM.attributes
                0x00000000       0x22 D:/Facultad/TD II/stm 32/STM32CubeIDE_1.18.1/STM32CubeIDE/plugins/com.st.stm32cube.ide.mcu.externaltools.gnu-tools-for-stm32.13.3.rel1.win32_1.0.0.202411081344/tools/bin/../lib/gcc/arm-none-eabi/13.3.1/thumb/v7e-m+fp/hard/crti.o
 .ARM.attributes
                0x00000022       0x34 D:/Facultad/TD II/stm 32/STM32CubeIDE_1.18.1/STM32CubeIDE/plugins/com.st.stm32cube.ide.mcu.externaltools.gnu-tools-for-stm32.13.3.rel1.win32_1.0.0.202411081344/tools/bin/../lib/gcc/arm-none-eabi/13.3.1/thumb/v7e-m+fp/hard/crtbegin.o
 .ARM.attributes
                0x00000056       0x34 ./Core/Src/main.o
 .ARM.attributes
                0x0000008a       0x34 ./Core/Src/stm32f4xx_hal_msp.o
 .ARM.attributes
                0x000000be       0x34 ./Core/Src/stm32f4xx_it.o
 .ARM.attributes
                0x000000f2       0x34 ./Core/Src/system_stm32f4xx.o
 .ARM.attributes
                0x00000126       0x21 ./Core/Startup/startup_stm32f429zitx.o
 .ARM.attributes
                0x00000147       0x34 ./Drivers/STM32F4xx_HAL_Driver/Src/stm32f4xx_hal.o
 .ARM.attributes
                0x0000017b       0x34 ./Drivers/STM32F4xx_HAL_Driver/Src/stm32f4xx_hal_cortex.o
 .ARM.attributes
                0x000001af       0x34 ./Drivers/STM32F4xx_HAL_Driver/Src/stm32f4xx_hal_eth.o
 .ARM.attributes
                0x000001e3       0x34 ./Drivers/STM32F4xx_HAL_Driver/Src/stm32f4xx_hal_gpio.o
 .ARM.attributes
                0x00000217       0x34 ./Drivers/STM32F4xx_HAL_Driver/Src/stm32f4xx_hal_pcd.o
 .ARM.attributes
                0x0000024b       0x34 ./Drivers/STM32F4xx_HAL_Driver/Src/stm32f4xx_hal_rcc.o
 .ARM.attributes
                0x0000027f       0x34 ./Drivers/STM32F4xx_HAL_Driver/Src/stm32f4xx_hal_uart.o
 .ARM.attributes
                0x000002b3       0x34 ./Drivers/STM32F4xx_HAL_Driver/Src/stm32f4xx_ll_usb.o
 .ARM.attributes
                0x000002e7       0x34 D:/Facultad/TD II/stm 32/STM32CubeIDE_1.18.1/STM32CubeIDE/plugins/com.st.stm32cube.ide.mcu.externaltools.gnu-tools-for-stm32.13.3.rel1.win32_1.0.0.202411081344/tools/bin/../lib/gcc/arm-none-eabi/13.3.1/../../../../arm-none-eabi/lib/thumb/v7e-m+fp/hard\libc_nano.a(libc_a-memset.o)
 .ARM.attributes
                0x0000031b       0x34 D:/Facultad/TD II/stm 32/STM32CubeIDE_1.18.1/STM32CubeIDE/plugins/com.st.stm32cube.ide.mcu.externaltools.gnu-tools-for-stm32.13.3.rel1.win32_1.0.0.202411081344/tools/bin/../lib/gcc/arm-none-eabi/13.3.1/../../../../arm-none-eabi/lib/thumb/v7e-m+fp/hard\libc_nano.a(libc_a-init.o)
 .ARM.attributes
                0x0000034f       0x22 D:/Facultad/TD II/stm 32/STM32CubeIDE_1.18.1/STM32CubeIDE/plugins/com.st.stm32cube.ide.mcu.externaltools.gnu-tools-for-stm32.13.3.rel1.win32_1.0.0.202411081344/tools/bin/../lib/gcc/arm-none-eabi/13.3.1/thumb/v7e-m+fp/hard\libgcc.a(_aeabi_uldivmod.o)
 .ARM.attributes
                0x00000371       0x34 D:/Facultad/TD II/stm 32/STM32CubeIDE_1.18.1/STM32CubeIDE/plugins/com.st.stm32cube.ide.mcu.externaltools.gnu-tools-for-stm32.13.3.rel1.win32_1.0.0.202411081344/tools/bin/../lib/gcc/arm-none-eabi/13.3.1/thumb/v7e-m+fp/hard\libgcc.a(_udivmoddi4.o)
 .ARM.attributes
                0x000003a5       0x22 D:/Facultad/TD II/stm 32/STM32CubeIDE_1.18.1/STM32CubeIDE/plugins/com.st.stm32cube.ide.mcu.externaltools.gnu-tools-for-stm32.13.3.rel1.win32_1.0.0.202411081344/tools/bin/../lib/gcc/arm-none-eabi/13.3.1/thumb/v7e-m+fp/hard\libgcc.a(_dvmd_tls.o)
 .ARM.attributes
                0x000003c7       0x22 D:/Facultad/TD II/stm 32/STM32CubeIDE_1.18.1/STM32CubeIDE/plugins/com.st.stm32cube.ide.mcu.externaltools.gnu-tools-for-stm32.13.3.rel1.win32_1.0.0.202411081344/tools/bin/../lib/gcc/arm-none-eabi/13.3.1/thumb/v7e-m+fp/hard/crtn.o
OUTPUT(App_1_2_Grupo_1_2025.elf elf32-littlearm)
LOAD linker stubs
LOAD D:/Facultad/TD II/stm 32/STM32CubeIDE_1.18.1/STM32CubeIDE/plugins/com.st.stm32cube.ide.mcu.externaltools.gnu-tools-for-stm32.13.3.rel1.win32_1.0.0.202411081344/tools/bin/../lib/gcc/arm-none-eabi/13.3.1/../../../../arm-none-eabi/lib/thumb/v7e-m+fp/hard\libc.a
LOAD D:/Facultad/TD II/stm 32/STM32CubeIDE_1.18.1/STM32CubeIDE/plugins/com.st.stm32cube.ide.mcu.externaltools.gnu-tools-for-stm32.13.3.rel1.win32_1.0.0.202411081344/tools/bin/../lib/gcc/arm-none-eabi/13.3.1/../../../../arm-none-eabi/lib/thumb/v7e-m+fp/hard\libm.a
LOAD D:/Facultad/TD II/stm 32/STM32CubeIDE_1.18.1/STM32CubeIDE/plugins/com.st.stm32cube.ide.mcu.externaltools.gnu-tools-for-stm32.13.3.rel1.win32_1.0.0.202411081344/tools/bin/../lib/gcc/arm-none-eabi/13.3.1/thumb/v7e-m+fp/hard\libgcc.a

.debug_info     0x00000000     0xdf7c
 .debug_info    0x00000000     0x1a67 ./Core/Src/main.o
 .debug_info    0x00001a67     0x178f ./Core/Src/stm32f4xx_hal_msp.o
 .debug_info    0x000031f6      0x112 ./Core/Src/stm32f4xx_it.o
 .debug_info    0x00003308      0x52e ./Core/Src/system_stm32f4xx.o
 .debug_info    0x00003836       0x30 ./Core/Startup/startup_stm32f429zitx.o
 .debug_info    0x00003866      0x9ba ./Drivers/STM32F4xx_HAL_Driver/Src/stm32f4xx_hal.o
 .debug_info    0x00004220      0xdc2 ./Drivers/STM32F4xx_HAL_Driver/Src/stm32f4xx_hal_cortex.o
 .debug_info    0x00004fe2     0x2193 ./Drivers/STM32F4xx_HAL_Driver/Src/stm32f4xx_hal_eth.o
 .debug_info    0x00007175      0x6db ./Drivers/STM32F4xx_HAL_Driver/Src/stm32f4xx_hal_gpio.o
 .debug_info    0x00007850     0x156f ./Drivers/STM32F4xx_HAL_Driver/Src/stm32f4xx_hal_pcd.o
 .debug_info    0x00008dbf      0x8db ./Drivers/STM32F4xx_HAL_Driver/Src/stm32f4xx_hal_rcc.o
 .debug_info    0x0000969a     0x2f4f ./Drivers/STM32F4xx_HAL_Driver/Src/stm32f4xx_hal_uart.o
 .debug_info    0x0000c5e9     0x1993 ./Drivers/STM32F4xx_HAL_Driver/Src/stm32f4xx_ll_usb.o

.debug_abbrev   0x00000000     0x1c63
 .debug_abbrev  0x00000000      0x2cd ./Core/Src/main.o
 .debug_abbrev  0x000002cd      0x253 ./Core/Src/stm32f4xx_hal_msp.o
 .debug_abbrev  0x00000520       0x73 ./Core/Src/stm32f4xx_it.o
 .debug_abbrev  0x00000593      0x11a ./Core/Src/system_stm32f4xx.o
 .debug_abbrev  0x000006ad       0x24 ./Core/Startup/startup_stm32f429zitx.o
 .debug_abbrev  0x000006d1      0x214 ./Drivers/STM32F4xx_HAL_Driver/Src/stm32f4xx_hal.o
 .debug_abbrev  0x000008e5      0x31d ./Drivers/STM32F4xx_HAL_Driver/Src/stm32f4xx_hal_cortex.o
 .debug_abbrev  0x00000c02      0x35c ./Drivers/STM32F4xx_HAL_Driver/Src/stm32f4xx_hal_eth.o
 .debug_abbrev  0x00000f5e      0x1d4 ./Drivers/STM32F4xx_HAL_Driver/Src/stm32f4xx_hal_gpio.o
 .debug_abbrev  0x00001132      0x2b9 ./Drivers/STM32F4xx_HAL_Driver/Src/stm32f4xx_hal_pcd.o
 .debug_abbrev  0x000013eb      0x2b7 ./Drivers/STM32F4xx_HAL_Driver/Src/stm32f4xx_hal_rcc.o
 .debug_abbrev  0x000016a2      0x30e ./Drivers/STM32F4xx_HAL_Driver/Src/stm32f4xx_hal_uart.o
 .debug_abbrev  0x000019b0      0x2b3 ./Drivers/STM32F4xx_HAL_Driver/Src/stm32f4xx_ll_usb.o

.debug_aranges  0x00000000      0xb30
 .debug_aranges
                0x00000000       0x48 ./Core/Src/main.o
 .debug_aranges
                0x00000048       0x50 ./Core/Src/stm32f4xx_hal_msp.o
 .debug_aranges
                0x00000098       0x60 ./Core/Src/stm32f4xx_it.o
 .debug_aranges
                0x000000f8       0x28 ./Core/Src/system_stm32f4xx.o
 .debug_aranges
                0x00000120       0x28 ./Core/Startup/startup_stm32f429zitx.o
 .debug_aranges
                0x00000148      0x100 ./Drivers/STM32F4xx_HAL_Driver/Src/stm32f4xx_hal.o
 .debug_aranges
                0x00000248      0x130 ./Drivers/STM32F4xx_HAL_Driver/Src/stm32f4xx_hal_cortex.o
 .debug_aranges
                0x00000378      0x1e8 ./Drivers/STM32F4xx_HAL_Driver/Src/stm32f4xx_hal_eth.o
 .debug_aranges
                0x00000560       0x58 ./Drivers/STM32F4xx_HAL_Driver/Src/stm32f4xx_hal_gpio.o
 .debug_aranges
                0x000005b8      0x148 ./Drivers/STM32F4xx_HAL_Driver/Src/stm32f4xx_hal_pcd.o
 .debug_aranges
                0x00000700       0x88 ./Drivers/STM32F4xx_HAL_Driver/Src/stm32f4xx_hal_rcc.o
 .debug_aranges
                0x00000788      0x208 ./Drivers/STM32F4xx_HAL_Driver/Src/stm32f4xx_hal_uart.o
 .debug_aranges
                0x00000990      0x1a0 ./Drivers/STM32F4xx_HAL_Driver/Src/stm32f4xx_ll_usb.o

.debug_rnglists
                0x00000000      0x8a3
 .debug_rnglists
                0x00000000       0x34 ./Core/Src/main.o
 .debug_rnglists
                0x00000034       0x3a ./Core/Src/stm32f4xx_hal_msp.o
 .debug_rnglists
                0x0000006e       0x43 ./Core/Src/stm32f4xx_it.o
 .debug_rnglists
                0x000000b1       0x1a ./Core/Src/system_stm32f4xx.o
 .debug_rnglists
                0x000000cb       0x19 ./Core/Startup/startup_stm32f429zitx.o
 .debug_rnglists
                0x000000e4       0xbb ./Drivers/STM32F4xx_HAL_Driver/Src/stm32f4xx_hal.o
 .debug_rnglists
                0x0000019f       0xe0 ./Drivers/STM32F4xx_HAL_Driver/Src/stm32f4xx_hal_cortex.o
 .debug_rnglists
                0x0000027f      0x182 ./Drivers/STM32F4xx_HAL_Driver/Src/stm32f4xx_hal_eth.o
 .debug_rnglists
                0x00000401       0x3f ./Drivers/STM32F4xx_HAL_Driver/Src/stm32f4xx_hal_gpio.o
 .debug_rnglists
                0x00000440       0xfa ./Drivers/STM32F4xx_HAL_Driver/Src/stm32f4xx_hal_pcd.o
 .debug_rnglists
                0x0000053a       0x66 ./Drivers/STM32F4xx_HAL_Driver/Src/stm32f4xx_hal_rcc.o
 .debug_rnglists
                0x000005a0      0x1bc ./Drivers/STM32F4xx_HAL_Driver/Src/stm32f4xx_hal_uart.o
 .debug_rnglists
                0x0000075c      0x147 ./Drivers/STM32F4xx_HAL_Driver/Src/stm32f4xx_ll_usb.o

.debug_macro    0x00000000    0x23b8c
 .debug_macro   0x00000000      0x2c5 ./Core/Src/main.o
 .debug_macro   0x000002c5      0xad8 ./Core/Src/main.o
 .debug_macro   0x00000d9d      0x2a1 ./Core/Src/main.o
 .debug_macro   0x0000103e       0x2e ./Core/Src/main.o
 .debug_macro   0x0000106c       0x28 ./Core/Src/main.o
 .debug_macro   0x00001094       0x22 ./Core/Src/main.o
 .debug_macro   0x000010b6       0x8e ./Core/Src/main.o
 .debug_macro   0x00001144       0x51 ./Core/Src/main.o
 .debug_macro   0x00001195      0x103 ./Core/Src/main.o
 .debug_macro   0x00001298       0x6a ./Core/Src/main.o
 .debug_macro   0x00001302      0x1df ./Core/Src/main.o
 .debug_macro   0x000014e1       0x1c ./Core/Src/main.o
 .debug_macro   0x000014fd       0x22 ./Core/Src/main.o
 .debug_macro   0x0000151f       0xfb ./Core/Src/main.o
 .debug_macro   0x0000161a     0x1011 ./Core/Src/main.o
 .debug_macro   0x0000262b      0x11f ./Core/Src/main.o
 .debug_macro   0x0000274a    0x17ff1 ./Core/Src/main.o
 .debug_macro   0x0001a73b       0x6d ./Core/Src/main.o
 .debug_macro   0x0001a7a8     0x370a ./Core/Src/main.o
 .debug_macro   0x0001deb2      0x190 ./Core/Src/main.o
 .debug_macro   0x0001e042       0x5c ./Core/Src/main.o
 .debug_macro   0x0001e09e      0xcba ./Core/Src/main.o
 .debug_macro   0x0001ed58      0x9e9 ./Core/Src/main.o
 .debug_macro   0x0001f741      0x115 ./Core/Src/main.o
 .debug_macro   0x0001f856      0x156 ./Core/Src/main.o
 .debug_macro   0x0001f9ac       0xa5 ./Core/Src/main.o
 .debug_macro   0x0001fa51      0x182 ./Core/Src/main.o
 .debug_macro   0x0001fbd3      0x287 ./Core/Src/main.o
 .debug_macro   0x0001fe5a       0x5f ./Core/Src/main.o
 .debug_macro   0x0001feb9      0x236 ./Core/Src/main.o
 .debug_macro   0x000200ef      0xb99 ./Core/Src/main.o
 .debug_macro   0x00020c88      0x132 ./Core/Src/main.o
 .debug_macro   0x00020dba      0x41d ./Core/Src/main.o
 .debug_macro   0x000211d7       0x2e ./Core/Src/main.o
 .debug_macro   0x00021205      0x127 ./Core/Src/main.o
 .debug_macro   0x0002132c       0xe2 ./Core/Src/main.o
 .debug_macro   0x0002140e       0x89 ./Core/Src/main.o
 .debug_macro   0x00021497      0x2aa ./Core/Src/main.o
 .debug_macro   0x00021741      0x293 ./Core/Src/main.o
 .debug_macro   0x000219d4       0xba ./Core/Src/main.o
 .debug_macro   0x00021a8e      0x134 ./Core/Src/main.o
 .debug_macro   0x00021bc2      0x130 ./Core/Src/main.o
 .debug_macro   0x00021cf2       0x61 ./Core/Src/main.o
 .debug_macro   0x00021d53       0x2a ./Core/Src/main.o
 .debug_macro   0x00021d7d       0x43 ./Core/Src/main.o
 .debug_macro   0x00021dc0       0x34 ./Core/Src/main.o
 .debug_macro   0x00021df4      0x370 ./Core/Src/main.o
 .debug_macro   0x00022164       0x16 ./Core/Src/main.o
 .debug_macro   0x0002217a       0x4a ./Core/Src/main.o
 .debug_macro   0x000221c4       0x34 ./Core/Src/main.o
 .debug_macro   0x000221f8       0x10 ./Core/Src/main.o
 .debug_macro   0x00022208       0x58 ./Core/Src/main.o
 .debug_macro   0x00022260       0x8e ./Core/Src/main.o
 .debug_macro   0x000222ee       0x1c ./Core/Src/main.o
 .debug_macro   0x0002230a      0x185 ./Core/Src/main.o
 .debug_macro   0x0002248f       0x10 ./Core/Src/main.o
 .debug_macro   0x0002249f       0x3c ./Core/Src/main.o
 .debug_macro   0x000224db       0x20 ./Core/Src/main.o
 .debug_macro   0x000224fb      0x1f7 ./Core/Src/stm32f4xx_hal_msp.o
 .debug_macro   0x000226f2      0x201 ./Core/Src/stm32f4xx_it.o
 .debug_macro   0x000228f3      0x1e8 ./Core/Src/system_stm32f4xx.o
 .debug_macro   0x00022adb      0x248 ./Drivers/STM32F4xx_HAL_Driver/Src/stm32f4xx_hal.o
 .debug_macro   0x00022d23      0x1e8 ./Drivers/STM32F4xx_HAL_Driver/Src/stm32f4xx_hal_cortex.o
 .debug_macro   0x00022f0b      0x2c2 ./Drivers/STM32F4xx_HAL_Driver/Src/stm32f4xx_hal_eth.o
 .debug_macro   0x000231cd      0x1ee ./Drivers/STM32F4xx_HAL_Driver/Src/stm32f4xx_hal_gpio.o
 .debug_macro   0x000233bb      0x1f4 ./Drivers/STM32F4xx_HAL_Driver/Src/stm32f4xx_hal_pcd.o
 .debug_macro   0x000235af      0x20c ./Drivers/STM32F4xx_HAL_Driver/Src/stm32f4xx_hal_rcc.o
 .debug_macro   0x000237bb      0x1e9 ./Drivers/STM32F4xx_HAL_Driver/Src/stm32f4xx_hal_uart.o
 .debug_macro   0x000239a4      0x1e8 ./Drivers/STM32F4xx_HAL_Driver/Src/stm32f4xx_ll_usb.o

.debug_line     0x00000000     0xd0e8
 .debug_line    0x00000000      0xbef ./Core/Src/main.o
 .debug_line    0x00000bef      0x94b ./Core/Src/stm32f4xx_hal_msp.o
 .debug_line    0x0000153a      0x8ca ./Core/Src/stm32f4xx_it.o
 .debug_line    0x00001e04      0x891 ./Core/Src/system_stm32f4xx.o
 .debug_line    0x00002695       0x7a ./Core/Startup/startup_stm32f429zitx.o
 .debug_line    0x0000270f      0xb43 ./Drivers/STM32F4xx_HAL_Driver/Src/stm32f4xx_hal.o
 .debug_line    0x00003252      0xddd ./Drivers/STM32F4xx_HAL_Driver/Src/stm32f4xx_hal_cortex.o
 .debug_line    0x0000402f     0x1b22 ./Drivers/STM32F4xx_HAL_Driver/Src/stm32f4xx_hal_eth.o
 .debug_line    0x00005b51      0xc8d ./Drivers/STM32F4xx_HAL_Driver/Src/stm32f4xx_hal_gpio.o
 .debug_line    0x000067de     0x1558 ./Drivers/STM32F4xx_HAL_Driver/Src/stm32f4xx_hal_pcd.o
 .debug_line    0x00007d36      0xf1c ./Drivers/STM32F4xx_HAL_Driver/Src/stm32f4xx_hal_rcc.o
 .debug_line    0x00008c52     0x2655 ./Drivers/STM32F4xx_HAL_Driver/Src/stm32f4xx_hal_uart.o
 .debug_line    0x0000b2a7     0x1e41 ./Drivers/STM32F4xx_HAL_Driver/Src/stm32f4xx_ll_usb.o

.debug_str      0x00000000    0xd9434
 .debug_str     0x00000000    0xd9434 ./Core/Src/main.o
                              0xd5d6a (size before relaxing)
 .debug_str     0x000d9434    0xd2870 ./Core/Src/stm32f4xx_hal_msp.o
 .debug_str     0x000d9434    0xd19dd ./Core/Src/stm32f4xx_it.o
 .debug_str     0x000d9434    0xd1659 ./Core/Src/system_stm32f4xx.o
 .debug_str     0x000d9434       0xba ./Core/Startup/startup_stm32f429zitx.o
 .debug_str     0x000d9434    0xd227c ./Drivers/STM32F4xx_HAL_Driver/Src/stm32f4xx_hal.o
 .debug_str     0x000d9434    0xd1faa ./Drivers/STM32F4xx_HAL_Driver/Src/stm32f4xx_hal_cortex.o
 .debug_str     0x000d9434    0xd2f55 ./Drivers/STM32F4xx_HAL_Driver/Src/stm32f4xx_hal_eth.o
 .debug_str     0x000d9434    0xd17d4 ./Drivers/STM32F4xx_HAL_Driver/Src/stm32f4xx_hal_gpio.o
 .debug_str     0x000d9434    0xd2124 ./Drivers/STM32F4xx_HAL_Driver/Src/stm32f4xx_hal_pcd.o
 .debug_str     0x000d9434    0xd1a8d ./Drivers/STM32F4xx_HAL_Driver/Src/stm32f4xx_hal_rcc.o
 .debug_str     0x000d9434    0xd205b ./Drivers/STM32F4xx_HAL_Driver/Src/stm32f4xx_hal_uart.o
 .debug_str     0x000d9434    0xd1fff ./Drivers/STM32F4xx_HAL_Driver/Src/stm32f4xx_ll_usb.o

.comment        0x00000000       0x43
 .comment       0x00000000       0x43 ./Core/Src/main.o
                                 0x44 (size before relaxing)
 .comment       0x00000043       0x44 ./Core/Src/stm32f4xx_hal_msp.o
 .comment       0x00000043       0x44 ./Core/Src/stm32f4xx_it.o
 .comment       0x00000043       0x44 ./Core/Src/system_stm32f4xx.o
 .comment       0x00000043       0x44 ./Drivers/STM32F4xx_HAL_Driver/Src/stm32f4xx_hal.o
 .comment       0x00000043       0x44 ./Drivers/STM32F4xx_HAL_Driver/Src/stm32f4xx_hal_cortex.o
 .comment       0x00000043       0x44 ./Drivers/STM32F4xx_HAL_Driver/Src/stm32f4xx_hal_eth.o
 .comment       0x00000043       0x44 ./Drivers/STM32F4xx_HAL_Driver/Src/stm32f4xx_hal_gpio.o
 .comment       0x00000043       0x44 ./Drivers/STM32F4xx_HAL_Driver/Src/stm32f4xx_hal_pcd.o
 .comment       0x00000043       0x44 ./Drivers/STM32F4xx_HAL_Driver/Src/stm32f4xx_hal_rcc.o
 .comment       0x00000043       0x44 ./Drivers/STM32F4xx_HAL_Driver/Src/stm32f4xx_hal_uart.o
 .comment       0x00000043       0x44 ./Drivers/STM32F4xx_HAL_Driver/Src/stm32f4xx_ll_usb.o

.debug_frame    0x00000000     0x2f60
 .debug_frame   0x00000000       0xc0 ./Core/Src/main.o
 .debug_frame   0x000000c0      0x110 ./Core/Src/stm32f4xx_hal_msp.o
 .debug_frame   0x000001d0      0x104 ./Core/Src/stm32f4xx_it.o
 .debug_frame   0x000002d4       0x58 ./Core/Src/system_stm32f4xx.o
 .debug_frame   0x0000032c      0x3b4 ./Drivers/STM32F4xx_HAL_Driver/Src/stm32f4xx_hal.o
 .debug_frame   0x000006e0      0x508 ./Drivers/STM32F4xx_HAL_Driver/Src/stm32f4xx_hal_cortex.o
 .debug_frame   0x00000be8      0x8c0 ./Drivers/STM32F4xx_HAL_Driver/Src/stm32f4xx_hal_eth.o
 .debug_frame   0x000014a8      0x14c ./Drivers/STM32F4xx_HAL_Driver/Src/stm32f4xx_hal_gpio.o
 .debug_frame   0x000015f4      0x5b8 ./Drivers/STM32F4xx_HAL_Driver/Src/stm32f4xx_hal_pcd.o
 .debug_frame   0x00001bac      0x1f4 ./Drivers/STM32F4xx_HAL_Driver/Src/stm32f4xx_hal_rcc.o
 .debug_frame   0x00001da0      0x954 ./Drivers/STM32F4xx_HAL_Driver/Src/stm32f4xx_hal_uart.o
 .debug_frame   0x000026f4      0x7c0 ./Drivers/STM32F4xx_HAL_Driver/Src/stm32f4xx_ll_usb.o
 .debug_frame   0x00002eb4       0x20 D:/Facultad/TD II/stm 32/STM32CubeIDE_1.18.1/STM32CubeIDE/plugins/com.st.stm32cube.ide.mcu.externaltools.gnu-tools-for-stm32.13.3.rel1.win32_1.0.0.202411081344/tools/bin/../lib/gcc/arm-none-eabi/13.3.1/../../../../arm-none-eabi/lib/thumb/v7e-m+fp/hard\libc_nano.a(libc_a-memset.o)
 .debug_frame   0x00002ed4       0x2c D:/Facultad/TD II/stm 32/STM32CubeIDE_1.18.1/STM32CubeIDE/plugins/com.st.stm32cube.ide.mcu.externaltools.gnu-tools-for-stm32.13.3.rel1.win32_1.0.0.202411081344/tools/bin/../lib/gcc/arm-none-eabi/13.3.1/../../../../arm-none-eabi/lib/thumb/v7e-m+fp/hard\libc_nano.a(libc_a-init.o)
 .debug_frame   0x00002f00       0x2c D:/Facultad/TD II/stm 32/STM32CubeIDE_1.18.1/STM32CubeIDE/plugins/com.st.stm32cube.ide.mcu.externaltools.gnu-tools-for-stm32.13.3.rel1.win32_1.0.0.202411081344/tools/bin/../lib/gcc/arm-none-eabi/13.3.1/thumb/v7e-m+fp/hard\libgcc.a(_aeabi_uldivmod.o)
 .debug_frame   0x00002f2c       0x34 D:/Facultad/TD II/stm 32/STM32CubeIDE_1.18.1/STM32CubeIDE/plugins/com.st.stm32cube.ide.mcu.externaltools.gnu-tools-for-stm32.13.3.rel1.win32_1.0.0.202411081344/tools/bin/../lib/gcc/arm-none-eabi/13.3.1/thumb/v7e-m+fp/hard\libgcc.a(_udivmoddi4.o)

.debug_line_str
                0x00000000       0x9e
 .debug_line_str
                0x00000000       0x9e ./Core/Startup/startup_stm32f429zitx.o
