../Core/Src/main.c:81:6:Secuencia1	16	static
../Core/Src/main.c:95:6:Secuencia2	16	static
../Core/Src/main.c:112:6:Secuencia3	16	static
../Core/Src/main.c:126:6:Secuencia4	16	static
../Core/Src/main.c:141:5:main	16	static
../Core/Src/main.c:233:6:SystemClock_Config	88	static
../Core/Src/main.c:279:13:MX_ETH_Init	8	static
../Core/Src/main.c:328:13:MX_USART3_UART_Init	8	static
../Core/Src/main.c:361:13:MX_USB_OTG_FS_PCD_Init	8	static
../Core/Src/main.c:396:13:MX_GPIO_Init	56	static
../Core/Src/main.c:456:6:Error_Handler	4	static,ignoring_inline_asm
