Archive member included to satisfy reference by file (symbol)

C:/ST/STM32CubeIDE_1.19.0/STM32CubeIDE/plugins/com.st.stm32cube.ide.mcu.externaltools.gnu-tools-for-stm32.13.3.rel1.win32_1.0.0.202411081344/tools/bin/../lib/gcc/arm-none-eabi/13.3.1/../../../../arm-none-eabi/lib/thumb/v7e-m+fp/hard\libc_nano.a(libc_a-exit.o)
                              C:/ST/STM32CubeIDE_1.19.0/STM32CubeIDE/plugins/com.st.stm32cube.ide.mcu.externaltools.gnu-tools-for-stm32.13.3.rel1.win32_1.0.0.202411081344/tools/bin/../lib/gcc/arm-none-eabi/13.3.1/../../../../arm-none-eabi/lib/thumb/v7e-m+fp/hard/crt0.o (exit)
C:/ST/STM32CubeIDE_1.19.0/STM32CubeIDE/plugins/com.st.stm32cube.ide.mcu.externaltools.gnu-tools-for-stm32.13.3.rel1.win32_1.0.0.202411081344/tools/bin/../lib/gcc/arm-none-eabi/13.3.1/../../../../arm-none-eabi/lib/thumb/v7e-m+fp/hard\libc_nano.a(libc_a-findfp.o)
                              C:/ST/STM32CubeIDE_1.19.0/STM32CubeIDE/plugins/com.st.stm32cube.ide.mcu.externaltools.gnu-tools-for-stm32.13.3.rel1.win32_1.0.0.202411081344/tools/bin/../lib/gcc/arm-none-eabi/13.3.1/../../../../arm-none-eabi/lib/thumb/v7e-m+fp/hard\libc_nano.a(libc_a-exit.o) (__stdio_exit_handler)
C:/ST/STM32CubeIDE_1.19.0/STM32CubeIDE/plugins/com.st.stm32cube.ide.mcu.externaltools.gnu-tools-for-stm32.13.3.rel1.win32_1.0.0.202411081344/tools/bin/../lib/gcc/arm-none-eabi/13.3.1/../../../../arm-none-eabi/lib/thumb/v7e-m+fp/hard\libc_nano.a(libc_a-fwalk.o)
                              C:/ST/STM32CubeIDE_1.19.0/STM32CubeIDE/plugins/com.st.stm32cube.ide.mcu.externaltools.gnu-tools-for-stm32.13.3.rel1.win32_1.0.0.202411081344/tools/bin/../lib/gcc/arm-none-eabi/13.3.1/../../../../arm-none-eabi/lib/thumb/v7e-m+fp/hard\libc_nano.a(libc_a-findfp.o) (_fwalk_sglue)
C:/ST/STM32CubeIDE_1.19.0/STM32CubeIDE/plugins/com.st.stm32cube.ide.mcu.externaltools.gnu-tools-for-stm32.13.3.rel1.win32_1.0.0.202411081344/tools/bin/../lib/gcc/arm-none-eabi/13.3.1/../../../../arm-none-eabi/lib/thumb/v7e-m+fp/hard\libc_nano.a(libc_a-sprintf.o)
                              ./Core/Src/main.o (sprintf)
C:/ST/STM32CubeIDE_1.19.0/STM32CubeIDE/plugins/com.st.stm32cube.ide.mcu.externaltools.gnu-tools-for-stm32.13.3.rel1.win32_1.0.0.202411081344/tools/bin/../lib/gcc/arm-none-eabi/13.3.1/../../../../arm-none-eabi/lib/thumb/v7e-m+fp/hard\libc_nano.a(libc_a-stdio.o)
                              C:/ST/STM32CubeIDE_1.19.0/STM32CubeIDE/plugins/com.st.stm32cube.ide.mcu.externaltools.gnu-tools-for-stm32.13.3.rel1.win32_1.0.0.202411081344/tools/bin/../lib/gcc/arm-none-eabi/13.3.1/../../../../arm-none-eabi/lib/thumb/v7e-m+fp/hard\libc_nano.a(libc_a-findfp.o) (__sread)
C:/ST/STM32CubeIDE_1.19.0/STM32CubeIDE/plugins/com.st.stm32cube.ide.mcu.externaltools.gnu-tools-for-stm32.13.3.rel1.win32_1.0.0.202411081344/tools/bin/../lib/gcc/arm-none-eabi/13.3.1/../../../../arm-none-eabi/lib/thumb/v7e-m+fp/hard\libc_nano.a(libc_a-memset.o)
                              C:/ST/STM32CubeIDE_1.19.0/STM32CubeIDE/plugins/com.st.stm32cube.ide.mcu.externaltools.gnu-tools-for-stm32.13.3.rel1.win32_1.0.0.202411081344/tools/bin/../lib/gcc/arm-none-eabi/13.3.1/../../../../arm-none-eabi/lib/thumb/v7e-m+fp/hard/crt0.o (memset)
C:/ST/STM32CubeIDE_1.19.0/STM32CubeIDE/plugins/com.st.stm32cube.ide.mcu.externaltools.gnu-tools-for-stm32.13.3.rel1.win32_1.0.0.202411081344/tools/bin/../lib/gcc/arm-none-eabi/13.3.1/../../../../arm-none-eabi/lib/thumb/v7e-m+fp/hard\libc_nano.a(libc_a-closer.o)
                              C:/ST/STM32CubeIDE_1.19.0/STM32CubeIDE/plugins/com.st.stm32cube.ide.mcu.externaltools.gnu-tools-for-stm32.13.3.rel1.win32_1.0.0.202411081344/tools/bin/../lib/gcc/arm-none-eabi/13.3.1/../../../../arm-none-eabi/lib/thumb/v7e-m+fp/hard\libc_nano.a(libc_a-stdio.o) (_close_r)
C:/ST/STM32CubeIDE_1.19.0/STM32CubeIDE/plugins/com.st.stm32cube.ide.mcu.externaltools.gnu-tools-for-stm32.13.3.rel1.win32_1.0.0.202411081344/tools/bin/../lib/gcc/arm-none-eabi/13.3.1/../../../../arm-none-eabi/lib/thumb/v7e-m+fp/hard\libc_nano.a(libc_a-reent.o)
                              C:/ST/STM32CubeIDE_1.19.0/STM32CubeIDE/plugins/com.st.stm32cube.ide.mcu.externaltools.gnu-tools-for-stm32.13.3.rel1.win32_1.0.0.202411081344/tools/bin/../lib/gcc/arm-none-eabi/13.3.1/../../../../arm-none-eabi/lib/thumb/v7e-m+fp/hard\libc_nano.a(libc_a-closer.o) (errno)
C:/ST/STM32CubeIDE_1.19.0/STM32CubeIDE/plugins/com.st.stm32cube.ide.mcu.externaltools.gnu-tools-for-stm32.13.3.rel1.win32_1.0.0.202411081344/tools/bin/../lib/gcc/arm-none-eabi/13.3.1/../../../../arm-none-eabi/lib/thumb/v7e-m+fp/hard\libc_nano.a(libc_a-impure.o)
                              C:/ST/STM32CubeIDE_1.19.0/STM32CubeIDE/plugins/com.st.stm32cube.ide.mcu.externaltools.gnu-tools-for-stm32.13.3.rel1.win32_1.0.0.202411081344/tools/bin/../lib/gcc/arm-none-eabi/13.3.1/../../../../arm-none-eabi/lib/thumb/v7e-m+fp/hard\libc_nano.a(libc_a-sprintf.o) (_impure_ptr)
[...]
Memory Configuration

Name             Origin             Length             Attributes
CCMRAM           0x10000000         0x00010000         xrw
RAM              0x20000000         0x00030000         xrw
FLASH            0x08000000         0x00200000         xr
*default*        0x00000000         0xffffffff

Linker script and memory map

LOAD C:/ST/STM32CubeIDE_1.19.0/STM32CubeIDE/plugins/com.st.stm32cube.ide.mcu.externaltools.gnu-tools-for-stm32.13.3.rel1.win32_1.0.0.202411081344/tools/bin/../lib/gcc/arm-none-eabi/13.3.1/thumb/v7e-m+fp/hard/crti.o
LOAD C:/ST/STM32CubeIDE_1.19.0/STM32CubeIDE/plugins/com.st.stm32cube.ide.mcu.externaltools.gnu-tools-for-stm32.13.3.rel1.win32_1.0.0.202411081344/tools/bin/../lib/gcc/arm-none-eabi/13.3.1/thumb/v7e-m+fp/hard/crtbegin.o
LOAD C:/ST/STM32CubeIDE_1.19.0/STM32CubeIDE/plugins/com.st.stm32cube.ide.mcu.externaltools.gnu-tools-for-stm32.13.3.rel1.win32_1.0.0.202411081344/tools/bin/../lib/gcc/arm-none-eabi/13.3.1/../../../../arm-none-eabi/lib/thumb/v7e-m+fp/hard/crt0.o
LOAD ./Core/Src/main.o
LOAD ./Core/Src/stm32f4xx_hal_msp.o
LOAD ./Core/Src/stm32f4xx_it.o
LOAD ./Core/Src/syscalls.o
LOAD ./Core/Src/sysmem.o
LOAD ./Core/Src/system_stm32f4xx.o
LOAD ./Core/Startup/startup_stm32f429zitx.o
LOAD ./Drivers/API/Src/Driver_Bluetooth.o
LOAD ./Drivers/API/Src/Driver_Delay.o
LOAD ./Drivers/API/Src/Driver_GPIO.o
LOAD ./Drivers/API/Src/Driver_LCD.o
LOAD ./Drivers/API/Src/Driver_SHT30.o
LOAD ./Drivers/API/Src/Driver_SensorSuelo.o
LOAD ./Drivers/API/Src/Infraestructura.o
LOAD ./Drivers/STM32F4xx_HAL_Driver/Src/stm32f4xx_hal.o
LOAD ./Drivers/STM32F4xx_HAL_Driver/Src/stm32f4xx_hal_adc.o
LOAD ./Drivers/STM32F4xx_HAL_Driver/Src/stm32f4xx_hal_adc_ex.o
LOAD ./Drivers/STM32F4xx_HAL_Driver/Src/stm32f4xx_hal_cortex.o
LOAD ./Drivers/STM32F4xx_HAL_Driver/Src/stm32f4xx_hal_dma.o
LOAD ./Drivers/STM32F4xx_HAL_Driver/Src/stm32f4xx_hal_dma_ex.o
LOAD ./Drivers/STM32F4xx_HAL_Driver/Src/stm32f4xx_hal_eth.o
LOAD ./Drivers/STM32F4xx_HAL_Driver/Src/stm32f4xx_hal_exti.o
LOAD ./Drivers/STM32F4xx_HAL_Driver/Src/stm32f4xx_hal_flash.o
LOAD ./Drivers/STM32F4xx_HAL_Driver/Src/stm32f4xx_hal_flash_ex.o
LOAD ./Drivers/STM32F4xx_HAL_Driver/Src/stm32f4xx_hal_flash_ramfunc.o
LOAD ./Drivers/STM32F4xx_HAL_Driver/Src/stm32f4xx_hal_gpio.o
LOAD ./Drivers/STM32F4xx_HAL_Driver/Src/stm32f4xx_hal_i2c.o
LOAD ./Drivers/STM32F4xx_HAL_Driver/Src/stm32f4xx_hal_i2c_ex.o
LOAD ./Drivers/STM32F4xx_HAL_Driver/Src/stm32f4xx_hal_pcd.o
LOAD ./Drivers/STM32F4xx_HAL_Driver/Src/stm32f4xx_hal_pcd_ex.o
LOAD ./Drivers/STM32F4xx_HAL_Driver/Src/stm32f4xx_hal_pwr.o
LOAD ./Drivers/STM32F4xx_HAL_Driver/Src/stm32f4xx_hal_pwr_ex.o
LOAD ./Drivers/STM32F4xx_HAL_Driver/Src/stm32f4xx_hal_rcc.o
LOAD ./Drivers/STM32F4xx_HAL_Driver/Src/stm32f4xx_hal_rcc_ex.o
LOAD ./Drivers/STM32F4xx_HAL_Driver/Src/stm32f4xx_hal_uart.o
LOAD ./Drivers/STM32F4xx_HAL_Driver/Src/stm32f4xx_ll_adc.o
LOAD ./Drivers/STM32F4xx_HAL_Driver/Src/stm32f4xx_ll_usb.o
START GROUP
LOAD C:/ST/STM32CubeIDE_1.19.0/STM32CubeIDE/plugins/com.st.stm32cube.ide.mcu.externaltools.gnu-tools-for-stm32.13.3.rel1.win32_1.0.0.202411081344/tools/bin/../lib/gcc/arm-none-eabi/13.3.1/../../../../arm-none-eabi/lib/thumb/v7e-m+fp/hard\libc_nano.a
LOAD C:/ST/STM32CubeIDE_1.19.0/STM32CubeIDE/plugins/com.st.stm32cube.ide.mcu.externaltools.gnu-tools-for-stm32.13.3.rel1.win32_1.0.0.202411081344/tools/bin/../lib/gcc/arm-none-eabi/13.3.1/../../../../arm-none-eabi/lib/thumb/v7e-m+fp/hard\libm.a
END GROUP
START GROUP
LOAD C:/ST/STM32CubeIDE_1.19.0/STM32CubeIDE/plugins/com.st.stm32cube.ide.mcu.externaltools.gnu-tools-for-stm32.13.3.rel1.win32_1.0.0.202411081344/tools/bin/../lib/gcc/arm-none-eabi/13.3.1/thumb/v7e-m+fp/hard\libgcc.a
LOAD C:/ST/STM32CubeIDE_1.19.0/STM32CubeIDE/plugins/com.st.stm32cube.ide.mcu.externaltools.gnu-tools-for-stm32.13.3.rel1.win32_1.0.0.202411081344/tools/bin/../lib/gcc/arm-none-eabi/13.3.1/../../../../arm-none-eabi/lib/thumb/v7e-m+fp/hard\libc_nano.a
END GROUP
START GROUP
LOAD C:/ST/STM32CubeIDE_1.19.0/STM32CubeIDE/plugins/com.st.stm32cube.ide.mcu.externaltools.gnu-tools-for-stm32.13.3.rel1.win32_1.0.0.202411081344/tools/bin/../lib/gcc/arm-none-eabi/13.3.1/thumb/v7e-m+fp/hard\libgcc.a
LOAD C:/ST/STM32CubeIDE_1.19.0/STM32CubeIDE/plugins/com.st.stm32cube.ide.mcu.externaltools.gnu-tools-for-stm32.13.3.rel1.win32_1.0.0.202411081344/tools/bin/../lib/gcc/arm-none-eabi/13.3.1/../../../../arm-none-eabi/lib/thumb/v7e-m+fp/hard\libc_nano.a
LOAD C:/ST/STM32CubeIDE_1.19.0/STM32CubeIDE/plugins/com.st.stm32cube.ide.mcu.externaltools.gnu-tools-for-stm32.13.3.rel1.win32_1.0.0.202411081344/tools/bin/../lib/gcc/arm-none-eabi/13.3.1/../../../../arm-none-eabi/lib/thumb/v7e-m+fp/hard\libnosys.a
END GROUP
START GROUP
LOAD C:/ST/STM32CubeIDE_1.19.0/STM32CubeIDE/plugins/com.st.stm32cube.ide.mcu.externaltools.gnu-tools-for-stm32.13.3.rel1.win32_1.0.0.202411081344/tools/bin/../lib/gcc/arm-none-eabi/13.3.1/thumb/v7e-m+fp/hard\libgcc.a
LOAD C:/ST/STM32CubeIDE_1.19.0/STM32CubeIDE/plugins/com.st.stm32cube.ide.mcu.externaltools.gnu-tools-for-stm32.13.3.rel1.win32_1.0.0.202411081344/tools/bin/../lib/gcc/arm-none-eabi/13.3.1/../../../../arm-none-eabi/lib/thumb/v7e-m+fp/hard\libc_nano.a
LOAD C:/ST/STM32CubeIDE_1.19.0/STM32CubeIDE/plugins/com.st.stm32cube.ide.mcu.externaltools.gnu-tools-for-stm32.13.3.rel1.win32_1.0.0.202411081344/tools/bin/../lib/gcc/arm-none-eabi/13.3.1/../../../../arm-none-eabi/lib/thumb/v7e-m+fp/hard\libnosys.a
END GROUP
LOAD C:/ST/STM32CubeIDE_1.19.0/STM32CubeIDE/plugins/com.st.stm32cube.ide.mcu.externaltools.gnu-tools-for-stm32.13.3.rel1.win32_1.0.0.202411081344/tools/bin/../lib/gcc/arm-none-eabi/13.3.1/thumb/v7e-m+fp/hard/crtend.o
LOAD C:/ST/STM32CubeIDE_1.19.0/STM32CubeIDE/plugins/com.st.stm32cube.ide.mcu.externaltools.gnu-tools-for-stm32.13.3.rel1.win32_1.0.0.202411081344/tools/bin/../lib/gcc/arm-none-eabi/13.3.1/thumb/v7e-m+fp/hard/crtn.o
                0x20030000                        _estack = (ORIGIN (RAM) + LENGTH (RAM))
                0x00000200                        _Min_Heap_Size = 0x200
                0x00000400                        _Min_Stack_Size = 0x400

.isr_vector     0x08000000      0x1ac
                0x08000000                        . = ALIGN (0x4)
 *(.isr_vector)
 .isr_vector    0x08000000      0x1ac ./Core/Startup/startup_stm32f429zitx.o
                0x08000000                g_pfnVectors
                0x080001ac                        . = ALIGN (0x4)

.text           0x080001b0     0x65cc
                0x080001b0                        . = ALIGN (0x4)
 *(.text)
 .text          0x080001b0       0x40 C:/ST/STM32CubeIDE_1.19.0/STM32CubeIDE/plugins/com.st.stm32cube.ide.mcu.externaltools.gnu-tools-for-stm32.13.3.rel1.win32_1.0.0.202411081344/tools/bin/../lib/gcc/arm-none-eabi/13.3.1/thumb/v7e-m+fp/hard/crtbegin.o
 .text          0x080001f0       0x10 C:/ST/STM32CubeIDE_1.19.0/STM32CubeIDE/plugins/com.st.stm32cube.ide.mcu.externaltools.gnu-tools-for-stm32.13.3.rel1.win32_1.0.0.202411081344/tools/bin/../lib/gcc/arm-none-eabi/13.3.1/../../../../arm-none-eabi/lib/thumb/v7e-m+fp/hard\libc_nano.a(libc_a-strlen.o)
                0x080001f0                strlen
 .text          0x08000200       0xa0 C:/ST/STM32CubeIDE_1.19.0/STM32CubeIDE/plugins/com.st.stm32cube.ide.mcu.externaltools.gnu-tools-for-stm32.13.3.rel1.win32_1.0.0.202411081344/tools/bin/../lib/gcc/arm-none-eabi/13.3.1/../../../../arm-none-eabi/lib/thumb/v7e-m+fp/hard\libc_nano.a(libc_a-memchr.o)
                0x08000200                memchr
 .text          0x080002a0       0x30 C:/ST/STM32CubeIDE_1.19.0/STM32CubeIDE/plugins/com.st.stm32cube.ide.mcu.externaltools.gnu-tools-for-stm32.13.3.rel1.win32_1.0.0.202411081344/tools/bin/../lib/gcc/arm-none-eabi/13.3.1/thumb/v7e-m+fp/hard\libgcc.a(_aeabi_uldivmod.o)
                0x080002a0                __aeabi_uldivmod
 .text          0x080002d0      0x2f8 C:/ST/STM32CubeIDE_1.19.0/STM32CubeIDE/plugins/com.st.stm32cube.ide.mcu.externaltools.gnu-tools-for-stm32.13.3.rel1.win32_1.0.0.202411081344/tools/bin/../lib/gcc/arm-none-eabi/13.3.1/thumb/v7e-m+fp/hard\libgcc.a(_udivmoddi4.o)
                0x080002d0                __udivmoddi4
 .text          0x080005c8        0x4 C:/ST/STM32CubeIDE_1.19.0/STM32CubeIDE/plugins/com.st.stm32cube.ide.mcu.externaltools.gnu-tools-for-stm32.13.3.rel1.win32_1.0.0.202411081344/tools/bin/../lib/gcc/arm-none-eabi/13.3.1/thumb/v7e-m+fp/hard\libgcc.a(_dvmd_tls.o)
                0x080005c8                __aeabi_idiv0
                0x080005c8                __aeabi_ldiv0
 *(.text*)
 .text.main     0x080005cc      0x468 ./Core/Src/main.o
                0x080005cc                main
 .text.SystemClock_Config
                0x08000a34       0xd4 ./Core/Src/main.o
                0x08000a34                SystemClock_Config
 .text.MX_ADC1_Init
                0x08000b08       0xa4 ./Core/Src/main.o
 .text.MX_ETH_Init
                0x08000bac       0x9c ./Core/Src/main.o
 .text.MX_I2C1_Init
                0x08000c48       0x80 ./Core/Src/main.o
 .text.MX_UART5_Init
                0x08000cc8       0x54 ./Core/Src/main.o
 .text.MX_USART3_UART_Init
                0x08000d1c       0x54 ./Core/Src/main.o
 .text.MX_USB_OTG_FS_PCD_Init
                0x08000d70       0x5c ./Core/Src/main.o
 .text.MX_GPIO_Init
                0x08000dcc      0x1a4 ./Core/Src/main.o
 .text.Error_Handler
                0x08000f70        0xc ./Core/Src/main.o
                0x08000f70                Error_Handler
 .text.HAL_MspInit
                0x08000f7c       0x50 ./Core/Src/stm32f4xx_hal_msp.o
                0x08000f7c                HAL_MspInit
 .text.HAL_ADC_MspInit
                0x08000fcc       0x88 ./Core/Src/stm32f4xx_hal_msp.o
                0x08000fcc                HAL_ADC_MspInit
 .text.HAL_ETH_MspInit
                0x08001054      0x18c ./Core/Src/stm32f4xx_hal_msp.o
                0x08001054                HAL_ETH_MspInit
 .text.HAL_I2C_MspInit
                0x080011e0       0x90 ./Core/Src/stm32f4xx_hal_msp.o
                0x080011e0                HAL_I2C_MspInit
 .text.HAL_UART_MspInit
                0x08001270      0x13c ./Core/Src/stm32f4xx_hal_msp.o
                0x08001270                HAL_UART_MspInit
 .text.HAL_PCD_MspInit
                0x080013ac       0xb4 ./Core/Src/stm32f4xx_hal_msp.o
                0x080013ac                HAL_PCD_MspInit
 .text.NMI_Handler
                0x08001460        0x8 ./Core/Src/stm32f4xx_it.o
                0x08001460                NMI_Handler
 .text.HardFault_Handler
                0x08001468        0x8 ./Core/Src/stm32f4xx_it.o
                0x08001468                HardFault_Handler
 .text.MemManage_Handler
                0x08001470        0x8 ./Core/Src/stm32f4xx_it.o
                0x08001470                MemManage_Handler
 .text.BusFault_Handler
                0x08001478        0x8 ./Core/Src/stm32f4xx_it.o
                0x08001478                BusFault_Handler
 .text.UsageFault_Handler
                0x08001480        0x8 ./Core/Src/stm32f4xx_it.o
                0x08001480                UsageFault_Handler
 .text.SVC_Handler
                0x08001488        0xe ./Core/Src/stm32f4xx_it.o
                0x08001488                SVC_Handler
 .text.DebugMon_Handler
                0x08001496        0xe ./Core/Src/stm32f4xx_it.o
                0x08001496                DebugMon_Handler
 .text.PendSV_Handler
                0x080014a4        0xe ./Core/Src/stm32f4xx_it.o
                0x080014a4                PendSV_Handler
 .text.SysTick_Handler
                0x080014b2        0xc ./Core/Src/stm32f4xx_it.o
                0x080014b2                SysTick_Handler
 *fill*         0x080014be        0x2 
 .text._sbrk    0x080014c0       0x6c ./Core/Src/sysmem.o
                0x080014c0                _sbrk
 .text.SystemInit
                0x0800152c       0x24 ./Core/Src/system_stm32f4xx.o
                0x0800152c                SystemInit
 .text.Reset_Handler
                0x08001550       0x50 ./Core/Startup/startup_stm32f429zitx.o
                0x08001550                Reset_Handler
 .text.Default_Handler
                0x080015a0        0x2 ./Core/Startup/startup_stm32f429zitx.o
                0x080015a0                RTC_Alarm_IRQHandler
                0x080015a0                HASH_RNG_IRQHandler
                0x080015a0                EXTI2_IRQHandler
                0x080015a0                TIM8_CC_IRQHandler
                0x080015a0                UART8_IRQHandler
                0x080015a0                SPI4_IRQHandler
                0x080015a0                TIM1_CC_IRQHandler
                0x080015a0                DMA2_Stream5_IRQHandler
                0x080015a0                DMA1_Stream5_IRQHandler
                0x080015a0                PVD_IRQHandler
                0x080015a0                SDIO_IRQHandler
                0x080015a0                TAMP_STAMP_IRQHandler
                0x080015a0                CAN2_RX1_IRQHandler
                0x080015a0                EXTI3_IRQHandler
                0x080015a0                TIM8_TRG_COM_TIM14_IRQHandler
                0x080015a0                TIM1_UP_TIM10_IRQHandler
                0x080015a0                TIM8_UP_TIM13_IRQHandler
                0x080015a0                I2C3_ER_IRQHandler
                0x080015a0                EXTI0_IRQHandler
                0x080015a0                I2C2_EV_IRQHandler
                0x080015a0                DMA1_Stream2_IRQHandler
                0x080015a0                CAN1_RX0_IRQHandler
                0x080015a0                FPU_IRQHandler
                0x080015a0                OTG_HS_WKUP_IRQHandler
                0x080015a0                LTDC_ER_IRQHandler
                0x080015a0                CAN2_SCE_IRQHandler
                0x080015a0                DMA2_Stream2_IRQHandler
                0x080015a0                SPI1_IRQHandler
                0x080015a0                TIM6_DAC_IRQHandler
                0x080015a0                TIM1_BRK_TIM9_IRQHandler
                0x080015a0                DCMI_IRQHandler
                0x080015a0                CAN2_RX0_IRQHandler
                0x080015a0                DMA2_Stream3_IRQHandler
                0x080015a0                USART6_IRQHandler
                0x080015a0                USART3_IRQHandler
                0x080015a0                CAN1_RX1_IRQHandler
                0x080015a0                UART5_IRQHandler
                0x080015a0                DMA2_Stream0_IRQHandler
                0x080015a0                TIM4_IRQHandler
                0x080015a0                I2C1_EV_IRQHandler
                0x080015a0                DMA1_Stream6_IRQHandler
                0x080015a0                DMA1_Stream1_IRQHandler
                0x080015a0                UART4_IRQHandler
                0x080015a0                TIM3_IRQHandler
                0x080015a0                RCC_IRQHandler
                0x080015a0                TIM8_BRK_TIM12_IRQHandler
                0x080015a0                Default_Handler
                0x080015a0                EXTI15_10_IRQHandler
                0x080015a0                ADC_IRQHandler
                0x080015a0                DMA1_Stream7_IRQHandler
                0x080015a0                SPI5_IRQHandler
                0x080015a0                TIM7_IRQHandler
                0x080015a0                CAN2_TX_IRQHandler
                0x080015a0                TIM5_IRQHandler
                0x080015a0                DMA2_Stream7_IRQHandler
                0x080015a0                I2C3_EV_IRQHandler
                0x080015a0                EXTI9_5_IRQHandler
                0x080015a0                RTC_WKUP_IRQHandler
                0x080015a0                LTDC_IRQHandler
                0x080015a0                ETH_WKUP_IRQHandler
                0x080015a0                SPI2_IRQHandler
                0x080015a0                OTG_HS_EP1_IN_IRQHandler
                0x080015a0                DMA1_Stream0_IRQHandler
                0x080015a0                CAN1_TX_IRQHandler
                0x080015a0                EXTI4_IRQHandler
                0x080015a0                ETH_IRQHandler
                0x080015a0                OTG_HS_EP1_OUT_IRQHandler
                0x080015a0                WWDG_IRQHandler
                0x080015a0                SPI6_IRQHandler
                0x080015a0                TIM2_IRQHandler
                0x080015a0                OTG_FS_WKUP_IRQHandler
                0x080015a0                TIM1_TRG_COM_TIM11_IRQHandler
                0x080015a0                OTG_HS_IRQHandler
                0x080015a0                DMA2D_IRQHandler
                0x080015a0                EXTI1_IRQHandler
                0x080015a0                UART7_IRQHandler
                0x080015a0                USART2_IRQHandler
                0x080015a0                I2C2_ER_IRQHandler
                0x080015a0                DMA2_Stream1_IRQHandler
                0x080015a0                CAN1_SCE_IRQHandler
                0x080015a0                FLASH_IRQHandler
                0x080015a0                DMA2_Stream4_IRQHandler
                0x080015a0                USART1_IRQHandler
                0x080015a0                OTG_FS_IRQHandler
                0x080015a0                SPI3_IRQHandler
                0x080015a0                DMA1_Stream4_IRQHandler
                0x080015a0                I2C1_ER_IRQHandler
                0x080015a0                FMC_IRQHandler
                0x080015a0                DMA2_Stream6_IRQHandler
                0x080015a0                SAI1_IRQHandler
                0x080015a0                DMA1_Stream3_IRQHandler
 *fill*         0x080015a2        0x2 
 .text.Bluetooth_Inicializar
                0x080015a4       0x34 ./Drivers/API/Src/Driver_Bluetooth.o
                0x080015a4                Bluetooth_Inicializar
 .text.Bluetooth_Enviar
                0x080015d8       0x2e ./Drivers/API/Src/Driver_Bluetooth.o
                0x080015d8                Bluetooth_Enviar
 .text.Bluetooth_Leer
                0x08001606       0x36 ./Drivers/API/Src/Driver_Bluetooth.o
                0x08001606                Bluetooth_Leer
 .text.Delay_Inicializar
                0x0800163c       0x2a ./Drivers/API/Src/Driver_Delay.o
                0x0800163c                Delay_Inicializar
 .text.Delay_Leer
                0x08001666       0x5c ./Drivers/API/Src/Driver_Delay.o
                0x08001666                Delay_Leer
 .text.Delay_Escribir
                0x080016c2       0x1c ./Drivers/API/Src/Driver_Delay.o
                0x080016c2                Delay_Escribir
 .text.Actuador_Inicializar
                0x080016de       0x48 ./Drivers/API/Src/Driver_GPIO.o
                0x080016de                Actuador_Inicializar
 .text.Actuador_On
                0x08001726       0x2e ./Drivers/API/Src/Driver_GPIO.o
                0x08001726                Actuador_On
 .text.Actuador_Off
                0x08001754       0x2e ./Drivers/API/Src/Driver_GPIO.o
                0x08001754                Actuador_Off
 .text.Actuador_Toggle
                0x08001782       0x40 ./Drivers/API/Src/Driver_GPIO.o
                0x08001782                Actuador_Toggle
 .text.LCD_SendInternal
                0x080017c2       0x7e ./Drivers/API/Src/Driver_LCD.o
 .text.LCD_Cmd  0x08001840       0x20 ./Drivers/API/Src/Driver_LCD.o
 .text.LCD_Data
                0x08001860       0x20 ./Drivers/API/Src/Driver_LCD.o
 .text.LCD_Inicializar
                0x08001880       0xcc ./Drivers/API/Src/Driver_LCD.o
                0x08001880                LCD_Inicializar
 .text.LCD_EnviarCadena
                0x0800194c       0x30 ./Drivers/API/Src/Driver_LCD.o
                0x0800194c                LCD_EnviarCadena
 .text.LCD_Apuntar
                0x0800197c       0x38 ./Drivers/API/Src/Driver_LCD.o
                0x0800197c                LCD_Apuntar
 .text.LCD_Limpiar
                0x080019b4       0x28 ./Drivers/API/Src/Driver_LCD.o
                0x080019b4                LCD_Limpiar
 .text.SHT30_Inicializar
                0x080019dc       0x40 ./Drivers/API/Src/Driver_SHT30.o
                0x080019dc                SHT30_Inicializar
 .text.SHT30_Leer
                0x08001a1c      0x108 ./Drivers/API/Src/Driver_SHT30.o
                0x08001a1c                SHT30_Leer
 .text.SensorHumedad_Inicializar
                0x08001b24       0x30 ./Drivers/API/Src/Driver_SensorSuelo.o
                0x08001b24                SensorHumedad_Inicializar
 .text.SensorHumedad_LeerValorMedido
                0x08001b54       0x24 ./Drivers/API/Src/Driver_SensorSuelo.o
                0x08001b54                SensorHumedad_LeerValorMedido
 .text.SensorHumedad_LeerPorcentaje
                0x08001b78       0x80 ./Drivers/API/Src/Driver_SensorSuelo.o
                0x08001b78                SensorHumedad_LeerPorcentaje
 .text.Infra_I2C_Write
                0x08001bf8       0x3c ./Drivers/API/Src/Infraestructura.o
                0x08001bf8                Infra_I2C_Write
 .text.Infra_I2C_Read
                0x08001c34       0x3c ./Drivers/API/Src/Infraestructura.o
                0x08001c34                Infra_I2C_Read
 .text.Infra_UART_Write
                0x08001c70       0x24 ./Drivers/API/Src/Infraestructura.o
                0x08001c70                Infra_UART_Write
 .text.Infra_UART_Read
                0x08001c94       0x30 ./Drivers/API/Src/Infraestructura.o
                0x08001c94                Infra_UART_Read
 .text.Infra_ADC_Read
                0x08001cc4       0x3c ./Drivers/API/Src/Infraestructura.o
                0x08001cc4                Infra_ADC_Read
 .text.Infra_GPIO_Write
                0x08001d00       0x32 ./Drivers/API/Src/Infraestructura.o
                0x08001d00                Infra_GPIO_Write
 .text.Infra_Delay
                0x08001d32       0x16 ./Drivers/API/Src/Infraestructura.o
                0x08001d32                Infra_Delay
 .text.Infra_GetTick
                0x08001d48        0xe ./Drivers/API/Src/Infraestructura.o
                0x08001d48                Infra_GetTick
 *fill*         0x08001d56        0x2 
 .text.HAL_Init
                0x08001d58       0x44 ./Drivers/STM32F4xx_HAL_Driver/Src/stm32f4xx_hal.o
                0x08001d58                HAL_Init
 .text.HAL_InitTick
                0x08001d9c       0x60 ./Drivers/STM32F4xx_HAL_Driver/Src/stm32f4xx_hal.o
                0x08001d9c                HAL_InitTick
 .text.HAL_IncTick
                0x08001dfc       0x28 ./Drivers/STM32F4xx_HAL_Driver/Src/stm32f4xx_hal.o
                0x08001dfc                HAL_IncTick
 .text.HAL_GetTick
                0x08001e24       0x18 ./Drivers/STM32F4xx_HAL_Driver/Src/stm32f4xx_hal.o
                0x08001e24                HAL_GetTick
 .text.HAL_Delay
                0x08001e3c       0x48 ./Drivers/STM32F4xx_HAL_Driver/Src/stm32f4xx_hal.o
                0x08001e3c                HAL_Delay
 .text.HAL_ADC_Init
                0x08001e84       0x86 ./Drivers/STM32F4xx_HAL_Driver/Src/stm32f4xx_hal_adc.o
                0x08001e84                HAL_ADC_Init
 *fill*         0x08001f0a        0x2 
 .text.HAL_ADC_Start
                0x08001f0c      0x1a4 ./Drivers/STM32F4xx_HAL_Driver/Src/stm32f4xx_hal_adc.o
                0x08001f0c                HAL_ADC_Start
 .text.HAL_ADC_Stop
                0x080020b0       0x66 ./Drivers/STM32F4xx_HAL_Driver/Src/stm32f4xx_hal_adc.o
                0x080020b0                HAL_ADC_Stop
 .text.HAL_ADC_PollForConversion
                0x08002116      0x116 ./Drivers/STM32F4xx_HAL_Driver/Src/stm32f4xx_hal_adc.o
                0x08002116                HAL_ADC_PollForConversion
 .text.HAL_ADC_GetValue
                0x0800222c       0x1a ./Drivers/STM32F4xx_HAL_Driver/Src/stm32f4xx_hal_adc.o
                0x0800222c                HAL_ADC_GetValue
 *fill*         0x08002246        0x2 
 .text.HAL_ADC_ConfigChannel
                0x08002248      0x264 ./Drivers/STM32F4xx_HAL_Driver/Src/stm32f4xx_hal_adc.o
                0x08002248                HAL_ADC_ConfigChannel
 .text.ADC_Init
                0x080024ac      0x1f8 ./Drivers/STM32F4xx_HAL_Driver/Src/stm32f4xx_hal_adc.o
 .text.__NVIC_SetPriorityGrouping
                0x080026a4       0x48 ./Drivers/STM32F4xx_HAL_Driver/Src/stm32f4xx_hal_cortex.o
 .text.__NVIC_GetPriorityGrouping
                0x080026ec       0x1c ./Drivers/STM32F4xx_HAL_Driver/Src/stm32f4xx_hal_cortex.o
 .text.__NVIC_SetPriority
                0x08002708       0x54 ./Drivers/STM32F4xx_HAL_Driver/Src/stm32f4xx_hal_cortex.o
 .text.NVIC_EncodePriority
                0x0800275c       0x66 ./Drivers/STM32F4xx_HAL_Driver/Src/stm32f4xx_hal_cortex.o
 *fill*         0x080027c2        0x2 
 .text.SysTick_Config
                0x080027c4       0x44 ./Drivers/STM32F4xx_HAL_Driver/Src/stm32f4xx_hal_cortex.o
 .text.HAL_NVIC_SetPriorityGrouping
                0x08002808       0x16 ./Drivers/STM32F4xx_HAL_Driver/Src/stm32f4xx_hal_cortex.o
                0x08002808                HAL_NVIC_SetPriorityGrouping
 .text.HAL_NVIC_SetPriority
                0x0800281e       0x38 ./Drivers/STM32F4xx_HAL_Driver/Src/stm32f4xx_hal_cortex.o
                0x0800281e                HAL_NVIC_SetPriority
 .text.HAL_SYSTICK_Config
                0x08002856       0x18 ./Drivers/STM32F4xx_HAL_Driver/Src/stm32f4xx_hal_cortex.o
                0x08002856                HAL_SYSTICK_Config
 *fill*         0x0800286e        0x2 
 .text.HAL_ETH_Init
                0x08002870      0x138 ./Drivers/STM32F4xx_HAL_Driver/Src/stm32f4xx_hal_eth.o
                0x08002870                HAL_ETH_Init
 .text.ETH_SetMACConfig
                0x080029a8      0x168 ./Drivers/STM32F4xx_HAL_Driver/Src/stm32f4xx_hal_eth.o
 .text.ETH_SetDMAConfig
                0x08002b10      0x114 ./Drivers/STM32F4xx_HAL_Driver/Src/stm32f4xx_hal_eth.o
 .text.ETH_MACDMAConfig
                0x08002c24       0xea ./Drivers/STM32F4xx_HAL_Driver/Src/stm32f4xx_hal_eth.o
 *fill*         0x08002d0e        0x2 
 .text.ETH_MACAddressConfig
                0x08002d10       0x70 ./Drivers/STM32F4xx_HAL_Driver/Src/stm32f4xx_hal_eth.o
 .text.ETH_DMATxDescListInit
                0x08002d80       0xb2 ./Drivers/STM32F4xx_HAL_Driver/Src/stm32f4xx_hal_eth.o
 .text.ETH_DMARxDescListInit
                0x08002e32       0xde ./Drivers/STM32F4xx_HAL_Driver/Src/stm32f4xx_hal_eth.o
 .text.HAL_GPIO_Init
                0x08002f10      0x358 ./Drivers/STM32F4xx_HAL_Driver/Src/stm32f4xx_hal_gpio.o
                0x08002f10                HAL_GPIO_Init
 .text.HAL_GPIO_WritePin
                0x08003268       0x32 ./Drivers/STM32F4xx_HAL_Driver/Src/stm32f4xx_hal_gpio.o
                0x08003268                HAL_GPIO_WritePin
 *fill*         0x0800329a        0x2 
 .text.HAL_I2C_Init
                0x0800329c      0x288 ./Drivers/STM32F4xx_HAL_Driver/Src/stm32f4xx_hal_i2c.o
                0x0800329c                HAL_I2C_Init
 .text.HAL_I2C_Master_Transmit
                0x08003524      0x1fc ./Drivers/STM32F4xx_HAL_Driver/Src/stm32f4xx_hal_i2c.o
                0x08003524                HAL_I2C_Master_Transmit
 .text.HAL_I2C_Master_Receive
                0x08003720      0x464 ./Drivers/STM32F4xx_HAL_Driver/Src/stm32f4xx_hal_i2c.o
                0x08003720                HAL_I2C_Master_Receive
 .text.I2C_MasterRequestWrite
                0x08003b84      0x104 ./Drivers/STM32F4xx_HAL_Driver/Src/stm32f4xx_hal_i2c.o
 .text.I2C_MasterRequestRead
                0x08003c88      0x19c ./Drivers/STM32F4xx_HAL_Driver/Src/stm32f4xx_hal_i2c.o
 .text.I2C_WaitOnFlagUntilTimeout
                0x08003e24       0xf4 ./Drivers/STM32F4xx_HAL_Driver/Src/stm32f4xx_hal_i2c.o
 .text.I2C_WaitOnMasterAddressFlagUntilTimeout
                0x08003f18      0x140 ./Drivers/STM32F4xx_HAL_Driver/Src/stm32f4xx_hal_i2c.o
 .text.I2C_WaitOnTXEFlagUntilTimeout
                0x08004058       0x90 ./Drivers/STM32F4xx_HAL_Driver/Src/stm32f4xx_hal_i2c.o
 .text.I2C_WaitOnBTFFlagUntilTimeout
                0x080040e8       0x90 ./Drivers/STM32F4xx_HAL_Driver/Src/stm32f4xx_hal_i2c.o
 .text.I2C_WaitOnRXNEFlagUntilTimeout
                0x08004178       0xba ./Drivers/STM32F4xx_HAL_Driver/Src/stm32f4xx_hal_i2c.o
 .text.I2C_IsAcknowledgeFailed
                0x08004232       0x5e ./Drivers/STM32F4xx_HAL_Driver/Src/stm32f4xx_hal_i2c.o
 .text.HAL_I2CEx_ConfigAnalogFilter
                0x08004290       0x78 ./Drivers/STM32F4xx_HAL_Driver/Src/stm32f4xx_hal_i2c_ex.o
                0x08004290                HAL_I2CEx_ConfigAnalogFilter
 .text.HAL_I2CEx_ConfigDigitalFilter
                0x08004308       0x7e ./Drivers/STM32F4xx_HAL_Driver/Src/stm32f4xx_hal_i2c_ex.o
                0x08004308                HAL_I2CEx_ConfigDigitalFilter
 .text.HAL_PCD_Init
                0x08004386      0x21e ./Drivers/STM32F4xx_HAL_Driver/Src/stm32f4xx_hal_pcd.o
                0x08004386                HAL_PCD_Init
 .text.HAL_RCC_OscConfig
                0x080045a4      0x4f0 ./Drivers/STM32F4xx_HAL_Driver/Src/stm32f4xx_hal_rcc.o
                0x080045a4                HAL_RCC_OscConfig
 .text.HAL_RCC_ClockConfig
                0x08004a94      0x1cc ./Drivers/STM32F4xx_HAL_Driver/Src/stm32f4xx_hal_rcc.o
                0x08004a94                HAL_RCC_ClockConfig
 .text.HAL_RCC_GetSysClockFreq
                0x08004c60      0x20c ./Drivers/STM32F4xx_HAL_Driver/Src/stm32f4xx_hal_rcc.o
                0x08004c60                HAL_RCC_GetSysClockFreq
 .text.HAL_RCC_GetHCLKFreq
                0x08004e6c       0x18 ./Drivers/STM32F4xx_HAL_Driver/Src/stm32f4xx_hal_rcc.o
                0x08004e6c                HAL_RCC_GetHCLKFreq
 .text.HAL_RCC_GetPCLK1Freq
                0x08004e84       0x28 ./Drivers/STM32F4xx_HAL_Driver/Src/stm32f4xx_hal_rcc.o
                0x08004e84                HAL_RCC_GetPCLK1Freq
 .text.HAL_RCC_GetPCLK2Freq
                0x08004eac       0x28 ./Drivers/STM32F4xx_HAL_Driver/Src/stm32f4xx_hal_rcc.o
                0x08004eac                HAL_RCC_GetPCLK2Freq
 .text.HAL_UART_Init
                0x08004ed4       0xa0 ./Drivers/STM32F4xx_HAL_Driver/Src/stm32f4xx_hal_uart.o
                0x08004ed4                HAL_UART_Init
 .text.HAL_UART_Transmit
                0x08004f74      0x116 ./Drivers/STM32F4xx_HAL_Driver/Src/stm32f4xx_hal_uart.o
                0x08004f74                HAL_UART_Transmit
 .text.HAL_UART_Receive
                0x0800508a      0x12e ./Drivers/STM32F4xx_HAL_Driver/Src/stm32f4xx_hal_uart.o
                0x0800508a                HAL_UART_Receive
 .text.UART_WaitOnFlagUntilTimeout
                0x080051b8       0xb2 ./Drivers/STM32F4xx_HAL_Driver/Src/stm32f4xx_hal_uart.o
 .text.UART_EndRxTransfer
                0x0800526a       0xc6 ./Drivers/STM32F4xx_HAL_Driver/Src/stm32f4xx_hal_uart.o
 .text.UART_SetConfig
                0x08005330      0x4e8 ./Drivers/STM32F4xx_HAL_Driver/Src/stm32f4xx_hal_uart.o
 .text.USB_CoreInit
                0x08005818       0xc8 ./Drivers/STM32F4xx_HAL_Driver/Src/stm32f4xx_ll_usb.o
                0x08005818                USB_CoreInit
 .text.USB_DisableGlobalInt
                0x080058e0       0x22 ./Drivers/STM32F4xx_HAL_Driver/Src/stm32f4xx_ll_usb.o
                0x080058e0                USB_DisableGlobalInt
 .text.USB_SetCurrentMode
                0x08005902       0x98 ./Drivers/STM32F4xx_HAL_Driver/Src/stm32f4xx_ll_usb.o
                0x08005902                USB_SetCurrentMode
 *fill*         0x0800599a        0x2 
 .text.USB_DevInit
                0x0800599c      0x2c8 ./Drivers/STM32F4xx_HAL_Driver/Src/stm32f4xx_ll_usb.o
                0x0800599c                USB_DevInit
 .text.USB_FlushTxFifo
                0x08005c64       0x64 ./Drivers/STM32F4xx_HAL_Driver/Src/stm32f4xx_ll_usb.o
                0x08005c64                USB_FlushTxFifo
 .text.USB_FlushRxFifo
                0x08005cc8       0x5c ./Drivers/STM32F4xx_HAL_Driver/Src/stm32f4xx_ll_usb.o
                0x08005cc8                USB_FlushRxFifo
 .text.USB_SetDevSpeed
                0x08005d24       0x32 ./Drivers/STM32F4xx_HAL_Driver/Src/stm32f4xx_ll_usb.o
                0x08005d24                USB_SetDevSpeed
 .text.USB_DevDisconnect
                0x08005d56       0x42 ./Drivers/STM32F4xx_HAL_Driver/Src/stm32f4xx_ll_usb.o
                0x08005d56                USB_DevDisconnect
 .text.USB_GetMode
                0x08005d98       0x1c ./Drivers/STM32F4xx_HAL_Driver/Src/stm32f4xx_ll_usb.o
                0x08005d98                USB_GetMode
 .text.USB_CoreReset
                0x08005db4       0x70 ./Drivers/STM32F4xx_HAL_Driver/Src/stm32f4xx_ll_usb.o
 .text.sprintf  0x08005e24       0x44 C:/ST/STM32CubeIDE_1.19.0/STM32CubeIDE/plugins/com.st.stm32cube.ide.mcu.externaltools.gnu-tools-for-stm32.13.3.rel1.win32_1.0.0.202411081344/tools/bin/../lib/gcc/arm-none-eabi/13.3.1/../../../../arm-none-eabi/lib/thumb/v7e-m+fp/hard\libc_nano.a(libc_a-sprintf.o)
                0x08005e24                siprintf
                0x08005e24                sprintf
 .text.memset   0x08005e68       0x10 C:/ST/STM32CubeIDE_1.19.0/STM32CubeIDE/plugins/com.st.stm32cube.ide.mcu.externaltools.gnu-tools-for-stm32.13.3.rel1.win32_1.0.0.202411081344/tools/bin/../lib/gcc/arm-none-eabi/13.3.1/../../../../arm-none-eabi/lib/thumb/v7e-m+fp/hard\libc_nano.a(libc_a-memset.o)
                0x08005e68                memset
 .text.__errno  0x08005e78        0xc C:/ST/STM32CubeIDE_1.19.0/STM32CubeIDE/plugins/com.st.stm32cube.ide.mcu.externaltools.gnu-tools-for-stm32.13.3.rel1.win32_1.0.0.202411081344/tools/bin/../lib/gcc/arm-none-eabi/13.3.1/../../../../arm-none-eabi/lib/thumb/v7e-m+fp/hard\libc_nano.a(libc_a-errno.o)
                0x08005e78                __errno
 .text.__libc_init_array
                0x08005e84       0x48 C:/ST/STM32CubeIDE_1.19.0/STM32CubeIDE/plugins/com.st.stm32cube.ide.mcu.externaltools.gnu-tools-for-stm32.13.3.rel1.win32_1.0.0.202411081344/tools/bin/../lib/gcc/arm-none-eabi/13.3.1/../../../../arm-none-eabi/lib/thumb/v7e-m+fp/hard\libc_nano.a(libc_a-init.o)
                0x08005e84                __libc_init_array
 .text.__retarget_lock_acquire_recursive
                0x08005ecc        0x2 C:/ST/STM32CubeIDE_1.19.0/STM32CubeIDE/plugins/com.st.stm32cube.ide.mcu.externaltools.gnu-tools-for-stm32.13.3.rel1.win32_1.0.0.202411081344/tools/bin/../lib/gcc/arm-none-eabi/13.3.1/../../../../arm-none-eabi/lib/thumb/v7e-m+fp/hard\libc_nano.a(libc_a-lock.o)
                0x08005ecc                __retarget_lock_acquire_recursive
 .text.__retarget_lock_release_recursive
                0x08005ece        0x2 C:/ST/STM32CubeIDE_1.19.0/STM32CubeIDE/plugins/com.st.stm32cube.ide.mcu.externaltools.gnu-tools-for-stm32.13.3.rel1.win32_1.0.0.202411081344/tools/bin/../lib/gcc/arm-none-eabi/13.3.1/../../../../arm-none-eabi/lib/thumb/v7e-m+fp/hard\libc_nano.a(libc_a-lock.o)
                0x08005ece                __retarget_lock_release_recursive
 .text._free_r  0x08005ed0       0x94 C:/ST/STM32CubeIDE_1.19.0/STM32CubeIDE/plugins/com.st.stm32cube.ide.mcu.externaltools.gnu-tools-for-stm32.13.3.rel1.win32_1.0.0.202411081344/tools/bin/../lib/gcc/arm-none-eabi/13.3.1/../../../../arm-none-eabi/lib/thumb/v7e-m+fp/hard\libc_nano.a(libc_a-freer.o)
                0x08005ed0                _free_r
 .text.sbrk_aligned
                0x08005f64       0x44 C:/ST/STM32CubeIDE_1.19.0/STM32CubeIDE/plugins/com.st.stm32cube.ide.mcu.externaltools.gnu-tools-for-stm32.13.3.rel1.win32_1.0.0.202411081344/tools/bin/../lib/gcc/arm-none-eabi/13.3.1/../../../../arm-none-eabi/lib/thumb/v7e-m+fp/hard\libc_nano.a(libc_a-mallocr.o)
 .text._malloc_r
                0x08005fa8      0x100 C:/ST/STM32CubeIDE_1.19.0/STM32CubeIDE/plugins/com.st.stm32cube.ide.mcu.externaltools.gnu-tools-for-stm32.13.3.rel1.win32_1.0.0.202411081344/tools/bin/../lib/gcc/arm-none-eabi/13.3.1/../../../../arm-none-eabi/lib/thumb/v7e-m+fp/hard\libc_nano.a(libc_a-mallocr.o)
                0x08005fa8                _malloc_r
 .text.__malloc_lock
                0x080060a8        0xc C:/ST/STM32CubeIDE_1.19.0/STM32CubeIDE/plugins/com.st.stm32cube.ide.mcu.externaltools.gnu-tools-for-stm32.13.3.rel1.win32_1.0.0.202411081344/tools/bin/../lib/gcc/arm-none-eabi/13.3.1/../../../../arm-none-eabi/lib/thumb/v7e-m+fp/hard\libc_nano.a(libc_a-mlock.o)
                0x080060a8                __malloc_lock
 .text.__malloc_unlock
                0x080060b4        0xc C:/ST/STM32CubeIDE_1.19.0/STM32CubeIDE/plugins/com.st.stm32cube.ide.mcu.externaltools.gnu-tools-for-stm32.13.3.rel1.win32_1.0.0.202411081344/tools/bin/../lib/gcc/arm-none-eabi/13.3.1/../../../../arm-none-eabi/lib/thumb/v7e-m+fp/hard\libc_nano.a(libc_a-mlock.o)
                0x080060b4                __malloc_unlock
 .text.__ssputs_r
                0x080060c0       0xb6 C:/ST/STM32CubeIDE_1.19.0/STM32CubeIDE/plugins/com.st.stm32cube.ide.mcu.externaltools.gnu-tools-for-stm32.13.3.rel1.win32_1.0.0.202411081344/tools/bin/../lib/gcc/arm-none-eabi/13.3.1/../../../../arm-none-eabi/lib/thumb/v7e-m+fp/hard\libc_nano.a(libc_a-nano-svfprintf.o)
                0x080060c0                __ssputs_r
 *fill*         0x08006176        0x2 
 .text._svfprintf_r
                0x08006178      0x1f8 C:/ST/STM32CubeIDE_1.19.0/STM32CubeIDE/plugins/com.st.stm32cube.ide.mcu.externaltools.gnu-tools-for-stm32.13.3.rel1.win32_1.0.0.202411081344/tools/bin/../lib/gcc/arm-none-eabi/13.3.1/../../../../arm-none-eabi/lib/thumb/v7e-m+fp/hard\libc_nano.a(libc_a-nano-svfprintf.o)
                0x08006178                _svfiprintf_r
                0x08006178                _svfprintf_r
 .text._printf_common
                0x08006370       0xda C:/ST/STM32CubeIDE_1.19.0/STM32CubeIDE/plugins/com.st.stm32cube.ide.mcu.externaltools.gnu-tools-for-stm32.13.3.rel1.win32_1.0.0.202411081344/tools/bin/../lib/gcc/arm-none-eabi/13.3.1/../../../../arm-none-eabi/lib/thumb/v7e-m+fp/hard\libc_nano.a(libc_a-nano-vfprintf_i.o)
                0x08006370                _printf_common
 *fill*         0x0800644a        0x2 
 .text._printf_i
                0x0800644c      0x23c C:/ST/STM32CubeIDE_1.19.0/STM32CubeIDE/plugins/com.st.stm32cube.ide.mcu.externaltools.gnu-tools-for-stm32.13.3.rel1.win32_1.0.0.202411081344/tools/bin/../lib/gcc/arm-none-eabi/13.3.1/../../../../arm-none-eabi/lib/thumb/v7e-m+fp/hard\libc_nano.a(libc_a-nano-vfprintf_i.o)
                0x0800644c                _printf_i
 .text.memmove  0x08006688       0x34 C:/ST/STM32CubeIDE_1.19.0/STM32CubeIDE/plugins/com.st.stm32cube.ide.mcu.externaltools.gnu-tools-for-stm32.13.3.rel1.win32_1.0.0.202411081344/tools/bin/../lib/gcc/arm-none-eabi/13.3.1/../../../../arm-none-eabi/lib/thumb/v7e-m+fp/hard\libc_nano.a(libc_a-memmove.o)
                0x08006688                memmove
 .text._sbrk_r  0x080066bc       0x20 C:/ST/STM32CubeIDE_1.19.0/STM32CubeIDE/plugins/com.st.stm32cube.ide.mcu.externaltools.gnu-tools-for-stm32.13.3.rel1.win32_1.0.0.202411081344/tools/bin/../lib/gcc/arm-none-eabi/13.3.1/../../../../arm-none-eabi/lib/thumb/v7e-m+fp/hard\libc_nano.a(libc_a-sbrkr.o)
                0x080066bc                _sbrk_r
 .text.memcpy   0x080066dc       0x1c C:/ST/STM32CubeIDE_1.19.0/STM32CubeIDE/plugins/com.st.stm32cube.ide.mcu.externaltools.gnu-tools-for-stm32.13.3.rel1.win32_1.0.0.202411081344/tools/bin/../lib/gcc/arm-none-eabi/13.3.1/../../../../arm-none-eabi/lib/thumb/v7e-m+fp/hard\libc_nano.a(libc_a-memcpy-stub.o)
                0x080066dc                memcpy
 .text._realloc_r
                0x080066f8       0x5c C:/ST/STM32CubeIDE_1.19.0/STM32CubeIDE/plugins/com.st.stm32cube.ide.mcu.externaltools.gnu-tools-for-stm32.13.3.rel1.win32_1.0.0.202411081344/tools/bin/../lib/gcc/arm-none-eabi/13.3.1/../../../../arm-none-eabi/lib/thumb/v7e-m+fp/hard\libc_nano.a(libc_a-reallocr.o)
                0x080066f8                _realloc_r
 .text._malloc_usable_size_r
                0x08006754       0x10 C:/ST/STM32CubeIDE_1.19.0/STM32CubeIDE/plugins/com.st.stm32cube.ide.mcu.externaltools.gnu-tools-for-stm32.13.3.rel1.win32_1.0.0.202411081344/tools/bin/../lib/gcc/arm-none-eabi/13.3.1/../../../../arm-none-eabi/lib/thumb/v7e-m+fp/hard\libc_nano.a(libc_a-msizer.o)
                0x08006754                _malloc_usable_size_r
 *(.glue_7)
 .glue_7        0x08006764        0x0 linker stubs
 *(.glue_7t)
 .glue_7t       0x08006764        0x0 linker stubs
 *(.eh_frame)
 .eh_frame      0x08006764        0x0 C:/ST/STM32CubeIDE_1.19.0/STM32CubeIDE/plugins/com.st.stm32cube.ide.mcu.externaltools.gnu-tools-for-stm32.13.3.rel1.win32_1.0.0.202411081344/tools/bin/../lib/gcc/arm-none-eabi/13.3.1/thumb/v7e-m+fp/hard/crtbegin.o
 *(.init)
 .init          0x08006764        0x4 C:/ST/STM32CubeIDE_1.19.0/STM32CubeIDE/plugins/com.st.stm32cube.ide.mcu.externaltools.gnu-tools-for-stm32.13.3.rel1.win32_1.0.0.202411081344/tools/bin/../lib/gcc/arm-none-eabi/13.3.1/thumb/v7e-m+fp/hard/crti.o
                0x08006764                _init
 .init          0x08006768        0x8 C:/ST/STM32CubeIDE_1.19.0/STM32CubeIDE/plugins/com.st.stm32cube.ide.mcu.externaltools.gnu-tools-for-stm32.13.3.rel1.win32_1.0.0.202411081344/tools/bin/../lib/gcc/arm-none-eabi/13.3.1/thumb/v7e-m+fp/hard/crtn.o
 *(.fini)
 .fini          0x08006770        0x4 C:/ST/STM32CubeIDE_1.19.0/STM32CubeIDE/plugins/com.st.stm32cube.ide.mcu.externaltools.gnu-tools-for-stm32.13.3.rel1.win32_1.0.0.202411081344/tools/bin/../lib/gcc/arm-none-eabi/13.3.1/thumb/v7e-m+fp/hard/crti.o
                0x08006770                _fini
 .fini          0x08006774        0x8 C:/ST/STM32CubeIDE_1.19.0/STM32CubeIDE/plugins/com.st.stm32cube.ide.mcu.externaltools.gnu-tools-for-stm32.13.3.rel1.win32_1.0.0.202411081344/tools/bin/../lib/gcc/arm-none-eabi/13.3.1/thumb/v7e-m+fp/hard/crtn.o
                0x0800677c                        . = ALIGN (0x4)
                0x0800677c                        _etext = .

.vfp11_veneer   0x0800677c        0x0
 .vfp11_veneer  0x0800677c        0x0 linker stubs

.v4_bx          0x0800677c        0x0
 .v4_bx         0x0800677c        0x0 linker stubs

.iplt           0x0800677c        0x0
 .iplt          0x0800677c        0x0 C:/ST/STM32CubeIDE_1.19.0/STM32CubeIDE/plugins/com.st.stm32cube.ide.mcu.externaltools.gnu-tools-for-stm32.13.3.rel1.win32_1.0.0.202411081344/tools/bin/../lib/gcc/arm-none-eabi/13.3.1/thumb/v7e-m+fp/hard/crtbegin.o

.rodata         0x0800677c      0x108
                0x0800677c                        . = ALIGN (0x4)
 *(.rodata)
 .rodata        0x0800677c       0x9d ./Core/Src/main.o
 *fill*         0x08006819        0x3 
 .rodata        0x0800681c       0x1a ./Drivers/API/Src/Driver_Bluetooth.o
 *(.rodata*)
 *fill*         0x08006836        0x2 
 .rodata.AHBPrescTable
                0x08006838       0x10 ./Core/Src/system_stm32f4xx.o
                0x08006838                AHBPrescTable
 .rodata.APBPrescTable
                0x08006848        0x8 ./Core/Src/system_stm32f4xx.o
                0x08006848                APBPrescTable
 .rodata._svfprintf_r.str1.1
                0x08006850       0x33 C:/ST/STM32CubeIDE_1.19.0/STM32CubeIDE/plugins/com.st.stm32cube.ide.mcu.externaltools.gnu-tools-for-stm32.13.3.rel1.win32_1.0.0.202411081344/tools/bin/../lib/gcc/arm-none-eabi/13.3.1/../../../../arm-none-eabi/lib/thumb/v7e-m+fp/hard\libc_nano.a(libc_a-nano-svfprintf.o)
                                 0x11 (size before relaxing)
 .rodata._printf_i.str1.1
                0x08006883       0x22 C:/ST/STM32CubeIDE_1.19.0/STM32CubeIDE/plugins/com.st.stm32cube.ide.mcu.externaltools.gnu-tools-for-stm32.13.3.rel1.win32_1.0.0.202411081344/tools/bin/../lib/gcc/arm-none-eabi/13.3.1/../../../../arm-none-eabi/lib/thumb/v7e-m+fp/hard\libc_nano.a(libc_a-nano-vfprintf_i.o)
                0x080068a8                        . = ALIGN (0x4)
 *fill*         0x08006883        0x1 

.ARM.extab      0x08006884        0x0
                0x08006884                        . = ALIGN (0x4)
 *(.ARM.extab* .gnu.linkonce.armextab.*)
                0x08006884                        . = ALIGN (0x4)

.ARM            0x08006884        0x8
                0x08006884                        . = ALIGN (0x4)
                0x08006884                        __exidx_start = .
 *(.ARM.exidx*)
 .ARM.exidx     0x08006884        0x8 C:/ST/STM32CubeIDE_1.19.0/STM32CubeIDE/plugins/com.st.stm32cube.ide.mcu.externaltools.gnu-tools-for-stm32.13.3.rel1.win32_1.0.0.202411081344/tools/bin/../lib/gcc/arm-none-eabi/13.3.1/../../../../arm-none-eabi/lib/thumb/v7e-m+fp/hard\libc_nano.a(libc_a-strlen.o)
 .ARM.exidx     0x0800688c        0x0 C:/ST/STM32CubeIDE_1.19.0/STM32CubeIDE/plugins/com.st.stm32cube.ide.mcu.externaltools.gnu-tools-for-stm32.13.3.rel1.win32_1.0.0.202411081344/tools/bin/../lib/gcc/arm-none-eabi/13.3.1/../../../../arm-none-eabi/lib/thumb/v7e-m+fp/hard\libc_nano.a(libc_a-memchr.o)
                                  0x8 (size before relaxing)
 .ARM.exidx     0x0800688c        0x0 C:/ST/STM32CubeIDE_1.19.0/STM32CubeIDE/plugins/com.st.stm32cube.ide.mcu.externaltools.gnu-tools-for-stm32.13.3.rel1.win32_1.0.0.202411081344/tools/bin/../lib/gcc/arm-none-eabi/13.3.1/thumb/v7e-m+fp/hard\libgcc.a(_udivmoddi4.o)
                                  0x8 (size before relaxing)
                0x0800688c                        __exidx_end = .
                0x0800688c                        . = ALIGN (0x4)

.preinit_array  0x0800688c        0x0
                0x0800688c                        . = ALIGN (0x4)
                0x0800688c                        PROVIDE (__preinit_array_start = .)
 *(.preinit_array*)
                0x0800688c                        PROVIDE (__preinit_array_end = .)
                0x0800688c                        . = ALIGN (0x4)

.init_array     0x0800688c        0x4
                0x0800688c                        . = ALIGN (0x4)
                0x0800688c                        PROVIDE (__init_array_start = .)
 *(SORT_BY_NAME(.init_array.*))
 *(.init_array*)
 .init_array    0x0800688c        0x4 C:/ST/STM32CubeIDE_1.19.0/STM32CubeIDE/plugins/com.st.stm32cube.ide.mcu.externaltools.gnu-tools-for-stm32.13.3.rel1.win32_1.0.0.202411081344/tools/bin/../lib/gcc/arm-none-eabi/13.3.1/thumb/v7e-m+fp/hard/crtbegin.o
                0x08006890                        PROVIDE (__init_array_end = .)
                0x08006890                        . = ALIGN (0x4)

.fini_array     0x08006890        0x4
                0x08006890                        . = ALIGN (0x4)
                [!provide]                        PROVIDE (__fini_array_start = .)
 *(SORT_BY_NAME(.fini_array.*))
 *(.fini_array*)
 .fini_array    0x08006890        0x4 C:/ST/STM32CubeIDE_1.19.0/STM32CubeIDE/plugins/com.st.stm32cube.ide.mcu.externaltools.gnu-tools-for-stm32.13.3.rel1.win32_1.0.0.202411081344/tools/bin/../lib/gcc/arm-none-eabi/13.3.1/thumb/v7e-m+fp/hard/crtbegin.o
                [!provide]                        PROVIDE (__fini_array_end = .)
                0x08006894                        . = ALIGN (0x4)
                0x08006894                        _sidata = LOADADDR (.data)

.rel.dyn        0x08006894        0x0
 .rel.iplt      0x08006894        0x0 C:/ST/STM32CubeIDE_1.19.0/STM32CubeIDE/plugins/com.st.stm32cube.ide.mcu.externaltools.gnu-tools-for-stm32.13.3.rel1.win32_1.0.0.202411081344/tools/bin/../lib/gcc/arm-none-eabi/13.3.1/thumb/v7e-m+fp/hard/crtbegin.o

.data           0x20000000       0x5c load address 0x08006894
                0x20000000                        . = ALIGN (0x4)
                0x20000000                        _sdata = .
 *(.data)
 *(.data*)
 .data.SystemCoreClock
                0x20000000        0x4 ./Core/Src/system_stm32f4xx.o
                0x20000000                SystemCoreClock
 .data.uwTickPrio
                0x20000004        0x4 ./Drivers/STM32F4xx_HAL_Driver/Src/stm32f4xx_hal.o
                0x20000004                uwTickPrio
 .data.uwTickFreq
                0x20000008        0x1 ./Drivers/STM32F4xx_HAL_Driver/Src/stm32f4xx_hal.o
                0x20000008                uwTickFreq
 *fill*         0x20000009        0x3 
 .data._impure_ptr
                0x2000000c        0x4 C:/ST/STM32CubeIDE_1.19.0/STM32CubeIDE/plugins/com.st.stm32cube.ide.mcu.externaltools.gnu-tools-for-stm32.13.3.rel1.win32_1.0.0.202411081344/tools/bin/../lib/gcc/arm-none-eabi/13.3.1/../../../../arm-none-eabi/lib/thumb/v7e-m+fp/hard\libc_nano.a(libc_a-impure.o)
                0x2000000c                _impure_ptr
 .data._impure_data
                0x20000010       0x4c C:/ST/STM32CubeIDE_1.19.0/STM32CubeIDE/plugins/com.st.stm32cube.ide.mcu.externaltools.gnu-tools-for-stm32.13.3.rel1.win32_1.0.0.202411081344/tools/bin/../lib/gcc/arm-none-eabi/13.3.1/../../../../arm-none-eabi/lib/thumb/v7e-m+fp/hard\libc_nano.a(libc_a-impure.o)
                0x20000010                _impure_data
 *(.RamFunc)
 *(.RamFunc*)
                0x2000005c                        . = ALIGN (0x4)
                0x2000005c                        _edata = .
                0x080068f0                        _siccmram = LOADADDR (.ccmram)

.igot.plt       0x2000005c        0x0 load address 0x080068f0
 .igot.plt      0x2000005c        0x0 C:/ST/STM32CubeIDE_1.19.0/STM32CubeIDE/plugins/com.st.stm32cube.ide.mcu.externaltools.gnu-tools-for-stm32.13.3.rel1.win32_1.0.0.202411081344/tools/bin/../lib/gcc/arm-none-eabi/13.3.1/thumb/v7e-m+fp/hard/crtbegin.o

.ccmram         0x10000000        0x0 load address 0x080068f0
                0x10000000                        . = ALIGN (0x4)
                0x10000000                        _sccmram = .
 *(.ccmram)
 *(.ccmram*)
                0x10000000                        . = ALIGN (0x4)
                0x10000000                        _eccmram = .
                0x10000000                        . = ALIGN (0x4)

.bss            0x2000005c      0xaa0
                0x2000005c                        _sbss = .
                0x2000005c                        __bss_start__ = _sbss
 *(.bss)
 .bss           0x2000005c       0x1c C:/ST/STM32CubeIDE_1.19.0/STM32CubeIDE/plugins/com.st.stm32cube.ide.mcu.externaltools.gnu-tools-for-stm32.13.3.rel1.win32_1.0.0.202411081344/tools/bin/../lib/gcc/arm-none-eabi/13.3.1/thumb/v7e-m+fp/hard/crtbegin.o
 *(.bss*)
 .bss.TxConfig  0x20000078       0x38 ./Core/Src/main.o
                0x20000078                TxConfig
 .bss.DMARxDscrTab
                0x200000b0       0xa0 ./Core/Src/main.o
                0x200000b0                DMARxDscrTab
 .bss.DMATxDscrTab
                0x20000150       0xa0 ./Core/Src/main.o
                0x20000150                DMATxDscrTab
 .bss.hadc1     0x200001f0       0x48 ./Core/Src/main.o
                0x200001f0                hadc1
 .bss.heth      0x20000238       0xb0 ./Core/Src/main.o
                0x20000238                heth
 .bss.hi2c1     0x200002e8       0x54 ./Core/Src/main.o
                0x200002e8                hi2c1
 .bss.huart5    0x2000033c       0x48 ./Core/Src/main.o
                0x2000033c                huart5
 .bss.huart3    0x20000384       0x48 ./Core/Src/main.o
                0x20000384                huart3
 .bss.hpcd_USB_OTG_FS
                0x200003cc      0x4e4 ./Core/Src/main.o
                0x200003cc                hpcd_USB_OTG_FS
 .bss.bomba     0x200008b0        0xc ./Core/Src/main.o
                0x200008b0                bomba
 .bss.ventilador
                0x200008bc        0xc ./Core/Src/main.o
                0x200008bc                ventilador
 .bss.foco      0x200008c8        0xc ./Core/Src/main.o
                0x200008c8                foco
 .bss.LED1      0x200008d4        0xc ./Core/Src/main.o
                0x200008d4                LED1
 .bss.LED2      0x200008e0        0xc ./Core/Src/main.o
                0x200008e0                LED2
 .bss.LED3      0x200008ec        0xc ./Core/Src/main.o
                0x200008ec                LED3
 .bss.sensorSuelo
                0x200008f8        0xc ./Core/Src/main.o
                0x200008f8                sensorSuelo
 .bss.sensorAire
                0x20000904       0x18 ./Core/Src/main.o
                0x20000904                sensorAire
 .bss.miBluetooth
                0x2000091c        0x8 ./Core/Src/main.o
                0x2000091c                miBluetooth
 .bss.miLCD     0x20000924        0xc ./Core/Src/main.o
                0x20000924                miLCD
 .bss.timerLectura
                0x20000930       0x10 ./Core/Src/main.o
                0x20000930                timerLectura
 .bss.timerBomba
                0x20000940       0x10 ./Core/Src/main.o
                0x20000940                timerBomba
 .bss.timerVentilador
                0x20000950       0x10 ./Core/Src/main.o
                0x20000950                timerVentilador
 .bss.timerFoco
                0x20000960       0x10 ./Core/Src/main.o
                0x20000960                timerFoco
 .bss.bufferDisplay
                0x20000970       0x32 ./Core/Src/main.o
                0x20000970                bufferDisplay
 *fill*         0x200009a2        0x2 
 .bss.MACAddr.0
                0x200009a4        0x6 ./Core/Src/main.o
 *fill*         0x200009aa        0x2 
 .bss.__sbrk_heap_end
                0x200009ac        0x4 ./Core/Src/sysmem.o
 .bss.uwTick    0x200009b0        0x4 ./Drivers/STM32F4xx_HAL_Driver/Src/stm32f4xx_hal.o
                0x200009b0                uwTick
 .bss.__sf      0x200009b4      0x138 C:/ST/STM32CubeIDE_1.19.0/STM32CubeIDE/plugins/com.st.stm32cube.ide.mcu.externaltools.gnu-tools-for-stm32.13.3.rel1.win32_1.0.0.202411081344/tools/bin/../lib/gcc/arm-none-eabi/13.3.1/../../../../arm-none-eabi/lib/thumb/v7e-m+fp/hard\libc_nano.a(libc_a-findfp.o)
                0x200009b4                __sf
 .bss.errno     0x20000aec        0x4 C:/ST/STM32CubeIDE_1.19.0/STM32CubeIDE/plugins/com.st.stm32cube.ide.mcu.externaltools.gnu-tools-for-stm32.13.3.rel1.win32_1.0.0.202411081344/tools/bin/../lib/gcc/arm-none-eabi/13.3.1/../../../../arm-none-eabi/lib/thumb/v7e-m+fp/hard\libc_nano.a(libc_a-reent.o)
                0x20000aec                errno
 .bss.__lock___malloc_recursive_mutex
                0x20000af0        0x1 C:/ST/STM32CubeIDE_1.19.0/STM32CubeIDE/plugins/com.st.stm32cube.ide.mcu.externaltools.gnu-tools-for-stm32.13.3.rel1.win32_1.0.0.202411081344/tools/bin/../lib/gcc/arm-none-eabi/13.3.1/../../../../arm-none-eabi/lib/thumb/v7e-m+fp/hard\libc_nano.a(libc_a-lock.o)
                0x20000af0                __lock___malloc_recursive_mutex
 *fill*         0x20000af1        0x3 
 .bss.__malloc_sbrk_start
                0x20000af4        0x4 C:/ST/STM32CubeIDE_1.19.0/STM32CubeIDE/plugins/com.st.stm32cube.ide.mcu.externaltools.gnu-tools-for-stm32.13.3.rel1.win32_1.0.0.202411081344/tools/bin/../lib/gcc/arm-none-eabi/13.3.1/../../../../arm-none-eabi/lib/thumb/v7e-m+fp/hard\libc_nano.a(libc_a-mallocr.o)
                0x20000af4                __malloc_sbrk_start
 .bss.__malloc_free_list
                0x20000af8        0x4 C:/ST/STM32CubeIDE_1.19.0/STM32CubeIDE/plugins/com.st.stm32cube.ide.mcu.externaltools.gnu-tools-for-stm32.13.3.rel1.win32_1.0.0.202411081344/tools/bin/../lib/gcc/arm-none-eabi/13.3.1/../../../../arm-none-eabi/lib/thumb/v7e-m+fp/hard\libc_nano.a(libc_a-mallocr.o)
                0x20000af8                __malloc_free_list
 *(COMMON)
                0x20000afc                        . = ALIGN (0x4)
                0x20000afc                        _ebss = .
                0x20000afc                        __bss_end__ = _ebss

._user_heap_stack
                0x20000afc      0x604
                0x20000b00                        . = ALIGN (0x8)
 *fill*         0x20000afc        0x4 
                [!provide]                        PROVIDE (end = .)
                0x20000b00                        PROVIDE (_end = .)
                0x20000d00                        . = (. + _Min_Heap_Size)
 *fill*         0x20000b00      0x200 
                0x20001100                        . = (. + _Min_Stack_Size)
 *fill*         0x20000d00      0x400 
                0x20001100                        . = ALIGN (0x8)

/DISCARD/
 libc.a(*)
 libm.a(*)
 libgcc.a(*)

.ARM.attributes
                0x00000000       0x30
 *(.ARM.attributes)
 .ARM.attributes
                0x00000000       0x22 C:/ST/STM32CubeIDE_1.19.0/STM32CubeIDE/plugins/com.st.stm32cube.ide.mcu.externaltools.gnu-tools-for-stm32.13.3.rel1.win32_1.0.0.202411081344/tools/bin/../lib/gcc/arm-none-eabi/13.3.1/thumb/v7e-m+fp/hard/crti.o
 .ARM.attributes
                0x00000022       0x34 C:/ST/STM32CubeIDE_1.19.0/STM32CubeIDE/plugins/com.st.stm32cube.ide.mcu.externaltools.gnu-tools-for-stm32.13.3.rel1.win32_1.0.0.202411081344/tools/bin/../lib/gcc/arm-none-eabi/13.3.1/thumb/v7e-m+fp/hard/crtbegin.o
 .ARM.attributes
                0x00000056       0x34 ./Core/Src/main.o
 .ARM.attributes
                0x0000008a       0x34 ./Core/Src/stm32f4xx_hal_msp.o
 .ARM.attributes
                0x000000be       0x34 ./Core/Src/stm32f4xx_it.o
 .ARM.attributes
                0x000000f2       0x34 ./Core/Src/sysmem.o
 .ARM.attributes
                0x00000126       0x34 ./Core/Src/system_stm32f4xx.o
 .ARM.attributes
                0x0000015a       0x21 ./Core/Startup/startup_stm32f429zitx.o
 .ARM.attributes
                0x0000017b       0x34 ./Drivers/API/Src/Driver_Bluetooth.o
 .ARM.attributes
                0x000001af       0x34 ./Drivers/API/Src/Driver_Delay.o
 .ARM.attributes
                0x000001e3       0x34 ./Drivers/API/Src/Driver_GPIO.o
 .ARM.attributes
                0x00000217       0x34 ./Drivers/API/Src/Driver_LCD.o
 .ARM.attributes
                0x0000024b       0x34 ./Drivers/API/Src/Driver_SHT30.o
 .ARM.attributes
                0x0000027f       0x34 ./Drivers/API/Src/Driver_SensorSuelo.o
 .ARM.attributes
                0x000002b3       0x34 ./Drivers/API/Src/Infraestructura.o
 .ARM.attributes
                0x000002e7       0x34 ./Drivers/STM32F4xx_HAL_Driver/Src/stm32f4xx_hal.o
 .ARM.attributes
                0x0000031b       0x34 ./Drivers/STM32F4xx_HAL_Driver/Src/stm32f4xx_hal_adc.o
 .ARM.attributes
                0x0000034f       0x34 ./Drivers/STM32F4xx_HAL_Driver/Src/stm32f4xx_hal_cortex.o
 .ARM.attributes
                0x00000383       0x34 ./Drivers/STM32F4xx_HAL_Driver/Src/stm32f4xx_hal_eth.o
 .ARM.attributes
                0x000003b7       0x34 ./Drivers/STM32F4xx_HAL_Driver/Src/stm32f4xx_hal_gpio.o
 .ARM.attributes
                0x000003eb       0x34 ./Drivers/STM32F4xx_HAL_Driver/Src/stm32f4xx_hal_i2c.o
 .ARM.attributes
                0x0000041f       0x34 ./Drivers/STM32F4xx_HAL_Driver/Src/stm32f4xx_hal_i2c_ex.o
 .ARM.attributes
                0x00000453       0x34 ./Drivers/STM32F4xx_HAL_Driver/Src/stm32f4xx_hal_pcd.o
 .ARM.attributes
                0x00000487       0x34 ./Drivers/STM32F4xx_HAL_Driver/Src/stm32f4xx_hal_rcc.o
 .ARM.attributes
                0x000004bb       0x34 ./Drivers/STM32F4xx_HAL_Driver/Src/stm32f4xx_hal_uart.o
 .ARM.attributes
                0x000004ef       0x34 ./Drivers/STM32F4xx_HAL_Driver/Src/stm32f4xx_ll_usb.o
 .ARM.attributes
                0x00000523       0x34 C:/ST/STM32CubeIDE_1.19.0/STM32CubeIDE/plugins/com.st.stm32cube.ide.mcu.externaltools.gnu-tools-for-stm32.13.3.rel1.win32_1.0.0.202411081344/tools/bin/../lib/gcc/arm-none-eabi/13.3.1/../../../../arm-none-eabi/lib/thumb/v7e-m+fp/hard\libc_nano.a(libc_a-findfp.o)
 .ARM.attributes
                0x00000557       0x34 C:/ST/STM32CubeIDE_1.19.0/STM32CubeIDE/plugins/com.st.stm32cube.ide.mcu.externaltools.gnu-tools-for-stm32.13.3.rel1.win32_1.0.0.202411081344/tools/bin/../lib/gcc/arm-none-eabi/13.3.1/../../../../arm-none-eabi/lib/thumb/v7e-m+fp/hard\libc_nano.a(libc_a-sprintf.o)
 .ARM.attributes
                0x0000058b       0x34 C:/ST/STM32CubeIDE_1.19.0/STM32CubeIDE/plugins/com.st.stm32cube.ide.mcu.externaltools.gnu-tools-for-stm32.13.3.rel1.win32_1.0.0.202411081344/tools/bin/../lib/gcc/arm-none-eabi/13.3.1/../../../../arm-none-eabi/lib/thumb/v7e-m+fp/hard\libc_nano.a(libc_a-memset.o)
 .ARM.attributes
                0x000005bf       0x34 C:/ST/STM32CubeIDE_1.19.0/STM32CubeIDE/plugins/com.st.stm32cube.ide.mcu.externaltools.gnu-tools-for-stm32.13.3.rel1.win32_1.0.0.202411081344/tools/bin/../lib/gcc/arm-none-eabi/13.3.1/../../../../arm-none-eabi/lib/thumb/v7e-m+fp/hard\libc_nano.a(libc_a-reent.o)
 .ARM.attributes
                0x000005f3       0x34 C:/ST/STM32CubeIDE_1.19.0/STM32CubeIDE/plugins/com.st.stm32cube.ide.mcu.externaltools.gnu-tools-for-stm32.13.3.rel1.win32_1.0.0.202411081344/tools/bin/../lib/gcc/arm-none-eabi/13.3.1/../../../../arm-none-eabi/lib/thumb/v7e-m+fp/hard\libc_nano.a(libc_a-impure.o)
 .ARM.attributes
                0x00000627       0x34 C:/ST/STM32CubeIDE_1.19.0/STM32CubeIDE/plugins/com.st.stm32cube.ide.mcu.externaltools.gnu-tools-for-stm32.13.3.rel1.win32_1.0.0.202411081344/tools/bin/../lib/gcc/arm-none-eabi/13.3.1/../../../../arm-none-eabi/lib/thumb/v7e-m+fp/hard\libc_nano.a(libc_a-errno.o)
 .ARM.attributes
                0x0000065b       0x34 C:/ST/STM32CubeIDE_1.19.0/STM32CubeIDE/plugins/com.st.stm32cube.ide.mcu.externaltools.gnu-tools-for-stm32.13.3.rel1.win32_1.0.0.202411081344/tools/bin/../lib/gcc/arm-none-eabi/13.3.1/../../../../arm-none-eabi/lib/thumb/v7e-m+fp/hard\libc_nano.a(libc_a-init.o)
 .ARM.attributes
                0x0000068f       0x34 C:/ST/STM32CubeIDE_1.19.0/STM32CubeIDE/plugins/com.st.stm32cube.ide.mcu.externaltools.gnu-tools-for-stm32.13.3.rel1.win32_1.0.0.202411081344/tools/bin/../lib/gcc/arm-none-eabi/13.3.1/../../../../arm-none-eabi/lib/thumb/v7e-m+fp/hard\libc_nano.a(libc_a-lock.o)
 .ARM.attributes
                0x000006c3       0x17 C:/ST/STM32CubeIDE_1.19.0/STM32CubeIDE/plugins/com.st.stm32cube.ide.mcu.externaltools.gnu-tools-for-stm32.13.3.rel1.win32_1.0.0.202411081344/tools/bin/../lib/gcc/arm-none-eabi/13.3.1/../../../../arm-none-eabi/lib/thumb/v7e-m+fp/hard\libc_nano.a(libc_a-strlen.o)
 .ARM.attributes
                0x000006da       0x34 C:/ST/STM32CubeIDE_1.19.0/STM32CubeIDE/plugins/com.st.stm32cube.ide.mcu.externaltools.gnu-tools-for-stm32.13.3.rel1.win32_1.0.0.202411081344/tools/bin/../lib/gcc/arm-none-eabi/13.3.1/../../../../arm-none-eabi/lib/thumb/v7e-m+fp/hard\libc_nano.a(libc_a-freer.o)
 .ARM.attributes
                0x0000070e       0x34 C:/ST/STM32CubeIDE_1.19.0/STM32CubeIDE/plugins/com.st.stm32cube.ide.mcu.externaltools.gnu-tools-for-stm32.13.3.rel1.win32_1.0.0.202411081344/tools/bin/../lib/gcc/arm-none-eabi/13.3.1/../../../../arm-none-eabi/lib/thumb/v7e-m+fp/hard\libc_nano.a(libc_a-mallocr.o)
 .ARM.attributes
                0x00000742       0x34 C:/ST/STM32CubeIDE_1.19.0/STM32CubeIDE/plugins/com.st.stm32cube.ide.mcu.externaltools.gnu-tools-for-stm32.13.3.rel1.win32_1.0.0.202411081344/tools/bin/../lib/gcc/arm-none-eabi/13.3.1/../../../../arm-none-eabi/lib/thumb/v7e-m+fp/hard\libc_nano.a(libc_a-mlock.o)
 .ARM.attributes
                0x00000776       0x34 C:/ST/STM32CubeIDE_1.19.0/STM32CubeIDE/plugins/com.st.stm32cube.ide.mcu.externaltools.gnu-tools-for-stm32.13.3.rel1.win32_1.0.0.202411081344/tools/bin/../lib/gcc/arm-none-eabi/13.3.1/../../../../arm-none-eabi/lib/thumb/v7e-m+fp/hard\libc_nano.a(libc_a-nano-svfprintf.o)
 .ARM.attributes
                0x000007aa       0x34 C:/ST/STM32CubeIDE_1.19.0/STM32CubeIDE/plugins/com.st.stm32cube.ide.mcu.externaltools.gnu-tools-for-stm32.13.3.rel1.win32_1.0.0.202411081344/tools/bin/../lib/gcc/arm-none-eabi/13.3.1/../../../../arm-none-eabi/lib/thumb/v7e-m+fp/hard\libc_nano.a(libc_a-nano-vfprintf_i.o)
 .ARM.attributes
                0x000007de       0x34 C:/ST/STM32CubeIDE_1.19.0/STM32CubeIDE/plugins/com.st.stm32cube.ide.mcu.externaltools.gnu-tools-for-stm32.13.3.rel1.win32_1.0.0.202411081344/tools/bin/../lib/gcc/arm-none-eabi/13.3.1/../../../../arm-none-eabi/lib/thumb/v7e-m+fp/hard\libc_nano.a(libc_a-memmove.o)
 .ARM.attributes
                0x00000812       0x34 C:/ST/STM32CubeIDE_1.19.0/STM32CubeIDE/plugins/com.st.stm32cube.ide.mcu.externaltools.gnu-tools-for-stm32.13.3.rel1.win32_1.0.0.202411081344/tools/bin/../lib/gcc/arm-none-eabi/13.3.1/../../../../arm-none-eabi/lib/thumb/v7e-m+fp/hard\libc_nano.a(libc_a-sbrkr.o)
 .ARM.attributes
                0x00000846       0x1c C:/ST/STM32CubeIDE_1.19.0/STM32CubeIDE/plugins/com.st.stm32cube.ide.mcu.externaltools.gnu-tools-for-stm32.13.3.rel1.win32_1.0.0.202411081344/tools/bin/../lib/gcc/arm-none-eabi/13.3.1/../../../../arm-none-eabi/lib/thumb/v7e-m+fp/hard\libc_nano.a(libc_a-memchr.o)
 .ARM.attributes
                0x00000862       0x34 C:/ST/STM32CubeIDE_1.19.0/STM32CubeIDE/plugins/com.st.stm32cube.ide.mcu.externaltools.gnu-tools-for-stm32.13.3.rel1.win32_1.0.0.202411081344/tools/bin/../lib/gcc/arm-none-eabi/13.3.1/../../../../arm-none-eabi/lib/thumb/v7e-m+fp/hard\libc_nano.a(libc_a-memcpy-stub.o)
 .ARM.attributes
                0x00000896       0x34 C:/ST/STM32CubeIDE_1.19.0/STM32CubeIDE/plugins/com.st.stm32cube.ide.mcu.externaltools.gnu-tools-for-stm32.13.3.rel1.win32_1.0.0.202411081344/tools/bin/../lib/gcc/arm-none-eabi/13.3.1/../../../../arm-none-eabi/lib/thumb/v7e-m+fp/hard\libc_nano.a(libc_a-reallocr.o)
 .ARM.attributes
                0x000008ca       0x34 C:/ST/STM32CubeIDE_1.19.0/STM32CubeIDE/plugins/com.st.stm32cube.ide.mcu.externaltools.gnu-tools-for-stm32.13.3.rel1.win32_1.0.0.202411081344/tools/bin/../lib/gcc/arm-none-eabi/13.3.1/../../../../arm-none-eabi/lib/thumb/v7e-m+fp/hard\libc_nano.a(libc_a-msizer.o)
 .ARM.attributes
                0x000008fe       0x22 C:/ST/STM32CubeIDE_1.19.0/STM32CubeIDE/plugins/com.st.stm32cube.ide.mcu.externaltools.gnu-tools-for-stm32.13.3.rel1.win32_1.0.0.202411081344/tools/bin/../lib/gcc/arm-none-eabi/13.3.1/thumb/v7e-m+fp/hard\libgcc.a(_aeabi_uldivmod.o)
 .ARM.attributes
                0x00000920       0x34 C:/ST/STM32CubeIDE_1.19.0/STM32CubeIDE/plugins/com.st.stm32cube.ide.mcu.externaltools.gnu-tools-for-stm32.13.3.rel1.win32_1.0.0.202411081344/tools/bin/../lib/gcc/arm-none-eabi/13.3.1/thumb/v7e-m+fp/hard\libgcc.a(_udivmoddi4.o)
 .ARM.attributes
                0x00000954       0x22 C:/ST/STM32CubeIDE_1.19.0/STM32CubeIDE/plugins/com.st.stm32cube.ide.mcu.externaltools.gnu-tools-for-stm32.13.3.rel1.win32_1.0.0.202411081344/tools/bin/../lib/gcc/arm-none-eabi/13.3.1/thumb/v7e-m+fp/hard\libgcc.a(_dvmd_tls.o)
 .ARM.attributes
                0x00000976       0x22 C:/ST/STM32CubeIDE_1.19.0/STM32CubeIDE/plugins/com.st.stm32cube.ide.mcu.externaltools.gnu-tools-for-stm32.13.3.rel1.win32_1.0.0.202411081344/tools/bin/../lib/gcc/arm-none-eabi/13.3.1/thumb/v7e-m+fp/hard/crtn.o
OUTPUT(AFP_8_TDII_2025.elf elf32-littlearm)
LOAD linker stubs
LOAD C:/ST/STM32CubeIDE_1.19.0/STM32CubeIDE/plugins/com.st.stm32cube.ide.mcu.externaltools.gnu-tools-for-stm32.13.3.rel1.win32_1.0.0.202411081344/tools/bin/../lib/gcc/arm-none-eabi/13.3.1/../../../../arm-none-eabi/lib/thumb/v7e-m+fp/hard\libc.a
LOAD C:/ST/STM32CubeIDE_1.19.0/STM32CubeIDE/plugins/com.st.stm32cube.ide.mcu.externaltools.gnu-tools-for-stm32.13.3.rel1.win32_1.0.0.202411081344/tools/bin/../lib/gcc/arm-none-eabi/13.3.1/../../../../arm-none-eabi/lib/thumb/v7e-m+fp/hard\libm.a
LOAD C:/ST/STM32CubeIDE_1.19.0/STM32CubeIDE/plugins/com.st.stm32cube.ide.mcu.externaltools.gnu-tools-for-stm32.13.3.rel1.win32_1.0.0.202411081344/tools/bin/../lib/gcc/arm-none-eabi/13.3.1/thumb/v7e-m+fp/hard\libgcc.a

.debug_info     0x00000000    0x147ac
 .debug_info    0x00000000     0x286e ./Core/Src/main.o
 .debug_info    0x0000286e     0x1e0b ./Core/Src/stm32f4xx_hal_msp.o
 .debug_info    0x00004679      0x10e ./Core/Src/stm32f4xx_it.o
 .debug_info    0x00004787      0x164 ./Core/Src/sysmem.o
 .debug_info    0x000048eb      0x52a ./Core/Src/system_stm32f4xx.o
 .debug_info    0x00004e15       0x30 ./Core/Startup/startup_stm32f429zitx.o
 .debug_info    0x00004e45      0x204 ./Drivers/API/Src/Driver_Bluetooth.o
 .debug_info    0x00005049      0x1a5 ./Drivers/API/Src/Driver_Delay.o
 .debug_info    0x000051ee      0x1ca ./Drivers/API/Src/Driver_GPIO.o
 .debug_info    0x000053b8      0x313 ./Drivers/API/Src/Driver_LCD.o
 .debug_info    0x000056cb      0x254 ./Drivers/API/Src/Driver_SHT30.o
 .debug_info    0x0000591f      0x1e1 ./Drivers/API/Src/Driver_SensorSuelo.o
 .debug_info    0x00005b00      0xe4c ./Drivers/API/Src/Infraestructura.o
 .debug_info    0x0000694c      0x9b6 ./Drivers/STM32F4xx_HAL_Driver/Src/stm32f4xx_hal.o
 .debug_info    0x00007302      0xcdf ./Drivers/STM32F4xx_HAL_Driver/Src/stm32f4xx_hal_adc.o
 .debug_info    0x00007fe1      0xdbe ./Drivers/STM32F4xx_HAL_Driver/Src/stm32f4xx_hal_cortex.o
 .debug_info    0x00008d9f     0x218f ./Drivers/STM32F4xx_HAL_Driver/Src/stm32f4xx_hal_eth.o
 .debug_info    0x0000af2e      0x6d7 ./Drivers/STM32F4xx_HAL_Driver/Src/stm32f4xx_hal_gpio.o
 .debug_info    0x0000b605     0x241d ./Drivers/STM32F4xx_HAL_Driver/Src/stm32f4xx_hal_i2c.o
 .debug_info    0x0000da22      0x66e ./Drivers/STM32F4xx_HAL_Driver/Src/stm32f4xx_hal_i2c_ex.o
 .debug_info    0x0000e090     0x156b ./Drivers/STM32F4xx_HAL_Driver/Src/stm32f4xx_hal_pcd.o
 .debug_info    0x0000f5fb      0x8d7 ./Drivers/STM32F4xx_HAL_Driver/Src/stm32f4xx_hal_rcc.o
 .debug_info    0x0000fed2     0x2f4b ./Drivers/STM32F4xx_HAL_Driver/Src/stm32f4xx_hal_uart.o
 .debug_info    0x00012e1d     0x198f ./Drivers/STM32F4xx_HAL_Driver/Src/stm32f4xx_ll_usb.o

.debug_abbrev   0x00000000     0x2b6f
 .debug_abbrev  0x00000000      0x2f0 ./Core/Src/main.o
 .debug_abbrev  0x000002f0      0x250 ./Core/Src/stm32f4xx_hal_msp.o
 .debug_abbrev  0x00000540       0x71 ./Core/Src/stm32f4xx_it.o
 .debug_abbrev  0x000005b1       0xba ./Core/Src/sysmem.o
 .debug_abbrev  0x0000066b      0x118 ./Core/Src/system_stm32f4xx.o
 .debug_abbrev  0x00000783       0x24 ./Core/Startup/startup_stm32f429zitx.o
 .debug_abbrev  0x000007a7      0x124 ./Drivers/API/Src/Driver_Bluetooth.o
 .debug_abbrev  0x000008cb       0xd0 ./Drivers/API/Src/Driver_Delay.o
 .debug_abbrev  0x0000099b       0xe7 ./Drivers/API/Src/Driver_GPIO.o
 .debug_abbrev  0x00000a82       0xfe ./Drivers/API/Src/Driver_LCD.o
 .debug_abbrev  0x00000b80      0x10f ./Drivers/API/Src/Driver_SHT30.o
 .debug_abbrev  0x00000c8f       0xda ./Drivers/API/Src/Driver_SensorSuelo.o
 .debug_abbrev  0x00000d69      0x234 ./Drivers/API/Src/Infraestructura.o
 .debug_abbrev  0x00000f9d      0x212 ./Drivers/STM32F4xx_HAL_Driver/Src/stm32f4xx_hal.o
 .debug_abbrev  0x000011af      0x250 ./Drivers/STM32F4xx_HAL_Driver/Src/stm32f4xx_hal_adc.o
 .debug_abbrev  0x000013ff      0x31b ./Drivers/STM32F4xx_HAL_Driver/Src/stm32f4xx_hal_cortex.o
 .debug_abbrev  0x0000171a      0x35a ./Drivers/STM32F4xx_HAL_Driver/Src/stm32f4xx_hal_eth.o
 .debug_abbrev  0x00001a74      0x1d2 ./Drivers/STM32F4xx_HAL_Driver/Src/stm32f4xx_hal_gpio.o
 .debug_abbrev  0x00001c46      0x2ab ./Drivers/STM32F4xx_HAL_Driver/Src/stm32f4xx_hal_i2c.o
 .debug_abbrev  0x00001ef1      0x155 ./Drivers/STM32F4xx_HAL_Driver/Src/stm32f4xx_hal_i2c_ex.o
 .debug_abbrev  0x00002046      0x2b7 ./Drivers/STM32F4xx_HAL_Driver/Src/stm32f4xx_hal_pcd.o
 .debug_abbrev  0x000022fd      0x2b5 ./Drivers/STM32F4xx_HAL_Driver/Src/stm32f4xx_hal_rcc.o
 .debug_abbrev  0x000025b2      0x30c ./Drivers/STM32F4xx_HAL_Driver/Src/stm32f4xx_hal_uart.o
 .debug_abbrev  0x000028be      0x2b1 ./Drivers/STM32F4xx_HAL_Driver/Src/stm32f4xx_ll_usb.o

.debug_aranges  0x00000000     0x10e0
 .debug_aranges
                0x00000000       0x68 ./Core/Src/main.o
 .debug_aranges
                0x00000068       0x70 ./Core/Src/stm32f4xx_hal_msp.o
 .debug_aranges
                0x000000d8       0x60 ./Core/Src/stm32f4xx_it.o
 .debug_aranges
                0x00000138       0x20 ./Core/Src/sysmem.o
 .debug_aranges
                0x00000158       0x28 ./Core/Src/system_stm32f4xx.o
 .debug_aranges
                0x00000180       0x28 ./Core/Startup/startup_stm32f429zitx.o
 .debug_aranges
                0x000001a8       0x30 ./Drivers/API/Src/Driver_Bluetooth.o
 .debug_aranges
                0x000001d8       0x30 ./Drivers/API/Src/Driver_Delay.o
 .debug_aranges
                0x00000208       0x38 ./Drivers/API/Src/Driver_GPIO.o
 .debug_aranges
                0x00000240       0x50 ./Drivers/API/Src/Driver_LCD.o
 .debug_aranges
                0x00000290       0x28 ./Drivers/API/Src/Driver_SHT30.o
 .debug_aranges
                0x000002b8       0x30 ./Drivers/API/Src/Driver_SensorSuelo.o
 .debug_aranges
                0x000002e8       0x58 ./Drivers/API/Src/Infraestructura.o
 .debug_aranges
                0x00000340      0x100 ./Drivers/STM32F4xx_HAL_Driver/Src/stm32f4xx_hal.o
 .debug_aranges
                0x00000440       0xe8 ./Drivers/STM32F4xx_HAL_Driver/Src/stm32f4xx_hal_adc.o
 .debug_aranges
                0x00000528      0x130 ./Drivers/STM32F4xx_HAL_Driver/Src/stm32f4xx_hal_cortex.o
 .debug_aranges
                0x00000658      0x1e8 ./Drivers/STM32F4xx_HAL_Driver/Src/stm32f4xx_hal_eth.o
 .debug_aranges
                0x00000840       0x58 ./Drivers/STM32F4xx_HAL_Driver/Src/stm32f4xx_hal_gpio.o
 .debug_aranges
                0x00000898      0x2a8 ./Drivers/STM32F4xx_HAL_Driver/Src/stm32f4xx_hal_i2c.o
 .debug_aranges
                0x00000b40       0x28 ./Drivers/STM32F4xx_HAL_Driver/Src/stm32f4xx_hal_i2c_ex.o
 .debug_aranges
                0x00000b68      0x148 ./Drivers/STM32F4xx_HAL_Driver/Src/stm32f4xx_hal_pcd.o
 .debug_aranges
                0x00000cb0       0x88 ./Drivers/STM32F4xx_HAL_Driver/Src/stm32f4xx_hal_rcc.o
 .debug_aranges
                0x00000d38      0x208 ./Drivers/STM32F4xx_HAL_Driver/Src/stm32f4xx_hal_uart.o
 .debug_aranges
                0x00000f40      0x1a0 ./Drivers/STM32F4xx_HAL_Driver/Src/stm32f4xx_ll_usb.o

.debug_rnglists
                0x00000000      0xd07
 .debug_rnglists
                0x00000000       0x4f ./Core/Src/main.o
 .debug_rnglists
                0x0000004f       0x54 ./Core/Src/stm32f4xx_hal_msp.o
 .debug_rnglists
                0x000000a3       0x43 ./Core/Src/stm32f4xx_it.o
 .debug_rnglists
                0x000000e6       0x13 ./Core/Src/sysmem.o
 .debug_rnglists
                0x000000f9       0x1a ./Core/Src/system_stm32f4xx.o
 .debug_rnglists
                0x00000113       0x19 ./Core/Startup/startup_stm32f429zitx.o
 .debug_rnglists
                0x0000012c       0x1f ./Drivers/API/Src/Driver_Bluetooth.o
 .debug_rnglists
                0x0000014b       0x1f ./Drivers/API/Src/Driver_Delay.o
 .debug_rnglists
                0x0000016a       0x25 ./Drivers/API/Src/Driver_GPIO.o
 .debug_rnglists
                0x0000018f       0x38 ./Drivers/API/Src/Driver_LCD.o
 .debug_rnglists
                0x000001c7       0x1a ./Drivers/API/Src/Driver_SHT30.o
 .debug_rnglists
                0x000001e1       0x20 ./Drivers/API/Src/Driver_SensorSuelo.o
 .debug_rnglists
                0x00000201       0x3d ./Drivers/API/Src/Infraestructura.o
 .debug_rnglists
                0x0000023e       0xbb ./Drivers/STM32F4xx_HAL_Driver/Src/stm32f4xx_hal.o
 .debug_rnglists
                0x000002f9       0xb5 ./Drivers/STM32F4xx_HAL_Driver/Src/stm32f4xx_hal_adc.o
 .debug_rnglists
                0x000003ae       0xe0 ./Drivers/STM32F4xx_HAL_Driver/Src/stm32f4xx_hal_cortex.o
 .debug_rnglists
                0x0000048e      0x182 ./Drivers/STM32F4xx_HAL_Driver/Src/stm32f4xx_hal_eth.o
 .debug_rnglists
                0x00000610       0x3f ./Drivers/STM32F4xx_HAL_Driver/Src/stm32f4xx_hal_gpio.o
 .debug_rnglists
                0x0000064f      0x23c ./Drivers/STM32F4xx_HAL_Driver/Src/stm32f4xx_hal_i2c.o
 .debug_rnglists
                0x0000088b       0x19 ./Drivers/STM32F4xx_HAL_Driver/Src/stm32f4xx_hal_i2c_ex.o
 .debug_rnglists
                0x000008a4       0xfa ./Drivers/STM32F4xx_HAL_Driver/Src/stm32f4xx_hal_pcd.o
 .debug_rnglists
                0x0000099e       0x66 ./Drivers/STM32F4xx_HAL_Driver/Src/stm32f4xx_hal_rcc.o
 .debug_rnglists
                0x00000a04      0x1bc ./Drivers/STM32F4xx_HAL_Driver/Src/stm32f4xx_hal_uart.o
 .debug_rnglists
                0x00000bc0      0x147 ./Drivers/STM32F4xx_HAL_Driver/Src/stm32f4xx_ll_usb.o

.debug_line     0x00000000     0xfb40
 .debug_line    0x00000000      0xa6f ./Core/Src/main.o
 .debug_line    0x00000a6f      0x581 ./Core/Src/stm32f4xx_hal_msp.o
 .debug_line    0x00000ff0      0x12c ./Core/Src/stm32f4xx_it.o
 .debug_line    0x0000111c      0x32d ./Core/Src/sysmem.o
 .debug_line    0x00001449      0x332 ./Core/Src/system_stm32f4xx.o
 .debug_line    0x0000177b       0x7a ./Core/Startup/startup_stm32f429zitx.o
 .debug_line    0x000017f5      0x497 ./Drivers/API/Src/Driver_Bluetooth.o
 .debug_line    0x00001c8c      0x2fd ./Drivers/API/Src/Driver_Delay.o
 .debug_line    0x00001f89      0x2fd ./Drivers/API/Src/Driver_GPIO.o
 .debug_line    0x00002286      0x3a6 ./Drivers/API/Src/Driver_LCD.o
 .debug_line    0x0000262c      0x33d ./Drivers/API/Src/Driver_SHT30.o
 .debug_line    0x00002969      0x325 ./Drivers/API/Src/Driver_SensorSuelo.o
 .debug_line    0x00002c8e      0x448 ./Drivers/API/Src/Infraestructura.o
 .debug_line    0x000030d6      0x65b ./Drivers/STM32F4xx_HAL_Driver/Src/stm32f4xx_hal.o
 .debug_line    0x00003731      0xe4f ./Drivers/STM32F4xx_HAL_Driver/Src/stm32f4xx_hal_adc.o
 .debug_line    0x00004580      0x8b5 ./Drivers/STM32F4xx_HAL_Driver/Src/stm32f4xx_hal_cortex.o
 .debug_line    0x00004e35     0x1639 ./Drivers/STM32F4xx_HAL_Driver/Src/stm32f4xx_hal_eth.o
 .debug_line    0x0000646e      0x753 ./Drivers/STM32F4xx_HAL_Driver/Src/stm32f4xx_hal_gpio.o
 .debug_line    0x00006bc1     0x36d6 ./Drivers/STM32F4xx_HAL_Driver/Src/stm32f4xx_hal_i2c.o
 .debug_line    0x0000a297      0x363 ./Drivers/STM32F4xx_HAL_Driver/Src/stm32f4xx_hal_i2c_ex.o
 .debug_line    0x0000a5fa     0x1055 ./Drivers/STM32F4xx_HAL_Driver/Src/stm32f4xx_hal_pcd.o
 .debug_line    0x0000b64f      0xa3c ./Drivers/STM32F4xx_HAL_Driver/Src/stm32f4xx_hal_rcc.o
 .debug_line    0x0000c08b     0x2184 ./Drivers/STM32F4xx_HAL_Driver/Src/stm32f4xx_hal_uart.o
 .debug_line    0x0000e20f     0x1931 ./Drivers/STM32F4xx_HAL_Driver/Src/stm32f4xx_ll_usb.o

.debug_str      0x00000000     0x5ae3
 .debug_str     0x00000000     0x5ae3 ./Core/Src/main.o
                               0x1ca0 (size before relaxing)
 .debug_str     0x00005ae3     0x1520 ./Core/Src/stm32f4xx_hal_msp.o
 .debug_str     0x00005ae3      0x231 ./Core/Src/stm32f4xx_it.o
 .debug_str     0x00005ae3      0x227 ./Core/Src/sysmem.o
 .debug_str     0x00005ae3      0x38a ./Core/Src/system_stm32f4xx.o
 .debug_str     0x00005ae3       0x6c ./Core/Startup/startup_stm32f429zitx.o
 .debug_str     0x00005ae3      0x263 ./Drivers/API/Src/Driver_Bluetooth.o
 .debug_str     0x00005ae3      0x234 ./Drivers/API/Src/Driver_Delay.o
 .debug_str     0x00005ae3      0x238 ./Drivers/API/Src/Driver_GPIO.o
 .debug_str     0x00005ae3      0x295 ./Drivers/API/Src/Driver_LCD.o
 .debug_str     0x00005ae3      0x288 ./Drivers/API/Src/Driver_SHT30.o
 .debug_str     0x00005ae3      0x2a6 ./Drivers/API/Src/Driver_SensorSuelo.o
 .debug_str     0x00005ae3      0xc24 ./Drivers/API/Src/Infraestructura.o
 .debug_str     0x00005ae3      0xc18 ./Drivers/STM32F4xx_HAL_Driver/Src/stm32f4xx_hal.o
 .debug_str     0x00005ae3      0x964 ./Drivers/STM32F4xx_HAL_Driver/Src/stm32f4xx_hal_adc.o
 .debug_str     0x00005ae3      0xcdb ./Drivers/STM32F4xx_HAL_Driver/Src/stm32f4xx_hal_cortex.o
 .debug_str     0x00005ae3     0x16e2 ./Drivers/STM32F4xx_HAL_Driver/Src/stm32f4xx_hal_eth.o
 .debug_str     0x00005ae3      0x4f5 ./Drivers/STM32F4xx_HAL_Driver/Src/stm32f4xx_hal_gpio.o
 .debug_str     0x00005ae3     0x1044 ./Drivers/STM32F4xx_HAL_Driver/Src/stm32f4xx_hal_i2c.o
 .debug_str     0x00005ae3      0x759 ./Drivers/STM32F4xx_HAL_Driver/Src/stm32f4xx_hal_i2c_ex.o
 .debug_str     0x00005ae3      0xe07 ./Drivers/STM32F4xx_HAL_Driver/Src/stm32f4xx_hal_pcd.o
 .debug_str     0x00005ae3      0x70a ./Drivers/STM32F4xx_HAL_Driver/Src/stm32f4xx_hal_rcc.o
 .debug_str     0x00005ae3      0xd8c ./Drivers/STM32F4xx_HAL_Driver/Src/stm32f4xx_hal_uart.o
 .debug_str     0x00005ae3      0xd30 ./Drivers/STM32F4xx_HAL_Driver/Src/stm32f4xx_ll_usb.o

.comment        0x00000000       0x43
 .comment       0x00000000       0x43 ./Core/Src/main.o
                                 0x44 (size before relaxing)
 .comment       0x00000043       0x44 ./Core/Src/stm32f4xx_hal_msp.o
 .comment       0x00000043       0x44 ./Core/Src/stm32f4xx_it.o
 .comment       0x00000043       0x44 ./Core/Src/sysmem.o
 .comment       0x00000043       0x44 ./Core/Src/system_stm32f4xx.o
 .comment       0x00000043       0x44 ./Drivers/API/Src/Driver_Bluetooth.o
 .comment       0x00000043       0x44 ./Drivers/API/Src/Driver_Delay.o
 .comment       0x00000043       0x44 ./Drivers/API/Src/Driver_GPIO.o
 .comment       0x00000043       0x44 ./Drivers/API/Src/Driver_LCD.o
 .comment       0x00000043       0x44 ./Drivers/API/Src/Driver_SHT30.o
 .comment       0x00000043       0x44 ./Drivers/API/Src/Driver_SensorSuelo.o
 .comment       0x00000043       0x44 ./Drivers/API/Src/Infraestructura.o
 .comment       0x00000043       0x44 ./Drivers/STM32F4xx_HAL_Driver/Src/stm32f4xx_hal.o
 .comment       0x00000043       0x44 ./Drivers/STM32F4xx_HAL_Driver/Src/stm32f4xx_hal_adc.o
 .comment       0x00000043       0x44 ./Drivers/STM32F4xx_HAL_Driver/Src/stm32f4xx_hal_cortex.o
 .comment       0x00000043       0x44 ./Drivers/STM32F4xx_HAL_Driver/Src/stm32f4xx_hal_eth.o
 .comment       0x00000043       0x44 ./Drivers/STM32F4xx_HAL_Driver/Src/stm32f4xx_hal_gpio.o
 .comment       0x00000043       0x44 ./Drivers/STM32F4xx_HAL_Driver/Src/stm32f4xx_hal_i2c.o
 .comment       0x00000043       0x44 ./Drivers/STM32F4xx_HAL_Driver/Src/stm32f4xx_hal_i2c_ex.o
 .comment       0x00000043       0x44 ./Drivers/STM32F4xx_HAL_Driver/Src/stm32f4xx_hal_pcd.o
 .comment       0x00000043       0x44 ./Drivers/STM32F4xx_HAL_Driver/Src/stm32f4xx_hal_rcc.o
 .comment       0x00000043       0x44 ./Drivers/STM32F4xx_HAL_Driver/Src/stm32f4xx_hal_uart.o
 .comment       0x00000043       0x44 ./Drivers/STM32F4xx_HAL_Driver/Src/stm32f4xx_ll_usb.o

.debug_frame    0x00000000     0x4b78
 .debug_frame   0x00000000      0x140 ./Core/Src/main.o
 .debug_frame   0x00000140      0x1a0 ./Core/Src/stm32f4xx_hal_msp.o
 .debug_frame   0x000002e0      0x104 ./Core/Src/stm32f4xx_it.o
 .debug_frame   0x000003e4       0x34 ./Core/Src/sysmem.o
 .debug_frame   0x00000418       0x58 ./Core/Src/system_stm32f4xx.o
 .debug_frame   0x00000470       0x80 ./Drivers/API/Src/Driver_Bluetooth.o
 .debug_frame   0x000004f0       0x84 ./Drivers/API/Src/Driver_Delay.o
 .debug_frame   0x00000574       0xa0 ./Drivers/API/Src/Driver_GPIO.o
 .debug_frame   0x00000614      0x10c ./Drivers/API/Src/Driver_LCD.o
 .debug_frame   0x00000720       0x5c ./Drivers/API/Src/Driver_SHT30.o
 .debug_frame   0x0000077c       0x80 ./Drivers/API/Src/Driver_SensorSuelo.o
 .debug_frame   0x000007fc      0x128 ./Drivers/API/Src/Infraestructura.o
 .debug_frame   0x00000924      0x3b4 ./Drivers/STM32F4xx_HAL_Driver/Src/stm32f4xx_hal.o
 .debug_frame   0x00000cd8      0x3fc ./Drivers/STM32F4xx_HAL_Driver/Src/stm32f4xx_hal_adc.o
 .debug_frame   0x000010d4      0x508 ./Drivers/STM32F4xx_HAL_Driver/Src/stm32f4xx_hal_cortex.o
 .debug_frame   0x000015dc      0x8c0 ./Drivers/STM32F4xx_HAL_Driver/Src/stm32f4xx_hal_eth.o
 .debug_frame   0x00001e9c      0x14c ./Drivers/STM32F4xx_HAL_Driver/Src/stm32f4xx_hal_gpio.o
 .debug_frame   0x00001fe8      0xc84 ./Drivers/STM32F4xx_HAL_Driver/Src/stm32f4xx_hal_i2c.o
 .debug_frame   0x00002c6c       0x60 ./Drivers/STM32F4xx_HAL_Driver/Src/stm32f4xx_hal_i2c_ex.o
 .debug_frame   0x00002ccc      0x5b8 ./Drivers/STM32F4xx_HAL_Driver/Src/stm32f4xx_hal_pcd.o
 .debug_frame   0x00003284      0x1f4 ./Drivers/STM32F4xx_HAL_Driver/Src/stm32f4xx_hal_rcc.o
 .debug_frame   0x00003478      0x954 ./Drivers/STM32F4xx_HAL_Driver/Src/stm32f4xx_hal_uart.o
 .debug_frame   0x00003dcc      0x7c0 ./Drivers/STM32F4xx_HAL_Driver/Src/stm32f4xx_ll_usb.o
 .debug_frame   0x0000458c      0x144 C:/ST/STM32CubeIDE_1.19.0/STM32CubeIDE/plugins/com.st.stm32cube.ide.mcu.externaltools.gnu-tools-for-stm32.13.3.rel1.win32_1.0.0.202411081344/tools/bin/../lib/gcc/arm-none-eabi/13.3.1/../../../../arm-none-eabi/lib/thumb/v7e-m+fp/hard\libc_nano.a(libc_a-findfp.o)
 .debug_frame   0x000046d0       0x74 C:/ST/STM32CubeIDE_1.19.0/STM32CubeIDE/plugins/com.st.stm32cube.ide.mcu.externaltools.gnu-tools-for-stm32.13.3.rel1.win32_1.0.0.202411081344/tools/bin/../lib/gcc/arm-none-eabi/13.3.1/../../../../arm-none-eabi/lib/thumb/v7e-m+fp/hard\libc_nano.a(libc_a-sprintf.o)
 .debug_frame   0x00004744       0x20 C:/ST/STM32CubeIDE_1.19.0/STM32CubeIDE/plugins/com.st.stm32cube.ide.mcu.externaltools.gnu-tools-for-stm32.13.3.rel1.win32_1.0.0.202411081344/tools/bin/../lib/gcc/arm-none-eabi/13.3.1/../../../../arm-none-eabi/lib/thumb/v7e-m+fp/hard\libc_nano.a(libc_a-memset.o)
 .debug_frame   0x00004764       0x38 C:/ST/STM32CubeIDE_1.19.0/STM32CubeIDE/plugins/com.st.stm32cube.ide.mcu.externaltools.gnu-tools-for-stm32.13.3.rel1.win32_1.0.0.202411081344/tools/bin/../lib/gcc/arm-none-eabi/13.3.1/../../../../arm-none-eabi/lib/thumb/v7e-m+fp/hard\libc_nano.a(libc_a-reent.o)
 .debug_frame   0x0000479c       0x20 C:/ST/STM32CubeIDE_1.19.0/STM32CubeIDE/plugins/com.st.stm32cube.ide.mcu.externaltools.gnu-tools-for-stm32.13.3.rel1.win32_1.0.0.202411081344/tools/bin/../lib/gcc/arm-none-eabi/13.3.1/../../../../arm-none-eabi/lib/thumb/v7e-m+fp/hard\libc_nano.a(libc_a-errno.o)
 .debug_frame   0x000047bc       0x2c C:/ST/STM32CubeIDE_1.19.0/STM32CubeIDE/plugins/com.st.stm32cube.ide.mcu.externaltools.gnu-tools-for-stm32.13.3.rel1.win32_1.0.0.202411081344/tools/bin/../lib/gcc/arm-none-eabi/13.3.1/../../../../arm-none-eabi/lib/thumb/v7e-m+fp/hard\libc_nano.a(libc_a-init.o)
 .debug_frame   0x000047e8       0xb0 C:/ST/STM32CubeIDE_1.19.0/STM32CubeIDE/plugins/com.st.stm32cube.ide.mcu.externaltools.gnu-tools-for-stm32.13.3.rel1.win32_1.0.0.202411081344/tools/bin/../lib/gcc/arm-none-eabi/13.3.1/../../../../arm-none-eabi/lib/thumb/v7e-m+fp/hard\libc_nano.a(libc_a-lock.o)
 .debug_frame   0x00004898       0x38 C:/ST/STM32CubeIDE_1.19.0/STM32CubeIDE/plugins/com.st.stm32cube.ide.mcu.externaltools.gnu-tools-for-stm32.13.3.rel1.win32_1.0.0.202411081344/tools/bin/../lib/gcc/arm-none-eabi/13.3.1/../../../../arm-none-eabi/lib/thumb/v7e-m+fp/hard\libc_nano.a(libc_a-freer.o)
 .debug_frame   0x000048d0       0x50 C:/ST/STM32CubeIDE_1.19.0/STM32CubeIDE/plugins/com.st.stm32cube.ide.mcu.externaltools.gnu-tools-for-stm32.13.3.rel1.win32_1.0.0.202411081344/tools/bin/../lib/gcc/arm-none-eabi/13.3.1/../../../../arm-none-eabi/lib/thumb/v7e-m+fp/hard\libc_nano.a(libc_a-mallocr.o)
 .debug_frame   0x00004920       0x30 C:/ST/STM32CubeIDE_1.19.0/STM32CubeIDE/plugins/com.st.stm32cube.ide.mcu.externaltools.gnu-tools-for-stm32.13.3.rel1.win32_1.0.0.202411081344/tools/bin/../lib/gcc/arm-none-eabi/13.3.1/../../../../arm-none-eabi/lib/thumb/v7e-m+fp/hard\libc_nano.a(libc_a-mlock.o)
 .debug_frame   0x00004950       0x90 C:/ST/STM32CubeIDE_1.19.0/STM32CubeIDE/plugins/com.st.stm32cube.ide.mcu.externaltools.gnu-tools-for-stm32.13.3.rel1.win32_1.0.0.202411081344/tools/bin/../lib/gcc/arm-none-eabi/13.3.1/../../../../arm-none-eabi/lib/thumb/v7e-m+fp/hard\libc_nano.a(libc_a-nano-svfprintf.o)
 .debug_frame   0x000049e0       0x60 C:/ST/STM32CubeIDE_1.19.0/STM32CubeIDE/plugins/com.st.stm32cube.ide.mcu.externaltools.gnu-tools-for-stm32.13.3.rel1.win32_1.0.0.202411081344/tools/bin/../lib/gcc/arm-none-eabi/13.3.1/../../../../arm-none-eabi/lib/thumb/v7e-m+fp/hard\libc_nano.a(libc_a-nano-vfprintf_i.o)
 .debug_frame   0x00004a40       0x28 C:/ST/STM32CubeIDE_1.19.0/STM32CubeIDE/plugins/com.st.stm32cube.ide.mcu.externaltools.gnu-tools-for-stm32.13.3.rel1.win32_1.0.0.202411081344/tools/bin/../lib/gcc/arm-none-eabi/13.3.1/../../../../arm-none-eabi/lib/thumb/v7e-m+fp/hard\libc_nano.a(libc_a-memmove.o)
 .debug_frame   0x00004a68       0x2c C:/ST/STM32CubeIDE_1.19.0/STM32CubeIDE/plugins/com.st.stm32cube.ide.mcu.externaltools.gnu-tools-for-stm32.13.3.rel1.win32_1.0.0.202411081344/tools/bin/../lib/gcc/arm-none-eabi/13.3.1/../../../../arm-none-eabi/lib/thumb/v7e-m+fp/hard\libc_nano.a(libc_a-sbrkr.o)
 .debug_frame   0x00004a94       0x28 C:/ST/STM32CubeIDE_1.19.0/STM32CubeIDE/plugins/com.st.stm32cube.ide.mcu.externaltools.gnu-tools-for-stm32.13.3.rel1.win32_1.0.0.202411081344/tools/bin/../lib/gcc/arm-none-eabi/13.3.1/../../../../arm-none-eabi/lib/thumb/v7e-m+fp/hard\libc_nano.a(libc_a-memcpy-stub.o)
 .debug_frame   0x00004abc       0x3c C:/ST/STM32CubeIDE_1.19.0/STM32CubeIDE/plugins/com.st.stm32cube.ide.mcu.externaltools.gnu-tools-for-stm32.13.3.rel1.win32_1.0.0.202411081344/tools/bin/../lib/gcc/arm-none-eabi/13.3.1/../../../../arm-none-eabi/lib/thumb/v7e-m+fp/hard\libc_nano.a(libc_a-reallocr.o)
 .debug_frame   0x00004af8       0x20 C:/ST/STM32CubeIDE_1.19.0/STM32CubeIDE/plugins/com.st.stm32cube.ide.mcu.externaltools.gnu-tools-for-stm32.13.3.rel1.win32_1.0.0.202411081344/tools/bin/../lib/gcc/arm-none-eabi/13.3.1/../../../../arm-none-eabi/lib/thumb/v7e-m+fp/hard\libc_nano.a(libc_a-msizer.o)
 .debug_frame   0x00004b18       0x2c C:/ST/STM32CubeIDE_1.19.0/STM32CubeIDE/plugins/com.st.stm32cube.ide.mcu.externaltools.gnu-tools-for-stm32.13.3.rel1.win32_1.0.0.202411081344/tools/bin/../lib/gcc/arm-none-eabi/13.3.1/thumb/v7e-m+fp/hard\libgcc.a(_aeabi_uldivmod.o)
 .debug_frame   0x00004b44       0x34 C:/ST/STM32CubeIDE_1.19.0/STM32CubeIDE/plugins/com.st.stm32cube.ide.mcu.externaltools.gnu-tools-for-stm32.13.3.rel1.win32_1.0.0.202411081344/tools/bin/../lib/gcc/arm-none-eabi/13.3.1/thumb/v7e-m+fp/hard\libgcc.a(_udivmoddi4.o)

.debug_line_str
                0x00000000       0x50
 .debug_line_str
                0x00000000       0x50 ./Core/Startup/startup_stm32f429zitx.o
