../Core/Src/main.c:100:5:main	80	static
../Core/Src/main.c:415:6:SystemClock_Config	88	static
../Core/Src/main.c:461:13:MX_ETH_Init	8	static
../Core/Src/main.c:510:13:MX_USART3_UART_Init	8	static
../Core/Src/main.c:543:13:MX_USB_OTG_FS_PCD_Init	8	static
../Core/Src/main.c:576:6:Secuencia1	24	static
../Core/Src/main.c:591:6:Secuencia2	16	static
../Core/Src/main.c:613:6:Secuencia3	16	static
../Core/Src/main.c:639:6:Secuencia4	16	static
../Core/Src/main.c:672:6:Error_Handler	4	static,ignoring_inline_asm
