../Core/Src/main.c:128:5:main	24	static
../Core/Src/main.c:380:6:SystemClock_Config	88	static
../Core/Src/main.c:426:13:MX_ADC1_Init	24	static
../Core/Src/main.c:478:13:MX_ETH_Init	8	static
../Core/Src/main.c:527:13:MX_I2C1_Init	8	static
../Core/Src/main.c:575:13:MX_UART5_Init	8	static
../Core/Src/main.c:608:13:MX_USART3_UART_Init	8	static
../Core/Src/main.c:641:13:MX_USB_OTG_FS_PCD_Init	8	static
../Core/Src/main.c:676:13:MX_GPIO_Init	56	static
../Core/Src/main.c:747:6:Error_Handler	4	static,ignoring_inline_asm
