../Core/Src/main.c:105:5:main	72	static
../Core/Src/main.c:409:6:SystemClock_Config	88	static
../Core/Src/main.c:455:13:MX_ETH_Init	8	static
../Core/Src/main.c:504:13:MX_USART3_UART_Init	8	static
../Core/Src/main.c:537:13:MX_USB_OTG_FS_PCD_Init	8	static
../Core/Src/main.c:570:6:Secuencia1	24	static
../Core/Src/main.c:585:6:Secuencia2	16	static
../Core/Src/main.c:607:6:Secuencia3	16	static
../Core/Src/main.c:633:6:Secuencia4	16	static
../Core/Src/main.c:666:6:Error_Handler	4	static,ignoring_inline_asm
