../Core/Src/main.c:106:5:main	72	static
../Core/Src/main.c:413:6:SystemClock_Config	88	static
../Core/Src/main.c:459:13:MX_ETH_Init	8	static
../Core/Src/main.c:508:13:MX_USART3_UART_Init	8	static
../Core/Src/main.c:541:13:MX_USB_OTG_FS_PCD_Init	8	static
../Core/Src/main.c:574:6:Secuencia1	24	static
../Core/Src/main.c:589:6:Secuencia2	16	static
../Core/Src/main.c:611:6:Secuencia3	16	static
../Core/Src/main.c:637:6:Secuencia4	16	static
../Core/Src/main.c:670:6:Error_Handler	4	static,ignoring_inline_asm
